--------- beginning of main
02-15 17:23:50.811  6309  6330 D [ACT]:ao: processing priority = HIGH
02-15 17:23:50.811  6309  6330 W System.err: stat failed: ENOENT (No such file or directory) : /data/user/0/com.microsoft.office.excel/files/aria/offlinestoragehigh.db
02-15 17:23:50.821  6193  6207 D [ACT]:ao: processing priority = HIGH
02-15 17:23:50.821  6193  6207 W System.err: stat failed: ENOENT (No such file or directory) : /data/user/0/com.microsoft.office.powerpoint/files/aria/offlinestoragehigh.db
02-15 17:23:50.821  6193  6207 W System.err: stat failed: ENOENT (No such file or directory) : /data/user/0/com.microsoft.office.powerpoint/files/aria/offlinestoragehigh.db
02-15 17:23:50.821  6193  6207 W System.err: stat failed: ENOENT (No such file or directory) : /data/user/0/com.microsoft.office.powerpoint/files/aria/offlinestoragenormal.db
02-15 17:23:50.821  6193  6207 W System.err: stat failed: ENOENT (No such file or directory) : /data/user/0/com.microsoft.office.powerpoint/files/aria/offlinestoragelow.db
02-15 17:23:50.821  6309  6330 W System.err: stat failed: ENOENT (No such file or directory) : /data/user/0/com.microsoft.office.excel/files/aria/offlinestoragehigh.db
02-15 17:23:50.831  6309  6330 W System.err: stat failed: ENOENT (No such file or directory) : /data/user/0/com.microsoft.office.excel/files/aria/offlinestoragenormal.db
02-15 17:23:50.831  6309  6330 W System.err: stat failed: ENOENT (No such file or directory) : /data/user/0/com.microsoft.office.excel/files/aria/offlinestoragelow.db
02-15 17:23:50.851 31179 31210 D [ACT]:ao: processing priority = HIGH
02-15 17:23:50.851 31179 31210 W System.err: stat failed: ENOENT (No such file or directory) : /data/user/0/com.microsoft.office.word/files/aria/offlinestoragehigh.db
02-15 17:23:50.851 31179 31210 W System.err: stat failed: ENOENT (No such file or directory) : /data/user/0/com.microsoft.office.word/files/aria/offlinestoragehigh.db
02-15 17:23:50.851 31179 31210 W System.err: stat failed: ENOENT (No such file or directory) : /data/user/0/com.microsoft.office.word/files/aria/offlinestoragenormal.db
02-15 17:23:50.851 31179 31210 W System.err: stat failed: ENOENT (No such file or directory) : /data/user/0/com.microsoft.office.word/files/aria/offlinestoragelow.db
02-15 17:23:51.471  3452  3937 D InputReader: Input event(4): value=1 when=10736801110000
02-15 17:23:51.471  3452  3937 D InputReader: Input event(4): value=1 when=10736801110000
02-15 17:23:51.471  3452  3937 I InputReader: Touch event's action is 0x0 (deviceType=0) [pCnt=1, s=0.98 ] when=10736801110000
02-15 17:23:51.471  3452  3937 D InputReader: lastThreadEndTime = 10727539876863, currentThreadStartTime = 10727539879572, diff = 0
02-15 17:23:51.471  3452  3936 I InputDispatcher: Delivering touch to (4042): action: 0x4, toolType: 1
02-15 17:23:51.471  3452  3936 I InputDispatcher: Delivering touch to (17913): action: 0x0, toolType: 1
02-15 17:23:51.471 17913 17913 D ViewRootImpl: ViewPostImeInputStage processPointer 0
02-15 17:23:51.651  3452  3937 D InputReader: Input event(4): value=0 when=10736982386000
02-15 17:23:51.651  3452  3937 D InputReader: Input event(4): value=0 when=10736982386000
02-15 17:23:51.651  3452  3937 I InputReader: Touch event's action is 0x1 (deviceType=0) [pCnt=1, s=] when=10736982386000
02-15 17:23:51.651  3452  3936 I InputDispatcher: Delivering touch to (17913): action: 0x1, toolType: 1
02-15 17:23:51.651 17913 17913 D ViewRootImpl: ViewPostImeInputStage processPointer 1
02-15 17:23:51.681 17913 17913 I System.out: X:0.094570965,Y:-0.06703765,Z:9.776723
02-15 17:23:51.681 17913 17958 E         : g2d stretchFimgApi_v5 function does not exist
02-15 17:23:51.681 17913 17958 E         : [JM] stretchFimgApi might be v4.
02-15 17:23:51.791 17913 17913 I System.out: X:0.074220255,Y:-0.049081136,Z:9.792285
02-15 17:23:51.891 17913 17913 I System.out: X:0.095768064,Y:-0.044292733,Z:9.813833
02-15 17:23:51.991 17913 17913 I System.out: X:0.07182605,Y:-0.05267244,Z:9.788693
02-15 17:23:52.091 17913 17913 I System.out: X:0.075417355,Y:-0.038307227,Z:9.827001
02-15 17:23:52.201 17913 17913 I System.out: X:0.10055647,Y:-0.062249243,Z:9.779117
02-15 17:23:52.301 17913 17913 I System.out: X:0.090979666,Y:-0.047884032,Z:9.758766
02-15 17:23:52.401 17913 17913 I System.out: X:0.017956512,Y:-0.23463176,Z:9.583989
02-15 17:23:52.501 17913 17913 I System.out: X:-0.23343466,Y:-0.4249708,Z:9.810242
02-15 17:23:52.581  3452  3964 I WifiScanController: location is disabled
02-15 17:23:52.581  3452  3964 D WifiStateMachine: CMD_START_SCAN : scanLog.mLast - 1487179432589, scanLog.mStartTimeForBigdata - 1487168664715
02-15 17:23:52.581  3452  3964 D WifiStateMachine: CMD_START_SCAN : scanLog.mCountForBigdata - 9
02-15 17:23:52.581  3997  3997 I wpa_supplicant: wlan0: Setting scan request: 0 sec 0 usec
02-15 17:23:52.581  3997  3997 I wpa_supplicant: P2P: Current p2p state = IDLE
02-15 17:23:52.581  3997  3997 I wpa_supplicant: Scan requested (ret=0) - scan timeout 30 seconds
02-15 17:23:52.601 17913 17913 I System.out: X:-0.010773907,Y:-0.027533319,Z:9.700109
02-15 17:23:52.701 17913 17913 I System.out: X:0.2693477,Y:-0.17238252,Z:9.739613
02-15 17:23:52.811 17913 17913 I System.out: X:0.21428105,Y:0.06823475,Z:9.831789
02-15 17:23:52.821  6309  6330 D [ACT]:ao: processing priority = NORMAL
02-15 17:23:52.821  6309  6330 W System.err: stat failed: ENOENT (No such file or directory) : /data/user/0/com.microsoft.office.excel/files/aria/offlinestoragehigh.db
02-15 17:23:52.821  6309  6330 W System.err: stat failed: ENOENT (No such file or directory) : /data/user/0/com.microsoft.office.excel/files/aria/offlinestoragenormal.db
02-15 17:23:52.821  6193  6207 D [ACT]:ao: processing priority = NORMAL
02-15 17:23:52.821  6193  6207 W System.err: stat failed: ENOENT (No such file or directory) : /data/user/0/com.microsoft.office.powerpoint/files/aria/offlinestoragehigh.db
02-15 17:23:52.821  6193  6207 W System.err: stat failed: ENOENT (No such file or directory) : /data/user/0/com.microsoft.office.powerpoint/files/aria/offlinestoragenormal.db
02-15 17:23:52.821  6193  6207 W System.err: stat failed: ENOENT (No such file or directory) : /data/user/0/com.microsoft.office.powerpoint/files/aria/offlinestoragehigh.db
02-15 17:23:52.821  6193  6207 W System.err: stat failed: ENOENT (No such file or directory) : /data/user/0/com.microsoft.office.powerpoint/files/aria/offlinestoragenormal.db
02-15 17:23:52.821  6193  6207 W System.err: stat failed: ENOENT (No such file or directory) : /data/user/0/com.microsoft.office.powerpoint/files/aria/offlinestoragelow.db
02-15 17:23:52.821  6309  6330 W System.err: stat failed: ENOENT (No such file or directory) : /data/user/0/com.microsoft.office.excel/files/aria/offlinestoragehigh.db
02-15 17:23:52.821  6309  6330 W System.err: stat failed: ENOENT (No such file or directory) : /data/user/0/com.microsoft.office.excel/files/aria/offlinestoragenormal.db
02-15 17:23:52.821  6309  6330 W System.err: stat failed: ENOENT (No such file or directory) : /data/user/0/com.microsoft.office.excel/files/aria/offlinestoragelow.db
02-15 17:23:52.851 31179 31210 D [ACT]:ao: processing priority = NORMAL
02-15 17:23:52.851 31179 31210 W System.err: stat failed: ENOENT (No such file or directory) : /data/user/0/com.microsoft.office.word/files/aria/offlinestoragehigh.db
02-15 17:23:52.851 31179 31210 W System.err: stat failed: ENOENT (No such file or directory) : /data/user/0/com.microsoft.office.word/files/aria/offlinestoragenormal.db
02-15 17:23:52.851 31179 31210 W System.err: stat failed: ENOENT (No such file or directory) : /data/user/0/com.microsoft.office.word/files/aria/offlinestoragehigh.db
02-15 17:23:52.851 31179 31210 W System.err: stat failed: ENOENT (No such file or directory) : /data/user/0/com.microsoft.office.word/files/aria/offlinestoragenormal.db
02-15 17:23:52.851 31179 31210 W System.err: stat failed: ENOENT (No such file or directory) : /data/user/0/com.microsoft.office.word/files/aria/offlinestoragelow.db
02-15 17:23:52.911 17913 17913 I System.out: X:-0.038307227,Y:0.019153614,Z:9.746795
02-15 17:23:53.011 17913 17913 I System.out: X:0.11971009,Y:-0.044292733,Z:9.722853
02-15 17:23:53.121 17913 17913 I System.out: X:0.12090719,Y:-0.051475335,Z:9.7803135
02-15 17:23:53.221 17913 17913 I System.out: X:0.047884032,Y:0.017956512,Z:9.8198185
02-15 17:23:53.331 17913 17913 I System.out: X:0.11611878,Y:-0.015562311,Z:9.774328
02-15 17:23:53.371  3054  3703 D Netd    : Iface wlan0 link up
02-15 17:23:53.371  3452  3553 D Tethering: interfaceLinkStateChanged wlan0, true
02-15 17:23:53.371  3452  3553 D Tethering: interfaceStatusChanged wlan0, true
02-15 17:23:53.371  3997  3997 I wpa_supplicant: nl80211: Received scan results (4 BSSes)
02-15 17:23:53.381  3452  3964 D WifiStateMachine: HSNwk: 'NetworkInfo{mSSID='Imperial-WPA', mHESSID=0, mBSSID=5897bd02ea80, mStationCount=2, mChannelUtilization=47, mCapacity=23437, mAnt=Private, mInternet=true, mVenueGroup=null, mVenueType=null, mHSRelease=null, mAnqpDomainID=0, mAnqpOICount=0, mRoamingConsortiums=null}
02-15 17:23:53.391  3452  3964 D WifiStateMachine: HSNwk: 'NetworkInfo{mSSID='Imperial-WPA', mHESSID=0, mBSSID=188b9df8f1a0, mStationCount=0, mChannelUtilization=26, mCapacity=23437, mAnt=Private, mInternet=true, mVenueGroup=null, mVenueType=null, mHSRelease=null, mAnqpDomainID=0, mAnqpOICount=0, mRoamingConsortiums=null}
02-15 17:23:53.431 17913 17913 I System.out: X:0.12330139,Y:-0.08020575,Z:9.776723
02-15 17:23:53.531 17913 17913 I System.out: X:0.059855044,Y:-0.037110128,Z:9.743204
02-15 17:23:53.631 17913 17913 I System.out: X:0.031124622,Y:-0.038307227,Z:9.755175
02-15 17:23:53.741 17913 17913 I System.out: X:0.049081136,Y:-0.04070143,Z:9.800665
02-15 17:23:53.841 17913 17913 I System.out: X:0.037110128,Y:-0.025139118,Z:9.762358
02-15 17:23:53.951 17913 17913 I System.out: X:0.047884032,Y:-0.025139118,Z:9.783905
02-15 17:23:54.051 17913 17913 I System.out: X:0.07062895,Y:-0.019153614,Z:9.8437605
02-15 17:23:54.151 17913 17913 I System.out: X:0.049081136,Y:-0.033518825,Z:9.794679
02-15 17:23:54.251 17913 17913 I System.out: X:0.049081136,Y:-0.034715924,Z:9.791088
02-15 17:23:54.351 17913 17913 I System.out: X:0.045489833,Y:-0.04070143,Z:9.746795
02-15 17:23:54.451 17913 17913 I System.out: X:0.016759412,Y:-0.016759412,Z:9.76954
02-15 17:23:54.551 17913 17913 I System.out: X:0.06344634,Y:-0.04189853,Z:9.81503
02-15 17:23:54.661 17913 17913 I System.out: X:0.051475335,Y:-0.015562311,Z:9.807847
02-15 17:23:54.761 17913 17913 I System.out: X:0.046686932,Y:-0.05267244,Z:9.81503
02-15 17:23:54.811  6309  6330 D [ACT]:ao: processing priority = HIGH
02-15 17:23:54.811  6309  6330 W System.err: stat failed: ENOENT (No such file or directory) : /data/user/0/com.microsoft.office.excel/files/aria/offlinestoragehigh.db
02-15 17:23:54.811  6309  6330 W System.err: stat failed: ENOENT (No such file or directory) : /data/user/0/com.microsoft.office.excel/files/aria/offlinestoragehigh.db
02-15 17:23:54.811  6309  6330 W System.err: stat failed: ENOENT (No such file or directory) : /data/user/0/com.microsoft.office.excel/files/aria/offlinestoragenormal.db
02-15 17:23:54.811  6309  6330 W System.err: stat failed: ENOENT (No such file or directory) : /data/user/0/com.microsoft.office.excel/files/aria/offlinestoragelow.db
02-15 17:23:54.821  6193  6207 D [ACT]:ao: processing priority = HIGH
02-15 17:23:54.821  6193  6207 W System.err: stat failed: ENOENT (No such file or directory) : /data/user/0/com.microsoft.office.powerpoint/files/aria/offlinestoragehigh.db
02-15 17:23:54.821  6193  6207 W System.err: stat failed: ENOENT (No such file or directory) : /data/user/0/com.microsoft.office.powerpoint/files/aria/offlinestoragehigh.db
02-15 17:23:54.821  6193  6207 W System.err: stat failed: ENOENT (No such file or directory) : /data/user/0/com.microsoft.office.powerpoint/files/aria/offlinestoragenormal.db
02-15 17:23:54.821  6193  6207 W System.err: stat failed: ENOENT (No such file or directory) : /data/user/0/com.microsoft.office.powerpoint/files/aria/offlinestoragelow.db
02-15 17:23:54.851 31179 31210 D [ACT]:ao: processing priority = HIGH
02-15 17:23:54.851 31179 31210 W System.err: stat failed: ENOENT (No such file or directory) : /data/user/0/com.microsoft.office.word/files/aria/offlinestoragehigh.db
02-15 17:23:54.851 31179 31210 W System.err: stat failed: ENOENT (No such file or directory) : /data/user/0/com.microsoft.office.word/files/aria/offlinestoragehigh.db
02-15 17:23:54.851 31179 31210 W System.err: stat failed: ENOENT (No such file or directory) : /data/user/0/com.microsoft.office.word/files/aria/offlinestoragenormal.db
02-15 17:23:54.851 31179 31210 W System.err: stat failed: ENOENT (No such file or directory) : /data/user/0/com.microsoft.office.word/files/aria/offlinestoragelow.db
02-15 17:23:54.861 17913 17913 I System.out: X:0.031124622,Y:-0.01316811,Z:9.7863
02-15 17:23:54.971 17913 17913 I System.out: X:0.05626374,Y:-0.0047884034,Z:9.792285
02-15 17:23:55.071  4042  4042 D KeyguardUpdateMonitor: received broadcast android.intent.action.BATTERY_CHANGED
02-15 17:23:55.071  4042  4042 D KeyguardUpdateMonitor: handleBatteryUpdate
02-15 17:23:55.081 17913 17913 I System.out: X:0.046686932,Y:-0.031124622,Z:9.797073
02-15 17:23:55.171 17913 17913 I System.out: X:0.046686932,Y:-0.035913024,Z:9.7719345
02-15 17:23:55.271 17913 17913 I System.out: X:0.06943185,Y:-0.04070143,Z:9.80665
02-15 17:23:55.371 17913 17913 I System.out: X:0.022744916,Y:-0.023942016,Z:9.757569
02-15 17:23:55.441  3452  3610 D PackageManager: [MSG] WRITE_PACKAGE_RESTRICTIONS
02-15 17:23:55.461  3452  3610 W System.err: remove failed: ENOENT (No such file or directory) : /data/system/users/0/package-restrictions.xml.bak
02-15 17:23:55.471 17913 17913 I System.out: X:0.046686932,Y:-0.033518825,Z:9.773131
02-15 17:23:55.571  3452  3937 D InputReader: Input event(4): value=1 when=10740901628000
02-15 17:23:55.571  3452  3937 D InputReader: Input event(4): value=1 when=10740901628000
02-15 17:23:55.571  3452  3937 I InputReader: Touch event's action is 0x0 (deviceType=0) [pCnt=1, s=0.99 ] when=10740901628000
02-15 17:23:55.571  3452  3937 D InputReader: lastThreadEndTime = 10736982773243, currentThreadStartTime = 10736982776993, diff = 0
02-15 17:23:55.571  3452  3936 I InputDispatcher: Delivering touch to (4042): action: 0x4, toolType: 1
02-15 17:23:55.571  3452  3936 I InputDispatcher: Delivering touch to (17913): action: 0x0, toolType: 1
02-15 17:23:55.571 17913 17913 D ViewRootImpl: ViewPostImeInputStage processPointer 0
02-15 17:23:55.581 17913 17913 I System.out: X:0.02873042,Y:0.0023942017,Z:9.757569
02-15 17:23:55.681 17913 17913 I System.out: X:0.075417355,Y:-0.046686932,Z:9.803059
02-15 17:23:55.781 17913 17913 I System.out: X:0.061052144,Y:-0.016759412,Z:9.787497
02-15 17:23:55.821  3452  3937 D InputReader: Input event(4): value=0 when=10741150997000
02-15 17:23:55.821  3452  3937 D InputReader: Input event(4): value=0 when=10741150997000
02-15 17:23:55.821  3452  3937 I InputReader: Touch event's action is 0x1 (deviceType=0) [pCnt=1, s=] when=10741150997000
02-15 17:23:55.821  3452  3936 I InputDispatcher: Delivering touch to (17913): action: 0x1, toolType: 1
02-15 17:23:55.821 17913 17913 D ViewRootImpl: ViewPostImeInputStage processPointer 1
02-15 17:23:55.891 17913 17913 I System.out: X:0.06943185,Y:-0.03232172,Z:9.773131
02-15 17:23:55.991 17913 17913 I System.out: X:0.08499416,Y:-0.021547815,Z:9.81503
02-15 17:23:56.101 17913 17913 I System.out: X:0.092176765,Y:-0.020350715,Z:9.765948
02-15 17:23:56.201 17913 17913 I System.out: X:0.09816227,Y:-0.045489833,Z:9.800665
02-15 17:23:56.301 17913 17913 I System.out: X:0.092176765,Y:-0.02633622,Z:9.793482
02-15 17:23:56.401 17913 17913 I System.out: X:0.09696517,Y:-0.04070143,Z:9.792285
02-15 17:23:56.421  3452  3937 D InputReader: Input event(4): value=1 when=10741757888000
02-15 17:23:56.421  3452  3937 D InputReader: Input event(4): value=1 when=10741757888000
02-15 17:23:56.421  3452  3937 I InputReader: Touch event's action is 0x0 (deviceType=0) [pCnt=1, s=0.100 ] when=10741757888000
02-15 17:23:56.421  3452  3937 D InputReader: lastThreadEndTime = 10741151418162, currentThreadStartTime = 10741151423287, diff = 0
02-15 17:23:56.421  3452  3936 I InputDispatcher: Delivering touch to (4042): action: 0x4, toolType: 1
02-15 17:23:56.421  3452  3936 I InputDispatcher: Delivering touch to (17913): action: 0x0, toolType: 1
02-15 17:23:56.431 17913 17913 D ViewRootImpl: ViewPostImeInputStage processPointer 0
02-15 17:23:56.511 17913 17913 I System.out: X:0.108936176,Y:-0.04070143,Z:9.768343
02-15 17:23:56.611 17913 17913 I System.out: X:0.11133038,Y:-0.04189853,Z:9.799467
02-15 17:23:56.701  3452  3937 D InputReader: Input event(4): value=0 when=10742030493000
02-15 17:23:56.701  3452  3937 D InputReader: Input event(4): value=0 when=10742030493000
02-15 17:23:56.701  3452  3937 I InputReader: Touch event's action is 0x1 (deviceType=0) [pCnt=1, s=] when=10742030493000
02-15 17:23:56.701  3452  3936 I InputDispatcher: Delivering touch to (17913): action: 0x1, toolType: 1
02-15 17:23:56.701 17913 17913 D ViewRootImpl: ViewPostImeInputStage processPointer 1
02-15 17:23:56.711 17913 17913 I System.out: X:0.076614454,Y:-0.029927522,Z:9.779117
02-15 17:23:56.811 17913 17913 I System.out: X:0.08379706,Y:-0.019153614,Z:9.7719345
02-15 17:23:56.811  6309  6330 D [ACT]:ao: processing priority = LOW
02-15 17:23:56.811  6309  6330 W System.err: stat failed: ENOENT (No such file or directory) : /data/user/0/com.microsoft.office.excel/files/aria/offlinestoragehigh.db
02-15 17:23:56.811  6309  6330 W System.err: stat failed: ENOENT (No such file or directory) : /data/user/0/com.microsoft.office.excel/files/aria/offlinestoragenormal.db
02-15 17:23:56.811  6309  6330 W System.err: stat failed: ENOENT (No such file or directory) : /data/user/0/com.microsoft.office.excel/files/aria/offlinestoragelow.db
02-15 17:23:56.811  6309  6330 W System.err: stat failed: ENOENT (No such file or directory) : /data/user/0/com.microsoft.office.excel/files/aria/offlinestoragehigh.db
02-15 17:23:56.811  6309  6330 W System.err: stat failed: ENOENT (No such file or directory) : /data/user/0/com.microsoft.office.excel/files/aria/offlinestoragenormal.db
02-15 17:23:56.811  6309  6330 W System.err: stat failed: ENOENT (No such file or directory) : /data/user/0/com.microsoft.office.excel/files/aria/offlinestoragelow.db
02-15 17:23:56.821  6193  6207 D [ACT]:ao: processing priority = LOW
02-15 17:23:56.821  6193  6207 W System.err: stat failed: ENOENT (No such file or directory) : /data/user/0/com.microsoft.office.powerpoint/files/aria/offlinestoragehigh.db
02-15 17:23:56.821  6193  6207 W System.err: stat failed: ENOENT (No such file or directory) : /data/user/0/com.microsoft.office.powerpoint/files/aria/offlinestoragenormal.db
02-15 17:23:56.821  6193  6207 W System.err: stat failed: ENOENT (No such file or directory) : /data/user/0/com.microsoft.office.powerpoint/files/aria/offlinestoragelow.db
02-15 17:23:56.821  6193  6207 W System.err: stat failed: ENOENT (No such file or directory) : /data/user/0/com.microsoft.office.powerpoint/files/aria/offlinestoragehigh.db
02-15 17:23:56.821  6193  6207 W System.err: stat failed: ENOENT (No such file or directory) : /data/user/0/com.microsoft.office.powerpoint/files/aria/offlinestoragenormal.db
02-15 17:23:56.821  6193  6207 W System.err: stat failed: ENOENT (No such file or directory) : /data/user/0/com.microsoft.office.powerpoint/files/aria/offlinestoragelow.db
02-15 17:23:56.851 31179 31210 D [ACT]:ao: processing priority = LOW
02-15 17:23:56.851 31179 31210 W System.err: stat failed: ENOENT (No such file or directory) : /data/user/0/com.microsoft.office.word/files/aria/offlinestoragehigh.db
02-15 17:23:56.851 31179 31210 W System.err: stat failed: ENOENT (No such file or directory) : /data/user/0/com.microsoft.office.word/files/aria/offlinestoragenormal.db
02-15 17:23:56.851 31179 31210 W System.err: stat failed: ENOENT (No such file or directory) : /data/user/0/com.microsoft.office.word/files/aria/offlinestoragelow.db
02-15 17:23:56.851 31179 31210 W System.err: stat failed: ENOENT (No such file or directory) : /data/user/0/com.microsoft.office.word/files/aria/offlinestoragehigh.db
02-15 17:23:56.851 31179 31210 W System.err: stat failed: ENOENT (No such file or directory) : /data/user/0/com.microsoft.office.word/files/aria/offlinestoragenormal.db
02-15 17:23:56.851 31179 31210 W System.err: stat failed: ENOENT (No such file or directory) : /data/user/0/com.microsoft.office.word/files/aria/offlinestoragelow.db
02-15 17:23:56.911 17913 17913 I System.out: X:0.06943185,Y:-0.044292733,Z:9.763555
02-15 17:23:56.961  3452  3937 D InputReader: Input event(4): value=1 when=10742292602000
02-15 17:23:56.961  3452  3937 D InputReader: Input event(4): value=1 when=10742292602000
02-15 17:23:56.961  3452  3937 I InputReader: Touch event's action is 0x0 (deviceType=0) [pCnt=1, s=0.101 ] when=10742292602000
02-15 17:23:56.961  3452  3937 D InputReader: lastThreadEndTime = 10742030854162, currentThreadStartTime = 10742030860329, diff = 0
02-15 17:23:56.961  3452  3936 I InputDispatcher: Delivering touch to (4042): action: 0x4, toolType: 1
02-15 17:23:56.961  3452  3936 I InputDispatcher: Delivering touch to (17913): action: 0x0, toolType: 1
02-15 17:23:56.961 17913 17913 D ViewRootImpl: ViewPostImeInputStage processPointer 0
02-15 17:23:57.011 17913 17913 I System.out: X:0.11971009,Y:-0.016759412,Z:9.817424
02-15 17:23:57.121 17913 17913 I System.out: X:0.077811554,Y:-0.044292733,Z:9.792285
02-15 17:23:57.201  3452  3937 D InputReader: Input event(4): value=0 when=10742531042000
02-15 17:23:57.201  3452  3937 D InputReader: Input event(4): value=0 when=10742531042000
02-15 17:23:57.201  3452  3937 I InputReader: Touch event's action is 0x1 (deviceType=0) [pCnt=1, s=] when=10742531042000
02-15 17:23:57.201  3452  3936 I InputDispatcher: Delivering touch to (17913): action: 0x1, toolType: 1
02-15 17:23:57.201 17913 17913 D ViewRootImpl: ViewPostImeInputStage processPointer 1
02-15 17:23:57.201 17913 17913 I System.out: File saved successfully in /data/user/0/com.example.lew.indoornavigation/files
02-15 17:23:58.811  6309  6330 D [ACT]:ao: processing priority = HIGH
02-15 17:23:58.811  6309  6330 W System.err: stat failed: ENOENT (No such file or directory) : /data/user/0/com.microsoft.office.excel/files/aria/offlinestoragehigh.db
02-15 17:23:58.811  6309  6330 W System.err: stat failed: ENOENT (No such file or directory) : /data/user/0/com.microsoft.office.excel/files/aria/offlinestoragehigh.db
02-15 17:23:58.821  6193  6207 D [ACT]:ao: processing priority = HIGH
02-15 17:23:58.821  6193  6207 W System.err: stat failed: ENOENT (No such file or directory) : /data/user/0/com.microsoft.office.powerpoint/files/aria/offlinestoragehigh.db
02-15 17:23:58.821  6193  6207 W System.err: stat failed: ENOENT (No such file or directory) : /data/user/0/com.microsoft.office.powerpoint/files/aria/offlinestoragehigh.db
02-15 17:23:58.821  6193  6207 W System.err: stat failed: ENOENT (No such file or directory) : /data/user/0/com.microsoft.office.powerpoint/files/aria/offlinestoragenormal.db
02-15 17:23:58.821  6193  6207 W System.err: stat failed: ENOENT (No such file or directory) : /data/user/0/com.microsoft.office.powerpoint/files/aria/offlinestoragelow.db
02-15 17:23:58.821  6309  6330 W System.err: stat failed: ENOENT (No such file or directory) : /data/user/0/com.microsoft.office.excel/files/aria/offlinestoragenormal.db
02-15 17:23:58.821  6309  6330 W System.err: stat failed: ENOENT (No such file or directory) : /data/user/0/com.microsoft.office.excel/files/aria/offlinestoragelow.db
02-15 17:23:58.851 31179 31210 D [ACT]:ao: processing priority = HIGH
02-15 17:23:58.851 31179 31210 W System.err: stat failed: ENOENT (No such file or directory) : /data/user/0/com.microsoft.office.word/files/aria/offlinestoragehigh.db
02-15 17:23:58.851 31179 31210 W System.err: stat failed: ENOENT (No such file or directory) : /data/user/0/com.microsoft.office.word/files/aria/offlinestoragehigh.db
02-15 17:23:58.851 31179 31210 W System.err: stat failed: ENOENT (No such file or directory) : /data/user/0/com.microsoft.office.word/files/aria/offlinestoragenormal.db
02-15 17:23:58.851 31179 31210 W System.err: stat failed: ENOENT (No such file or directory) : /data/user/0/com.microsoft.office.word/files/aria/offlinestoragelow.db
02-15 17:23:59.991  4042  4042 D KeyguardUpdateMonitor: received broadcast android.intent.action.TIME_TICK
02-15 17:23:59.991  4042  4042 D KeyguardUpdateMonitor: handleTimeUpdate
02-15 17:24:00.011  4042  4042 D Clock   : received broadcast android.intent.action.TIME_TICK
02-15 17:24:00.071  4042  4042 D DateView: received broadcast android.intent.action.TIME_TICK
02-15 17:24:00.161 32627 32627 D [WeatherWidget(1236)]  WeatherService: {[EC3334F14841398C8B464A72D0E61AB7C564889C89112557F2146D56794659083956C77974A4825103AB5C5D4AC85EDAA24236388AC138058106446B92A35777]}
02-15 17:24:00.161 32627 32627 D [WeatherWidget(1236)]  : {[3AE6950019B083611567B0F9442DB03EEFA9050249635C043F7E254E316C2550]}
02-15 17:24:00.171 32627 32627 D [WeatherWidget(1236)]  : {[3AE6950019B083611567B0F9442DB03EAB01DC5C99149A39F887E17599325AFBFF089086AA9902184ADA25758C536FE2]}
02-15 17:24:00.171 32627 32627 D [WeatherWidget(1236)]  : {[3AE6950019B083611567B0F9442DB03EFF0B905BDFF72B69FB632A6CB072B41F95D2E6F4F84443284E97F40042D431D8350388453A923ABD8469D82798FA7548]}
02-15 17:24:00.171 32627 32627 D [WeatherWidget(1236)]  : {[A1AF0F6A1A65A89C43D705938923D0FEFB71880C4E84718DA0A3E1F383E54FB27A4284D9BEDF7BAA2ABFFE671EB65C64B3B1AC6629123D898C572B2922AE7D378E56BD81F4A86AEEBFF8CFFC76FA6991B416BC726C9655CB81666CB8E73B2E96D2C9686583E9CA69BA45118C4A51E302]}
02-15 17:24:00.171 32627 32627 D [WeatherWidget(1236)]  : {[15C09394A4E9AFE55A5C62F22AB3FC5902EB2A2150B6646A86F2B3102D669614]}
02-15 17:24:00.811  6309  6330 D [ACT]:ao: processing priority = NORMAL
02-15 17:24:00.811  6309  6330 W System.err: stat failed: ENOENT (No such file or directory) : /data/user/0/com.microsoft.office.excel/files/aria/offlinestoragehigh.db
02-15 17:24:00.811  6309  6330 W System.err: stat failed: ENOENT (No such file or directory) : /data/user/0/com.microsoft.office.excel/files/aria/offlinestoragenormal.db
02-15 17:24:00.811  6309  6330 W System.err: stat failed: ENOENT (No such file or directory) : /data/user/0/com.microsoft.office.excel/files/aria/offlinestoragehigh.db
02-15 17:24:00.811  6309  6330 W System.err: stat failed: ENOENT (No such file or directory) : /data/user/0/com.microsoft.office.excel/files/aria/offlinestoragenormal.db
02-15 17:24:00.811  6309  6330 W System.err: stat failed: ENOENT (No such file or directory) : /data/user/0/com.microsoft.office.excel/files/aria/offlinestoragelow.db
02-15 17:24:00.821  6193  6207 D [ACT]:ao: processing priority = NORMAL
02-15 17:24:00.821  6193  6207 W System.err: stat failed: ENOENT (No such file or directory) : /data/user/0/com.microsoft.office.powerpoint/files/aria/offlinestoragehigh.db
02-15 17:24:00.821  6193  6207 W System.err: stat failed: ENOENT (No such file or directory) : /data/user/0/com.microsoft.office.powerpoint/files/aria/offlinestoragenormal.db
02-15 17:24:00.821  6193  6207 W System.err: stat failed: ENOENT (No such file or directory) : /data/user/0/com.microsoft.office.powerpoint/files/aria/offlinestoragehigh.db
02-15 17:24:00.821  6193  6207 W System.err: stat failed: ENOENT (No such file or directory) : /data/user/0/com.microsoft.office.powerpoint/files/aria/offlinestoragenormal.db
02-15 17:24:00.821  6193  6207 W System.err: stat failed: ENOENT (No such file or directory) : /data/user/0/com.microsoft.office.powerpoint/files/aria/offlinestoragelow.db
02-15 17:24:00.851 31179 31210 D [ACT]:ao: processing priority = NORMAL
02-15 17:24:00.851 31179 31210 W System.err: stat failed: ENOENT (No such file or directory) : /data/user/0/com.microsoft.office.word/files/aria/offlinestoragehigh.db
02-15 17:24:00.851 31179 31210 W System.err: stat failed: ENOENT (No such file or directory) : /data/user/0/com.microsoft.office.word/files/aria/offlinestoragenormal.db
02-15 17:24:00.851 31179 31210 W System.err: stat failed: ENOENT (No such file or directory) : /data/user/0/com.microsoft.office.word/files/aria/offlinestoragehigh.db
02-15 17:24:00.851 31179 31210 W System.err: stat failed: ENOENT (No such file or directory) : /data/user/0/com.microsoft.office.word/files/aria/offlinestoragenormal.db
02-15 17:24:00.851 31179 31210 W System.err: stat failed: ENOENT (No such file or directory) : /data/user/0/com.microsoft.office.word/files/aria/offlinestoragelow.db
02-15 17:24:01.671 19166 19180 I PlayCommon: [1860] com.google.android.play.a.g.e(909): Preparing logs for uploading
02-15 17:24:01.771 19166 19180 I PlayCommon: [1860] com.google.android.play.a.g.a(1049): Connecting to server: https://play.googleapis.com/play/log?format=raw&proto_v2=true
02-15 17:24:01.771 19166 19180 I System.out: (HTTPLog)-Static: isSBSettingEnabled false
02-15 17:24:01.771 19166 19180 I System.out: (HTTPLog)-Static: isSBSettingEnabled false
02-15 17:24:01.771  3054  3706 D EnterpriseController: netId is 0
02-15 17:24:01.771  3054  3706 D Netd    : getNetworkForDns: using netid 502 for uid 10022
02-15 17:24:01.991 19166 19180 I PlayCommon: [1860] com.google.android.play.a.g.a(1127): Successfully uploaded logs.
02-15 17:24:02.811  6309  6330 D [ACT]:ao: processing priority = HIGH
02-15 17:24:02.811  6309  6330 W System.err: stat failed: ENOENT (No such file or directory) : /data/user/0/com.microsoft.office.excel/files/aria/offlinestoragehigh.db
02-15 17:24:02.811  6309  6330 W System.err: stat failed: ENOENT (No such file or directory) : /data/user/0/com.microsoft.office.excel/files/aria/offlinestoragehigh.db
02-15 17:24:02.811  6309  6330 W System.err: stat failed: ENOENT (No such file or directory) : /data/user/0/com.microsoft.office.excel/files/aria/offlinestoragenormal.db
02-15 17:24:02.811  6309  6330 W System.err: stat failed: ENOENT (No such file or directory) : /data/user/0/com.microsoft.office.excel/files/aria/offlinestoragelow.db
02-15 17:24:02.821  6193  6207 D [ACT]:ao: processing priority = HIGH
02-15 17:24:02.821  6193  6207 W System.err: stat failed: ENOENT (No such file or directory) : /data/user/0/com.microsoft.office.powerpoint/files/aria/offlinestoragehigh.db
02-15 17:24:02.821  6193  6207 W System.err: stat failed: ENOENT (No such file or directory) : /data/user/0/com.microsoft.office.powerpoint/files/aria/offlinestoragehigh.db
02-15 17:24:02.821  6193  6207 W System.err: stat failed: ENOENT (No such file or directory) : /data/user/0/com.microsoft.office.powerpoint/files/aria/offlinestoragenormal.db
02-15 17:24:02.821  6193  6207 W System.err: stat failed: ENOENT (No such file or directory) : /data/user/0/com.microsoft.office.powerpoint/files/aria/offlinestoragelow.db
02-15 17:24:02.851 31179 31210 D [ACT]:ao: processing priority = HIGH
02-15 17:24:02.851 31179 31210 W System.err: stat failed: ENOENT (No such file or directory) : /data/user/0/com.microsoft.office.word/files/aria/offlinestoragehigh.db
02-15 17:24:02.851 31179 31210 W System.err: stat failed: ENOENT (No such file or directory) : /data/user/0/com.microsoft.office.word/files/aria/offlinestoragehigh.db
02-15 17:24:02.851 31179 31210 W System.err: stat failed: ENOENT (No such file or directory) : /data/user/0/com.microsoft.office.word/files/aria/offlinestoragenormal.db
02-15 17:24:02.851 31179 31210 W System.err: stat failed: ENOENT (No such file or directory) : /data/user/0/com.microsoft.office.word/files/aria/offlinestoragelow.db
02-15 17:24:04.811  6309  6330 D [ACT]:ao: processing priority = NORMAL
02-15 17:24:04.821  6193  6207 D [ACT]:ao: processing priority = NORMAL
02-15 17:24:04.821  6193  6207 W System.err: stat failed: ENOENT (No such file or directory) : /data/user/0/com.microsoft.office.powerpoint/files/aria/offlinestoragehigh.db
02-15 17:24:04.821  6309  6330 W System.err: stat failed: ENOENT (No such file or directory) : /data/user/0/com.microsoft.office.excel/files/aria/offlinestoragehigh.db
02-15 17:24:04.821  6309  6330 W System.err: stat failed: ENOENT (No such file or directory) : /data/user/0/com.microsoft.office.excel/files/aria/offlinestoragenormal.db
02-15 17:24:04.821  6193  6207 W System.err: stat failed: ENOENT (No such file or directory) : /data/user/0/com.microsoft.office.powerpoint/files/aria/offlinestoragenormal.db
02-15 17:24:04.821  6309  6330 W System.err: stat failed: ENOENT (No such file or directory) : /data/user/0/com.microsoft.office.excel/files/aria/offlinestoragehigh.db
02-15 17:24:04.821  6193  6207 W System.err: stat failed: ENOENT (No such file or directory) : /data/user/0/com.microsoft.office.powerpoint/files/aria/offlinestoragehigh.db
02-15 17:24:04.821  6193  6207 W System.err: stat failed: ENOENT (No such file or directory) : /data/user/0/com.microsoft.office.powerpoint/files/aria/offlinestoragenormal.db
02-15 17:24:04.821  6193  6207 W System.err: stat failed: ENOENT (No such file or directory) : /data/user/0/com.microsoft.office.powerpoint/files/aria/offlinestoragelow.db
02-15 17:24:04.821  6309  6330 W System.err: stat failed: ENOENT (No such file or directory) : /data/user/0/com.microsoft.office.excel/files/aria/offlinestoragenormal.db
02-15 17:24:04.821  6309  6330 W System.err: stat failed: ENOENT (No such file or directory) : /data/user/0/com.microsoft.office.excel/files/aria/offlinestoragelow.db
02-15 17:24:04.851 31179 31210 D [ACT]:ao: processing priority = NORMAL
02-15 17:24:04.851 31179 31210 W System.err: stat failed: ENOENT (No such file or directory) : /data/user/0/com.microsoft.office.word/files/aria/offlinestoragehigh.db
02-15 17:24:04.851 31179 31210 W System.err: stat failed: ENOENT (No such file or directory) : /data/user/0/com.microsoft.office.word/files/aria/offlinestoragenormal.db
02-15 17:24:04.851 31179 31210 W System.err: stat failed: ENOENT (No such file or directory) : /data/user/0/com.microsoft.office.word/files/aria/offlinestoragehigh.db
02-15 17:24:04.851 31179 31210 W System.err: stat failed: ENOENT (No such file or directory) : /data/user/0/com.microsoft.office.word/files/aria/offlinestoragenormal.db
02-15 17:24:04.851 31179 31210 W System.err: stat failed: ENOENT (No such file or directory) : /data/user/0/com.microsoft.office.word/files/aria/offlinestoragelow.db
02-15 17:24:05.111  4042  4042 D KeyguardUpdateMonitor: received broadcast android.intent.action.BATTERY_CHANGED
02-15 17:24:05.111  4042  4042 D KeyguardUpdateMonitor: handleBatteryUpdate
02-15 17:24:06.811  6309  6330 D [ACT]:ao: processing priority = HIGH
02-15 17:24:06.811  6309  6330 W System.err: stat failed: ENOENT (No such file or directory) : /data/user/0/com.microsoft.office.excel/files/aria/offlinestoragehigh.db
02-15 17:24:06.811  6309  6330 W System.err: stat failed: ENOENT (No such file or directory) : /data/user/0/com.microsoft.office.excel/files/aria/offlinestoragehigh.db
02-15 17:24:06.811  6309  6330 W System.err: stat failed: ENOENT (No such file or directory) : /data/user/0/com.microsoft.office.excel/files/aria/offlinestoragenormal.db
02-15 17:24:06.811  6309  6330 W System.err: stat failed: ENOENT (No such file or directory) : /data/user/0/com.microsoft.office.excel/files/aria/offlinestoragelow.db
02-15 17:24:06.821  6193  6207 D [ACT]:ao: processing priority = HIGH
02-15 17:24:06.821  6193  6207 W System.err: stat failed: ENOENT (No such file or directory) : /data/user/0/com.microsoft.office.powerpoint/files/aria/offlinestoragehigh.db
02-15 17:24:06.821  6193  6207 W System.err: stat failed: ENOENT (No such file or directory) : /data/user/0/com.microsoft.office.powerpoint/files/aria/offlinestoragehigh.db
02-15 17:24:06.821  6193  6207 W System.err: stat failed: ENOENT (No such file or directory) : /data/user/0/com.microsoft.office.powerpoint/files/aria/offlinestoragenormal.db
02-15 17:24:06.821  6193  6207 W System.err: stat failed: ENOENT (No such file or directory) : /data/user/0/com.microsoft.office.powerpoint/files/aria/offlinestoragelow.db
02-15 17:24:06.851 31179 31210 D [ACT]:ao: processing priority = HIGH
02-15 17:24:06.851 31179 31210 W System.err: stat failed: ENOENT (No such file or directory) : /data/user/0/com.microsoft.office.word/files/aria/offlinestoragehigh.db
02-15 17:24:06.851 31179 31210 W System.err: stat failed: ENOENT (No such file or directory) : /data/user/0/com.microsoft.office.word/files/aria/offlinestoragehigh.db
02-15 17:24:06.851 31179 31210 W System.err: stat failed: ENOENT (No such file or directory) : /data/user/0/com.microsoft.office.word/files/aria/offlinestoragenormal.db
02-15 17:24:06.851 31179 31210 W System.err: stat failed: ENOENT (No such file or directory) : /data/user/0/com.microsoft.office.word/files/aria/offlinestoragelow.db
02-15 17:24:07.281  3452  3546 W System.err: remove failed: ENOENT (No such file or directory) : /data/system/sync/pending.xml.bak
02-15 17:24:07.291  3452  3546 W System.err: remove failed: ENOENT (No such file or directory) : /data/system/sync/pending.xml.bak
02-15 17:24:07.911  6264 18296 W sxi     : platform method missing - proto runtime falling back to safer methods: java.lang.NoSuchMethodException: getByte [long]
02-15 17:24:07.911  6264 18296 W sxi     : platform method missing - proto runtime falling back to safer methods: java.lang.NoSuchMethodException: getByte [class java.lang.Object, long]
02-15 17:24:07.911  6264 18296 W sxi     : copyMemory is missing from platform - proto runtime falling back to safer methods.
02-15 17:24:08.811  6309  6330 D [ACT]:ao: processing priority = NORMAL
02-15 17:24:08.811  6309  6330 W System.err: stat failed: ENOENT (No such file or directory) : /data/user/0/com.microsoft.office.excel/files/aria/offlinestoragehigh.db
02-15 17:24:08.811  6309  6330 W System.err: stat failed: ENOENT (No such file or directory) : /data/user/0/com.microsoft.office.excel/files/aria/offlinestoragenormal.db
02-15 17:24:08.811  6309  6330 W System.err: stat failed: ENOENT (No such file or directory) : /data/user/0/com.microsoft.office.excel/files/aria/offlinestoragehigh.db
02-15 17:24:08.811  6309  6330 W System.err: stat failed: ENOENT (No such file or directory) : /data/user/0/com.microsoft.office.excel/files/aria/offlinestoragenormal.db
02-15 17:24:08.811  6309  6330 W System.err: stat failed: ENOENT (No such file or directory) : /data/user/0/com.microsoft.office.excel/files/aria/offlinestoragelow.db
02-15 17:24:08.821  6193  6207 D [ACT]:ao: processing priority = NORMAL
02-15 17:24:08.821  6193  6207 W System.err: stat failed: ENOENT (No such file or directory) : /data/user/0/com.microsoft.office.powerpoint/files/aria/offlinestoragehigh.db
02-15 17:24:08.821  6193  6207 W System.err: stat failed: ENOENT (No such file or directory) : /data/user/0/com.microsoft.office.powerpoint/files/aria/offlinestoragenormal.db
02-15 17:24:08.821  6193  6207 W System.err: stat failed: ENOENT (No such file or directory) : /data/user/0/com.microsoft.office.powerpoint/files/aria/offlinestoragehigh.db
02-15 17:24:08.821  6193  6207 W System.err: stat failed: ENOENT (No such file or directory) : /data/user/0/com.microsoft.office.powerpoint/files/aria/offlinestoragenormal.db
02-15 17:24:08.821  6193  6207 W System.err: stat failed: ENOENT (No such file or directory) : /data/user/0/com.microsoft.office.powerpoint/files/aria/offlinestoragelow.db
02-15 17:24:08.851 31179 31210 D [ACT]:ao: processing priority = NORMAL
02-15 17:24:08.851 31179 31210 W System.err: stat failed: ENOENT (No such file or directory) : /data/user/0/com.microsoft.office.word/files/aria/offlinestoragehigh.db
02-15 17:24:08.851 31179 31210 W System.err: stat failed: ENOENT (No such file or directory) : /data/user/0/com.microsoft.office.word/files/aria/offlinestoragenormal.db
02-15 17:24:08.851 31179 31210 W System.err: stat failed: ENOENT (No such file or directory) : /data/user/0/com.microsoft.office.word/files/aria/offlinestoragehigh.db
02-15 17:24:08.851 31179 31210 W System.err: stat failed: ENOENT (No such file or directory) : /data/user/0/com.microsoft.office.word/files/aria/offlinestoragenormal.db
02-15 17:24:08.851 31179 31210 W System.err: stat failed: ENOENT (No such file or directory) : /data/user/0/com.microsoft.office.word/files/aria/offlinestoragelow.db
02-15 17:24:10.811  6309  6330 D [ACT]:ao: processing priority = HIGH
02-15 17:24:10.811  6309  6330 W System.err: stat failed: ENOENT (No such file or directory) : /data/user/0/com.microsoft.office.excel/files/aria/offlinestoragehigh.db
02-15 17:24:10.811  6309  6330 W System.err: stat failed: ENOENT (No such file or directory) : /data/user/0/com.microsoft.office.excel/files/aria/offlinestoragehigh.db
02-15 17:24:10.811  6309  6330 W System.err: stat failed: ENOENT (No such file or directory) : /data/user/0/com.microsoft.office.excel/files/aria/offlinestoragenormal.db
02-15 17:24:10.811  6309  6330 W System.err: stat failed: ENOENT (No such file or directory) : /data/user/0/com.microsoft.office.excel/files/aria/offlinestoragelow.db
02-15 17:24:10.821  6193  6207 D [ACT]:ao: processing priority = HIGH
02-15 17:24:10.821  6193  6207 W System.err: stat failed: ENOENT (No such file or directory) : /data/user/0/com.microsoft.office.powerpoint/files/aria/offlinestoragehigh.db
02-15 17:24:10.821  6193  6207 W System.err: stat failed: ENOENT (No such file or directory) : /data/user/0/com.microsoft.office.powerpoint/files/aria/offlinestoragehigh.db
02-15 17:24:10.821  6193  6207 W System.err: stat failed: ENOENT (No such file or directory) : /data/user/0/com.microsoft.office.powerpoint/files/aria/offlinestoragenormal.db
02-15 17:24:10.821  6193  6207 W System.err: stat failed: ENOENT (No such file or directory) : /data/user/0/com.microsoft.office.powerpoint/files/aria/offlinestoragelow.db
02-15 17:24:10.851 31179 31210 D [ACT]:ao: processing priority = HIGH
02-15 17:24:10.851 31179 31210 W System.err: stat failed: ENOENT (No such file or directory) : /data/user/0/com.microsoft.office.word/files/aria/offlinestoragehigh.db
02-15 17:24:10.851 31179 31210 W System.err: stat failed: ENOENT (No such file or directory) : /data/user/0/com.microsoft.office.word/files/aria/offlinestoragehigh.db
02-15 17:24:10.851 31179 31210 W System.err: stat failed: ENOENT (No such file or directory) : /data/user/0/com.microsoft.office.word/files/aria/offlinestoragenormal.db
02-15 17:24:10.851 31179 31210 W System.err: stat failed: ENOENT (No such file or directory) : /data/user/0/com.microsoft.office.word/files/aria/offlinestoragelow.db
02-15 17:24:11.471  3452  3961 D NtpTrustedTime: currentTimeMillis() cache hit
02-15 17:24:11.501  3452  3961 D NtpTrustedTime: currentTimeMillis() cache hit
02-15 17:24:11.501  3452  3962 D NtpTrustedTime: currentTimeMillis() cache hit
02-15 17:24:11.501  3452  3962 D NtpTrustedTime: currentTimeMillis() cache hit
02-15 17:24:12.811  6309  6330 D [ACT]:ao: processing priority = LOW
02-15 17:24:12.811  6309  6330 W System.err: stat failed: ENOENT (No such file or directory) : /data/user/0/com.microsoft.office.excel/files/aria/offlinestoragehigh.db
02-15 17:24:12.811  6309  6330 W System.err: stat failed: ENOENT (No such file or directory) : /data/user/0/com.microsoft.office.excel/files/aria/offlinestoragenormal.db
02-15 17:24:12.811  6309  6330 W System.err: stat failed: ENOENT (No such file or directory) : /data/user/0/com.microsoft.office.excel/files/aria/offlinestoragelow.db
02-15 17:24:12.811  6309  6330 W System.err: stat failed: ENOENT (No such file or directory) : /data/user/0/com.microsoft.office.excel/files/aria/offlinestoragehigh.db
02-15 17:24:12.811  6309  6330 W System.err: stat failed: ENOENT (No such file or directory) : /data/user/0/com.microsoft.office.excel/files/aria/offlinestoragenormal.db
02-15 17:24:12.811  6309  6330 W System.err: stat failed: ENOENT (No such file or directory) : /data/user/0/com.microsoft.office.excel/files/aria/offlinestoragelow.db
02-15 17:24:12.821  6193  6207 D [ACT]:ao: processing priority = LOW
02-15 17:24:12.821  6193  6207 W System.err: stat failed: ENOENT (No such file or directory) : /data/user/0/com.microsoft.office.powerpoint/files/aria/offlinestoragehigh.db
02-15 17:24:12.821  6193  6207 W System.err: stat failed: ENOENT (No such file or directory) : /data/user/0/com.microsoft.office.powerpoint/files/aria/offlinestoragenormal.db
02-15 17:24:12.821  6193  6207 W System.err: stat failed: ENOENT (No such file or directory) : /data/user/0/com.microsoft.office.powerpoint/files/aria/offlinestoragelow.db
02-15 17:24:12.821  6193  6207 W System.err: stat failed: ENOENT (No such file or directory) : /data/user/0/com.microsoft.office.powerpoint/files/aria/offlinestoragehigh.db
02-15 17:24:12.821  6193  6207 W System.err: stat failed: ENOENT (No such file or directory) : /data/user/0/com.microsoft.office.powerpoint/files/aria/offlinestoragenormal.db
02-15 17:24:12.821  6193  6207 W System.err: stat failed: ENOENT (No such file or directory) : /data/user/0/com.microsoft.office.powerpoint/files/aria/offlinestoragelow.db
02-15 17:24:12.851 31179 31210 D [ACT]:ao: processing priority = LOW
02-15 17:24:12.851 31179 31210 W System.err: stat failed: ENOENT (No such file or directory) : /data/user/0/com.microsoft.office.word/files/aria/offlinestoragehigh.db
02-15 17:24:12.851 31179 31210 W System.err: stat failed: ENOENT (No such file or directory) : /data/user/0/com.microsoft.office.word/files/aria/offlinestoragenormal.db
02-15 17:24:12.851 31179 31210 W System.err: stat failed: ENOENT (No such file or directory) : /data/user/0/com.microsoft.office.word/files/aria/offlinestoragelow.db
02-15 17:24:12.851 31179 31210 W System.err: stat failed: ENOENT (No such file or directory) : /data/user/0/com.microsoft.office.word/files/aria/offlinestoragehigh.db
02-15 17:24:12.851 31179 31210 W System.err: stat failed: ENOENT (No such file or directory) : /data/user/0/com.microsoft.office.word/files/aria/offlinestoragenormal.db
02-15 17:24:12.851 31179 31210 W System.err: stat failed: ENOENT (No such file or directory) : /data/user/0/com.microsoft.office.word/files/aria/offlinestoragelow.db
02-15 17:24:13.201  4042  4247 D NetworkController.MobileSignalController(0/2147483643): onSignalStrengthsChanged signalStrength=SignalStrength: 4 99 -8 -200 -8 -200 -1 0 2147483647 2147483647 2147483647 2147483647 2147483647 0x3 gsm|lte level=3
02-15 17:24:13.201  4042  4247 D NetworkController.MobileSignalController(0/2147483643): getMobileIconGroup(): 0
02-15 17:24:13.251  4042  4247 D NetworkController.MobileSignalController(0/2147483643): onSignalStrengthsChanged signalStrength=SignalStrength: 8 99 -8 -200 -8 -200 -1 99 2147483647 2147483647 2147483647 2147483647 2147483647 0x3 gsm|lte level=3
02-15 17:24:13.251  4042  4247 D NetworkController.MobileSignalController(0/2147483643): getMobileIconGroup(): 0
02-15 17:24:14.811  6309  6330 D [ACT]:ao: processing priority = HIGH
02-15 17:24:14.811  6309  6330 W System.err: stat failed: ENOENT (No such file or directory) : /data/user/0/com.microsoft.office.excel/files/aria/offlinestoragehigh.db
02-15 17:24:14.811  6309  6330 W System.err: stat failed: ENOENT (No such file or directory) : /data/user/0/com.microsoft.office.excel/files/aria/offlinestoragehigh.db
02-15 17:24:14.821  6309  6330 W System.err: stat failed: ENOENT (No such file or directory) : /data/user/0/com.microsoft.office.excel/files/aria/offlinestoragenormal.db
02-15 17:24:14.821  6309  6330 W System.err: stat failed: ENOENT (No such file or directory) : /data/user/0/com.microsoft.office.excel/files/aria/offlinestoragelow.db
02-15 17:24:14.821  6193  6207 D [ACT]:ao: processing priority = HIGH
02-15 17:24:14.821  6193  6207 W System.err: stat failed: ENOENT (No such file or directory) : /data/user/0/com.microsoft.office.powerpoint/files/aria/offlinestoragehigh.db
02-15 17:24:14.821  6193  6207 W System.err: stat failed: ENOENT (No such file or directory) : /data/user/0/com.microsoft.office.powerpoint/files/aria/offlinestoragehigh.db
02-15 17:24:14.821  6193  6207 W System.err: stat failed: ENOENT (No such file or directory) : /data/user/0/com.microsoft.office.powerpoint/files/aria/offlinestoragenormal.db
02-15 17:24:14.821  6193  6207 W System.err: stat failed: ENOENT (No such file or directory) : /data/user/0/com.microsoft.office.powerpoint/files/aria/offlinestoragelow.db
02-15 17:24:14.851 31179 31210 D [ACT]:ao: processing priority = HIGH
02-15 17:24:14.851 31179 31210 W System.err: stat failed: ENOENT (No such file or directory) : /data/user/0/com.microsoft.office.word/files/aria/offlinestoragehigh.db
02-15 17:24:14.851 31179 31210 W System.err: stat failed: ENOENT (No such file or directory) : /data/user/0/com.microsoft.office.word/files/aria/offlinestoragehigh.db
02-15 17:24:14.851 31179 31210 W System.err: stat failed: ENOENT (No such file or directory) : /data/user/0/com.microsoft.office.word/files/aria/offlinestoragenormal.db
02-15 17:24:14.851 31179 31210 W System.err: stat failed: ENOENT (No such file or directory) : /data/user/0/com.microsoft.office.word/files/aria/offlinestoragelow.db
02-15 17:24:15.161  4042  4042 D KeyguardUpdateMonitor: received broadcast android.intent.action.BATTERY_CHANGED
02-15 17:24:15.161  4042  4042 D KeyguardUpdateMonitor: handleBatteryUpdate
02-15 17:24:16.811  6309  6330 D [ACT]:ao: processing priority = NORMAL
02-15 17:24:16.811  6309  6330 W System.err: stat failed: ENOENT (No such file or directory) : /data/user/0/com.microsoft.office.excel/files/aria/offlinestoragehigh.db
