02-15 17:27:32.821  6309  6330 W System.err: stat failed: ENOENT (No such file or directory) : /data/user/0/com.microsoft.office.excel/files/aria/offlinestoragehigh.db
02-15 17:27:32.821  6193  6207 W System.err: stat failed: ENOENT (No such file or directory) : /data/user/0/com.microsoft.office.powerpoint/files/aria/offlinestoragehigh.db
02-15 17:27:32.821  6193  6207 W System.err: stat failed: ENOENT (No such file or directory) : /data/user/0/com.microsoft.office.powerpoint/files/aria/offlinestoragenormal.db
02-15 17:27:32.821  6193  6207 W System.err: stat failed: ENOENT (No such file or directory) : /data/user/0/com.microsoft.office.powerpoint/files/aria/offlinestoragehigh.db
02-15 17:27:32.821  6309  6330 W System.err: stat failed: ENOENT (No such file or directory) : /data/user/0/com.microsoft.office.excel/files/aria/offlinestoragenormal.db
02-15 17:27:32.821  6309  6330 W System.err: stat failed: ENOENT (No such file or directory) : /data/user/0/com.microsoft.office.excel/files/aria/offlinestoragelow.db
02-15 17:27:32.821  6193  6207 W System.err: stat failed: ENOENT (No such file or directory) : /data/user/0/com.microsoft.office.powerpoint/files/aria/offlinestoragenormal.db
02-15 17:27:32.821  6193  6207 W System.err: stat failed: ENOENT (No such file or directory) : /data/user/0/com.microsoft.office.powerpoint/files/aria/offlinestoragelow.db
02-15 17:27:32.851 31179 31210 D [ACT]:ao: processing priority = NORMAL
02-15 17:27:32.851 31179 31210 W System.err: stat failed: ENOENT (No such file or directory) : /data/user/0/com.microsoft.office.word/files/aria/offlinestoragehigh.db
02-15 17:27:32.851 31179 31210 W System.err: stat failed: ENOENT (No such file or directory) : /data/user/0/com.microsoft.office.word/files/aria/offlinestoragenormal.db
02-15 17:27:32.851 31179 31210 W System.err: stat failed: ENOENT (No such file or directory) : /data/user/0/com.microsoft.office.word/files/aria/offlinestoragehigh.db
02-15 17:27:32.851 31179 31210 W System.err: stat failed: ENOENT (No such file or directory) : /data/user/0/com.microsoft.office.word/files/aria/offlinestoragenormal.db
02-15 17:27:32.851 31179 31210 W System.err: stat failed: ENOENT (No such file or directory) : /data/user/0/com.microsoft.office.word/files/aria/offlinestoragelow.db
02-15 17:27:32.891 21531 21531 I System.out: X:0.08020575,Y:-0.031124622,Z:9.792285
02-15 17:27:32.991 21531 21531 I System.out: X:0.089782566,Y:-0.055066638,Z:9.768343
02-15 17:27:33.091 21531 21531 I System.out: X:0.08259996,Y:-0.04070143,Z:9.811439
02-15 17:27:33.201 21531 21531 I System.out: X:0.06584055,Y:-0.053869538,Z:9.79827
02-15 17:27:33.301 21531 21531 I System.out: X:0.079008654,Y:-0.033518825,Z:9.79827
02-15 17:27:33.401 21531 21531 I System.out: X:0.076614454,Y:-0.047884032,Z:9.779117
02-15 17:27:33.501 21531 21531 I System.out: X:0.06943185,Y:-0.06943185,Z:9.783905
02-15 17:27:33.611 21531 21531 I System.out: X:0.077811554,Y:-0.062249243,Z:9.809045
02-15 17:27:33.711 21531 21531 I System.out: X:0.077811554,Y:-0.047884032,Z:9.7803135
02-15 17:27:33.771  4298  4355 D ContactsProvider_EventLog: contents_sample_state: [ contacts(0) data(0) accounts({}) accounts deleted({}) calls([])  ]
02-15 17:27:33.771  4298  4355 D ContactsProvider_EventLog: contents_sample_state: [ agr({})  ]
02-15 17:27:33.811 21531 21531 I System.out: X:0.09816227,Y:-0.050278235,Z:9.792285
02-15 17:27:33.911 21531 21531 I System.out: X:0.06943185,Y:-0.061052144,Z:9.791088
02-15 17:27:33.921  4298  4355 E ContactsProvider_EventLog: Flush buffer to file cnt : 9 size : 2Kb duration : 149ms lastUpdatedAfter : 60085 ms mFlush_time_threasold : 2000 mCurrentSize : 1512
02-15 17:27:34.021 21531 21531 I System.out: X:0.073023155,Y:-0.053869538,Z:9.799467
02-15 17:27:34.131 21531 21531 I System.out: X:0.09935937,Y:-0.05626374,Z:9.805453
02-15 17:27:34.231 21531 21531 I System.out: X:0.079008654,Y:-0.055066638,Z:9.812635
02-15 17:27:34.331 21531 21531 I System.out: X:0.10414778,Y:-0.06703765,Z:9.774328
02-15 17:27:34.431 21531 21531 I System.out: X:0.035913024,Y:-0.1340753,Z:9.941922
02-15 17:27:34.501  3452  3937 D InputReader: Input event(4): value=1 when=10959837870000
02-15 17:27:34.501  3452  3937 D InputReader: Input event(4): value=1 when=10959837870000
02-15 17:27:34.501  3452  3937 I InputReader: Touch event's action is 0x0 (deviceType=0) [pCnt=1, s=0.103 ] when=10959837870000
02-15 17:27:34.501  3452  3937 D InputReader: lastThreadEndTime = 10957403235598, currentThreadStartTime = 10957403239431, diff = 0
02-15 17:27:34.501  3452  3936 I InputDispatcher: Delivering touch to (4042): action: 0x4, toolType: 1
02-15 17:27:34.501  3452  3936 I InputDispatcher: Delivering touch to (21531): action: 0x0, toolType: 1
02-15 17:27:34.511 21531 21531 D ViewRootImpl: ViewPostImeInputStage processPointer 0
02-15 17:27:34.531 21531 21531 I System.out: X:0.088585466,Y:-0.089782566,Z:9.81503
02-15 17:27:34.551  3452  3937 D InputReader: Input event(4): value=0 when=10959883769000
02-15 17:27:34.551  3452  3937 D InputReader: Input event(4): value=0 when=10959883769000
02-15 17:27:34.551  3452  3937 I InputReader: Touch event's action is 0x1 (deviceType=0) [pCnt=1, s=] when=10959883769000
02-15 17:27:34.551  3452  3936 I InputDispatcher: Delivering touch to (21531): action: 0x1, toolType: 1
02-15 17:27:34.551 21531 21531 D ViewRootImpl: ViewPostImeInputStage processPointer 1
02-15 17:27:34.631 21531 21531 I System.out: X:-0.39863458,Y:-0.41180268,Z:9.680955
02-15 17:27:34.681  3452  3937 D InputReader: Input event(4): value=1 when=10960019583000
02-15 17:27:34.681  3452  3937 D InputReader: Input event(4): value=1 when=10960019583000
02-15 17:27:34.681  3452  3937 I InputReader: Touch event's action is 0x0 (deviceType=0) [pCnt=1, s=0.104 ] when=10960019583000
02-15 17:27:34.681  3452  3937 D InputReader: lastThreadEndTime = 10959884071183, currentThreadStartTime = 10959884074474, diff = 0
02-15 17:27:34.691  3452  3936 I InputDispatcher: Delivering touch to (4042): action: 0x4, toolType: 1
02-15 17:27:34.691  3452  3936 I InputDispatcher: Delivering touch to (21531): action: 0x0, toolType: 1
02-15 17:27:34.691 21531 21531 D ViewRootImpl: ViewPostImeInputStage processPointer 0
02-15 17:27:34.741 21531 21531 I System.out: X:0.07182605,Y:-0.038307227,Z:9.81503
02-15 17:27:34.811  6309  6330 D [ACT]:ao: processing priority = HIGH
02-15 17:27:34.811  6309  6330 W System.err: stat failed: ENOENT (No such file or directory) : /data/user/0/com.microsoft.office.excel/files/aria/offlinestoragehigh.db
02-15 17:27:34.811  6309  6330 W System.err: stat failed: ENOENT (No such file or directory) : /data/user/0/com.microsoft.office.excel/files/aria/offlinestoragehigh.db
02-15 17:27:34.811  6309  6330 W System.err: stat failed: ENOENT (No such file or directory) : /data/user/0/com.microsoft.office.excel/files/aria/offlinestoragenormal.db
02-15 17:27:34.811  6309  6330 W System.err: stat failed: ENOENT (No such file or directory) : /data/user/0/com.microsoft.office.excel/files/aria/offlinestoragelow.db
02-15 17:27:34.821  6193  6207 D [ACT]:ao: processing priority = HIGH
02-15 17:27:34.821  6193  6207 W System.err: stat failed: ENOENT (No such file or directory) : /data/user/0/com.microsoft.office.powerpoint/files/aria/offlinestoragehigh.db
02-15 17:27:34.821  6193  6207 W System.err: stat failed: ENOENT (No such file or directory) : /data/user/0/com.microsoft.office.powerpoint/files/aria/offlinestoragehigh.db
02-15 17:27:34.821  6193  6207 W System.err: stat failed: ENOENT (No such file or directory) : /data/user/0/com.microsoft.office.powerpoint/files/aria/offlinestoragenormal.db
02-15 17:27:34.821  6193  6207 W System.err: stat failed: ENOENT (No such file or directory) : /data/user/0/com.microsoft.office.powerpoint/files/aria/offlinestoragelow.db
02-15 17:27:34.841 21531 21531 I System.out: X:0.037110128,Y:0.045489833,Z:9.634268
02-15 17:27:34.851 31179 31210 D [ACT]:ao: processing priority = HIGH
02-15 17:27:34.851 31179 31210 W System.err: stat failed: ENOENT (No such file or directory) : /data/user/0/com.microsoft.office.word/files/aria/offlinestoragehigh.db
02-15 17:27:34.851 31179 31210 W System.err: stat failed: ENOENT (No such file or directory) : /data/user/0/com.microsoft.office.word/files/aria/offlinestoragehigh.db
02-15 17:27:34.851 31179 31210 W System.err: stat failed: ENOENT (No such file or directory) : /data/user/0/com.microsoft.office.word/files/aria/offlinestoragenormal.db
02-15 17:27:34.851 31179 31210 W System.err: stat failed: ENOENT (No such file or directory) : /data/user/0/com.microsoft.office.word/files/aria/offlinestoragelow.db
02-15 17:27:34.881  3452  3937 I InputReader: Touch event's action (MT) is 0x105 (deviceType=0) [pCnt=2, s=0.104 1.105 ] when=10960213879000
02-15 17:27:34.881  3452  3936 I InputDispatcher: Delivering touch to (21531): action: 0x105, toolType: 1
02-15 17:27:34.941 21531 21531 I System.out: X:0.062249243,Y:0.09935937,Z:9.842564
02-15 17:27:35.051 21531 21531 I System.out: X:0.18195933,Y:-0.11731588,Z:9.829395
02-15 17:27:35.071  3452  3937 I InputReader: Touch event's action (MT) is 0x106 (deviceType=0) [pCnt=2, s=0.104 ] when=10960406571000
02-15 17:27:35.071  3452  3936 I InputDispatcher: Delivering touch to (21531): action: 0x106, toolType: 1
02-15 17:27:35.151 21531 21531 I System.out: X:-0.023942016,Y:-0.04189853,Z:9.600749
02-15 17:27:35.251 21531 21531 I System.out: X:0.16759412,Y:0.2825158,Z:9.849746
02-15 17:27:35.361 21531 21531 I System.out: X:0.05865794,Y:-0.08738836,Z:9.753978
02-15 17:27:35.431  3452  3937 I InputReader: Touch event's action (MT) is 0x105 (deviceType=0) [pCnt=2, s=0.104 1.106 ] when=10960769578000
02-15 17:27:35.431  3452  3936 I InputDispatcher: Delivering touch to (21531): action: 0x105, toolType: 1
02-15 17:27:35.461 21531 21531 I System.out: X:0.050278235,Y:-0.076614454,Z:9.731233
02-15 17:27:35.561 21531 21531 I System.out: X:0.21068975,Y:-0.06943185,Z:9.921572
02-15 17:27:35.651  3452  3937 I InputReader: Touch event's action (MT) is 0x106 (deviceType=0) [pCnt=2, s=0.104 ] when=10960985154000
02-15 17:27:35.651  3452  3936 I InputDispatcher: Delivering touch to (21531): action: 0x106, toolType: 1
02-15 17:27:35.661 21531 21531 I System.out: X:0.18315643,Y:-0.029927522,Z:9.837775
02-15 17:27:35.771 21531 21531 I System.out: X:0.16160862,Y:-0.029927522,Z:9.7958765
02-15 17:27:35.871 21531 21531 I System.out: X:0.1388637,Y:-0.045489833,Z:9.775525
02-15 17:27:35.951  3452  3610 D PackageManager: [MSG] WRITE_PACKAGE_RESTRICTIONS
02-15 17:27:35.961  3452  3610 W System.err: remove failed: ENOENT (No such file or directory) : /data/system/users/0/package-restrictions.xml.bak
02-15 17:27:35.971 21531 21531 I System.out: X:0.18674773,Y:-0.025139118,Z:9.844957
02-15 17:27:35.981  3452  3937 I InputReader: Touch event's action (MT) is 0x105 (deviceType=0) [pCnt=2, s=0.104 1.107 ] when=10961314600000
02-15 17:27:35.981  3452  3936 I InputDispatcher: Delivering touch to (21531): action: 0x105, toolType: 1
02-15 17:27:36.081 21531 21531 I System.out: X:0.16400282,Y:-0.045489833,Z:9.773131
02-15 17:27:36.181 21531 21531 I System.out: X:0.17836803,Y:-0.033518825,Z:9.85214
02-15 17:27:36.181  3452  3937 I InputReader: Touch event's action (MT) is 0x106 (deviceType=0) [pCnt=2, s=0.104 ] when=10961518486000
02-15 17:27:36.181  3452  3936 I InputDispatcher: Delivering touch to (21531): action: 0x106, toolType: 1
02-15 17:27:36.261  4042  4042 D KeyguardUpdateMonitor: received broadcast android.intent.action.BATTERY_CHANGED
02-15 17:27:36.261  4042  4042 D KeyguardUpdateMonitor: handleBatteryUpdate
02-15 17:27:36.281 21531 21531 I System.out: X:0.18195933,Y:-0.051475335,Z:9.81503
02-15 17:27:36.391 21531 21531 I System.out: X:0.16879122,Y:-0.023942016,Z:9.794679
02-15 17:27:36.471  3452  3937 I InputReader: Touch event's action (MT) is 0x105 (deviceType=0) [pCnt=2, s=0.104 1.108 ] when=10961802982000
02-15 17:27:36.471  3452  3936 I InputDispatcher: Delivering touch to (21531): action: 0x105, toolType: 1
02-15 17:27:36.491 21531 21531 I System.out: X:0.1400608,Y:0.09696517,Z:9.8198185
02-15 17:27:36.591 21531 21531 I System.out: X:0.24181437,Y:-0.062249243,Z:9.782708
02-15 17:27:36.681  3452  3937 I InputReader: Touch event's action (MT) is 0x106 (deviceType=0) [pCnt=2, s=0.104 ] when=10962017655000
02-15 17:27:36.681  3452  3936 I InputDispatcher: Delivering touch to (21531): action: 0x106, toolType: 1
02-15 17:27:36.691 21531 21531 I System.out: X:0.31244332,Y:-0.07182605,Z:9.879673
02-15 17:27:36.791 21531 21531 I System.out: X:0.29688102,Y:-0.046686932,Z:9.82341
02-15 17:27:36.811  6309  6330 D [ACT]:ao: processing priority = NORMAL
02-15 17:27:36.811  6309  6330 W System.err: stat failed: ENOENT (No such file or directory) : /data/user/0/com.microsoft.office.excel/files/aria/offlinestoragehigh.db
02-15 17:27:36.811  6309  6330 W System.err: stat failed: ENOENT (No such file or directory) : /data/user/0/com.microsoft.office.excel/files/aria/offlinestoragenormal.db
02-15 17:27:36.811  6309  6330 W System.err: stat failed: ENOENT (No such file or directory) : /data/user/0/com.microsoft.office.excel/files/aria/offlinestoragehigh.db
02-15 17:27:36.811  6309  6330 W System.err: stat failed: ENOENT (No such file or directory) : /data/user/0/com.microsoft.office.excel/files/aria/offlinestoragenormal.db
02-15 17:27:36.811  6309  6330 W System.err: stat failed: ENOENT (No such file or directory) : /data/user/0/com.microsoft.office.excel/files/aria/offlinestoragelow.db
02-15 17:27:36.821  6193  6207 D [ACT]:ao: processing priority = NORMAL
02-15 17:27:36.821  6193  6207 W System.err: stat failed: ENOENT (No such file or directory) : /data/user/0/com.microsoft.office.powerpoint/files/aria/offlinestoragehigh.db
02-15 17:27:36.821  6193  6207 W System.err: stat failed: ENOENT (No such file or directory) : /data/user/0/com.microsoft.office.powerpoint/files/aria/offlinestoragenormal.db
02-15 17:27:36.821  6193  6207 W System.err: stat failed: ENOENT (No such file or directory) : /data/user/0/com.microsoft.office.powerpoint/files/aria/offlinestoragehigh.db
02-15 17:27:36.821  6193  6207 W System.err: stat failed: ENOENT (No such file or directory) : /data/user/0/com.microsoft.office.powerpoint/files/aria/offlinestoragenormal.db
02-15 17:27:36.821  6193  6207 W System.err: stat failed: ENOENT (No such file or directory) : /data/user/0/com.microsoft.office.powerpoint/files/aria/offlinestoragelow.db
02-15 17:27:36.851 31179 31210 D [ACT]:ao: processing priority = NORMAL
02-15 17:27:36.851 31179 31210 W System.err: stat failed: ENOENT (No such file or directory) : /data/user/0/com.microsoft.office.word/files/aria/offlinestoragehigh.db
02-15 17:27:36.851 31179 31210 W System.err: stat failed: ENOENT (No such file or directory) : /data/user/0/com.microsoft.office.word/files/aria/offlinestoragenormal.db
02-15 17:27:36.851 31179 31210 W System.err: stat failed: ENOENT (No such file or directory) : /data/user/0/com.microsoft.office.word/files/aria/offlinestoragehigh.db
02-15 17:27:36.851 31179 31210 W System.err: stat failed: ENOENT (No such file or directory) : /data/user/0/com.microsoft.office.word/files/aria/offlinestoragenormal.db
02-15 17:27:36.851 31179 31210 W System.err: stat failed: ENOENT (No such file or directory) : /data/user/0/com.microsoft.office.word/files/aria/offlinestoragelow.db
02-15 17:27:36.901 21531 21531 I System.out: X:0.25258827,Y:-0.035913024,Z:9.774328
02-15 17:27:36.941  3452  3937 I InputReader: Touch event's action (MT) is 0x105 (deviceType=0) [pCnt=2, s=0.104 1.109 ] when=10962279405000
02-15 17:27:36.941  3452  3936 I InputDispatcher: Delivering touch to (21531): action: 0x105, toolType: 1
02-15 17:27:37.001 21531 21531 I System.out: X:0.10534488,Y:-0.061052144,Z:9.625888
02-15 17:27:37.101 21531 21531 I System.out: X:0.30166942,Y:-0.035913024,Z:9.749189
02-15 17:27:37.141  3452  3937 I InputReader: Touch event's action (MT) is 0x106 (deviceType=0) [pCnt=2, s=0.104 ] when=10962472531000
02-15 17:27:37.141  3452  3936 I InputDispatcher: Delivering touch to (21531): action: 0x106, toolType: 1
02-15 17:27:37.201 21531 21531 I System.out: X:0.31124622,Y:-0.035913024,Z:9.764751
02-15 17:27:37.301 21531 21531 I System.out: X:0.2645593,Y:-0.033518825,Z:9.770737
02-15 17:27:37.391  3452  3937 I InputReader: Touch event's action (MT) is 0x105 (deviceType=0) [pCnt=2, s=0.104 1.110 ] when=10962722560000
02-15 17:27:37.391  3452  3936 I InputDispatcher: Delivering touch to (21531): action: 0x105, toolType: 1
02-15 17:27:37.401 21531 21531 I System.out: X:0.25977087,Y:-0.045489833,Z:9.847352
02-15 17:27:37.511 21531 21531 I System.out: X:0.142455,Y:-0.047884032,Z:9.599552
02-15 17:27:37.601  3452  3937 I InputReader: Touch event's action (MT) is 0x106 (deviceType=0) [pCnt=2, s=0.104 ] when=10962937664000
02-15 17:27:37.601  3452  3936 I InputDispatcher: Delivering touch to (21531): action: 0x106, toolType: 1
02-15 17:27:37.611 21531 21531 I System.out: X:0.2753332,Y:-0.037110128,Z:9.79827
02-15 17:27:37.711 21531 21531 I System.out: X:0.2657564,Y:-0.031124622,Z:9.886856
02-15 17:27:37.811 21531 21531 I System.out: X:0.18315643,Y:-0.02873042,Z:9.794679
02-15 17:27:37.851  3452  3937 I InputReader: Touch event's action (MT) is 0x105 (deviceType=0) [pCnt=2, s=0.104 1.111 ] when=10963187715000
02-15 17:27:37.851  3452  3936 I InputDispatcher: Delivering touch to (21531): action: 0x105, toolType: 1
02-15 17:27:37.921 21531 21531 I System.out: X:0.2741361,Y:-0.009576807,Z:9.805453
02-15 17:27:38.001  3452  3937 I InputReader: Touch event's action (MT) is 0x106 (deviceType=0) [pCnt=2, s=0.104 ] when=10963335186000
02-15 17:27:38.001  3452  3936 I InputDispatcher: Delivering touch to (21531): action: 0x106, toolType: 1
02-15 17:27:38.021 21531 21531 I System.out: X:0.33518824,Y:-0.015562311,Z:9.763555
02-15 17:27:38.121 21531 21531 I System.out: X:0.19752164,Y:-0.031124622,Z:9.791088
02-15 17:27:38.231 21531 21531 I System.out: X:0.2896984,Y:-0.038307227,Z:9.883265
02-15 17:27:38.331 21531 21531 I System.out: X:0.30885202,Y:-0.10295067,Z:9.907207
02-15 17:27:38.351  3452  3937 I InputReader: Touch event's action (MT) is 0x105 (deviceType=0) [pCnt=2, s=0.104 1.112 ] when=10963687757000
02-15 17:27:38.351  3452  3936 I InputDispatcher: Delivering touch to (21531): action: 0x105, toolType: 1
02-15 17:27:38.431 21531 21531 I System.out: X:0.14604631,Y:-0.051475335,Z:9.624691
02-15 17:27:38.541 21531 21531 I System.out: X:0.30885202,Y:-0.02873042,Z:9.8437605
02-15 17:27:38.581  3452  3937 I InputReader: Touch event's action (MT) is 0x106 (deviceType=0) [pCnt=2, s=0.104 ] when=10963914412000
02-15 17:27:38.581  3452  3936 I InputDispatcher: Delivering touch to (21531): action: 0x106, toolType: 1
02-15 17:27:38.641 21531 21531 I System.out: X:0.33638534,Y:-0.035913024,Z:9.932345
02-15 17:27:38.741 21531 21531 I System.out: X:0.007182605,Y:-0.08379706,Z:9.506178
02-15 17:27:38.811  6309  6330 D [ACT]:ao: processing priority = HIGH
02-15 17:27:38.811  6309  6330 W System.err: stat failed: ENOENT (No such file or directory) : /data/user/0/com.microsoft.office.excel/files/aria/offlinestoragehigh.db
02-15 17:27:38.811  6309  6330 W System.err: stat failed: ENOENT (No such file or directory) : /data/user/0/com.microsoft.office.excel/files/aria/offlinestoragehigh.db
02-15 17:27:38.811  6309  6330 W System.err: stat failed: ENOENT (No such file or directory) : /data/user/0/com.microsoft.office.excel/files/aria/offlinestoragenormal.db
02-15 17:27:38.811  6309  6330 W System.err: stat failed: ENOENT (No such file or directory) : /data/user/0/com.microsoft.office.excel/files/aria/offlinestoragelow.db
02-15 17:27:38.821  6193  6207 D [ACT]:ao: processing priority = HIGH
02-15 17:27:38.821  6193  6207 W System.err: stat failed: ENOENT (No such file or directory) : /data/user/0/com.microsoft.office.powerpoint/files/aria/offlinestoragehigh.db
02-15 17:27:38.821  6193  6207 W System.err: stat failed: ENOENT (No such file or directory) : /data/user/0/com.microsoft.office.powerpoint/files/aria/offlinestoragehigh.db
02-15 17:27:38.821  6193  6207 W System.err: stat failed: ENOENT (No such file or directory) : /data/user/0/com.microsoft.office.powerpoint/files/aria/offlinestoragenormal.db
02-15 17:27:38.821  6193  6207 W System.err: stat failed: ENOENT (No such file or directory) : /data/user/0/com.microsoft.office.powerpoint/files/aria/offlinestoragelow.db
02-15 17:27:38.841 21531 21531 I System.out: X:0.05626374,Y:-0.08020575,Z:9.787497
02-15 17:27:38.851 31179 31210 D [ACT]:ao: processing priority = HIGH
02-15 17:27:38.851 31179 31210 W System.err: stat failed: ENOENT (No such file or directory) : /data/user/0/com.microsoft.office.word/files/aria/offlinestoragehigh.db
02-15 17:27:38.851 31179 31210 W System.err: stat failed: ENOENT (No such file or directory) : /data/user/0/com.microsoft.office.word/files/aria/offlinestoragehigh.db
02-15 17:27:38.851 31179 31210 W System.err: stat failed: ENOENT (No such file or directory) : /data/user/0/com.microsoft.office.word/files/aria/offlinestoragenormal.db
02-15 17:27:38.851 31179 31210 W System.err: stat failed: ENOENT (No such file or directory) : /data/user/0/com.microsoft.office.word/files/aria/offlinestoragelow.db
02-15 17:27:38.901  3452  3937 D InputReader: Input event(4): value=0 when=10964231231000
02-15 17:27:38.901  3452  3937 D InputReader: Input event(4): value=0 when=10964231231000
02-15 17:27:38.901  3452  3937 I InputReader: Touch event's action is 0x1 (deviceType=0) [pCnt=1, s=] when=10964231231000
02-15 17:27:38.901  3452  3936 I InputDispatcher: Delivering touch to (21531): action: 0x1, toolType: 1
02-15 17:27:38.901 21531 21531 D ViewRootImpl: ViewPostImeInputStage processPointer 1
02-15 17:27:38.951 21531 21531 I System.out: X:-0.090979666,Y:-0.025139118,Z:9.975441
02-15 17:27:39.051 21531 21531 I System.out: X:0.29448682,Y:-0.7026982,Z:9.685743
02-15 17:27:39.061  3452  3937 D InputReader: Input event(4): value=1 when=10964390754000
02-15 17:27:39.061  3452  3937 D InputReader: Input event(4): value=1 when=10964390754000
02-15 17:27:39.061  3452  3937 I InputReader: Touch event's action is 0x0 (deviceType=0) [pCnt=1, s=0.113 ] when=10964390754000
02-15 17:27:39.061  3452  3937 D InputReader: lastThreadEndTime = 10964231487893, currentThreadStartTime = 10964231492060, diff = 0
02-15 17:27:39.061  3452  3936 I InputDispatcher: Delivering touch to (4042): action: 0x4, toolType: 1
02-15 17:27:39.061  3452  3936 I InputDispatcher: Delivering touch to (21531): action: 0x0, toolType: 1
02-15 17:27:39.061 21531 21531 D ViewRootImpl: ViewPostImeInputStage processPointer 0
02-15 17:27:39.151 21531 21531 I System.out: X:0.019153614,Y:0.20709845,Z:9.7324295
02-15 17:27:39.261 21531 21531 I System.out: X:0.06703765,Y:0.01316811,Z:9.781511
02-15 17:27:39.361 21531 21531 I System.out: X:0.08259996,Y:0.034715924,Z:9.816227
02-15 17:27:39.461 21531 21531 I System.out: X:0.090979666,Y:-0.02873042,Z:9.757569
02-15 17:27:39.561 21531 21531 I System.out: X:0.08379706,Y:0.031124622,Z:9.801862
02-15 17:27:39.571  3452  3937 I InputReader: Touch event's action (MT) is 0x105 (deviceType=0) [pCnt=2, s=0.113 1.114 ] when=10964902398000
02-15 17:27:39.571  3452  3936 I InputDispatcher: Delivering touch to (21531): action: 0x105, toolType: 1
02-15 17:27:39.671 21531 21531 I System.out: X:0.093373865,Y:0.007182605,Z:9.812635
02-15 17:27:39.691  3452  3937 I InputReader: Touch event's action (MT) is 0x106 (deviceType=0) [pCnt=2, s=0.113 ] when=10965027228000
02-15 17:27:39.691  3452  3936 I InputDispatcher: Delivering touch to (21531): action: 0x106, toolType: 1
02-15 17:27:39.771 21531 21531 I System.out: X:0.090979666,Y:0.005985504,Z:9.811439
02-15 17:27:39.881 21531 21531 I System.out: X:0.08020575,Y:0.016759412,Z:9.757569
02-15 17:27:39.931 21803 21803 E Zygote  : v2
02-15 17:27:39.941 21803 21803 W SELinux : Function: selinux_compare_spd_ram, index[1], priority [2], priority version is VE=SEPF_SECMOBILE_6.0.1_0029
02-15 17:27:39.941 21803 21803 E Zygote  : accessInfo : 0
02-15 17:27:39.941 21803 21803 W SELinux : SELinux: seapp_context_lookup: seinfo=gmscore, level=s0:c512,c768, pkgname=com.google.android.gms.unstable 
02-15 17:27:39.961 21803 21803 D TimaKeyStoreProvider: TimaSignature is unavailable
02-15 17:27:39.961 21803 21803 D ActivityThread: Added TimaKeyStore provider
02-15 17:27:39.981 21531 21531 I System.out: X:0.062249243,Y:0.01436521,Z:9.825804
02-15 17:27:39.981 21803 21803 I InjectionManager: Inside getClassLibPath + mLibMap{0=, 1=}
02-15 17:27:39.991 21803 21803 I InjectionManager: Inside getClassLibPath caller 
02-15 17:27:40.001  3392  3605 W GmsClient: mServiceBroker is null, client disconnected
02-15 17:27:40.031 21803 21803 I LoadedApk: No resource references to update in package FFFFFFFFFFFFFFFFFFFFFF
02-15 17:27:40.041  3452  3937 I InputReader: Touch event's action (MT) is 0x105 (deviceType=0) [pCnt=2, s=0.113 1.115 ] when=10965378950000
02-15 17:27:40.041  3452  3936 I InputDispatcher: Delivering touch to (21531): action: 0x105, toolType: 1
02-15 17:27:40.081 21531 21531 I System.out: X:0.074220255,Y:0.0035913025,Z:9.7719345
02-15 17:27:40.091 21803 21803 W linker  : /data/app/com.google.android.gms-1/lib/arm64/libconscrypt_gmscore_jni.so: unused DT entry: type 0x1d arg 0x80
02-15 17:27:40.091 21803 21803 V JNIHelp : Registering com/google/android/gms/org/conscrypt/NativeCrypto's 242 native methods...
02-15 17:27:40.111 21803 21803 I art     : Rejecting re-init on previously-failed class java.lang.Class<com.google.android.gms.org.conscrypt.OpenSSLExtendedSessionImpl>
02-15 17:27:40.111 21803 21803 I art     : Rejecting re-init on previously-failed class java.lang.Class<com.google.android.gms.org.conscrypt.OpenSSLExtendedSessionImpl>
02-15 17:27:40.121 21803 21803 I ProviderInstaller: Installed default security provider GmsCore_OpenSSL
02-15 17:27:40.151 21803 21803 D InjectionManager: InjectionManager
02-15 17:27:40.151 21803 21803 D InjectionManager: fillFeatureStoreMap com.google.android.gms
02-15 17:27:40.151 21803 21803 I InjectionManager: Constructor com.google.android.gms, Feature store :{}
02-15 17:27:40.151 21803 21803 I InjectionManager: featureStore :{}
02-15 17:27:40.181 21531 21531 I System.out: X:0.074220255,Y:0.005985504,Z:9.830592
02-15 17:27:40.201  3452  3937 I InputReader: Touch event's action (MT) is 0x106 (deviceType=0) [pCnt=2, s=0.113 ] when=10965537953000
02-15 17:27:40.201  3452  3936 I InputDispatcher: Delivering touch to (21531): action: 0x106, toolType: 1
02-15 17:27:40.231  3067  3715 I Drm     : android::Drm::Drm() is called from com.google.android.gms.unstable(pid:21803)
02-15 17:27:40.271  3067  4562 D WVCdm   : Instantiating CDM.
02-15 17:27:40.271  3067 12474 I Drm     : virtual status_t android::Drm::openSession(Vector<uint8_t> &) is called from com.google.android.gms.unstable(pid:21803)
02-15 17:27:40.271  3067 12474 I WVCdm   : CdmEngine::OpenSession
02-15 17:27:40.271  3067 12474 I WVCdm   : Level3 Library Jun 15 2015 14:09:24
02-15 17:27:40.271  3067 12474 W WVCdm   : Could not read /data/mediadrm/IDM1013/ay64.dat2: No such file or directory
02-15 17:27:40.281  3067 12474 E wv_dash : OEMCrypto_Initialize. usage(1)
02-15 17:27:40.281  3067 12474 E wv_dash : No saved usage table. Creating new table.
02-15 17:27:40.281 21531 21531 I System.out: X:0.076614454,Y:0.0011971008,Z:9.787497
02-15 17:27:40.291 21803 21814 I System.out: (HTTPLog)-Static: isSBSettingEnabled false
02-15 17:27:40.291 21803 21814 I System.out: (HTTPLog)-Static: isSBSettingEnabled false
02-15 17:27:40.291  3054  3706 D EnterpriseController: netId is 0
02-15 17:27:40.291  3054  3706 D Netd    : getNetworkForDns: using netid 502 for uid 10011
02-15 17:27:40.301 21803 21814 I qtaguid : Tagging socket 22 with tag 3000180300000000{805312515,0} uid -1, pid: 21803, getuid(): 10011
02-15 17:27:40.311  3067 12474 D WVCdm   : OEMCrypto_Initialize Level 1 success. I will use level 1.
02-15 17:27:40.311  3067 12474 E wv_dash : OEMCrypto_OpenSession. usage(1)
02-15 17:27:40.321  3067 12474 E wv_dash : OEMCrypto_OpenSession. opened sid(1)
02-15 17:27:40.361  3067 12474 I WVCdm   : CdmEngine::QueryKeyControlInfo
02-15 17:27:40.371  3067  4564 W WVCdm   : BufferReader::Read<T> : Failure during parse: Not enough bytes (4)
02-15 17:27:40.371  3067  4564 W WVCdm   : CdmEngine::ExtractWidevinePssh: Unable to read atom size.
02-15 17:27:40.371  3067  4564 I WVCdm   : CdmEngine::GenerateKeyRequest
02-15 17:27:40.371  3067  4564 D WVCdm   : PrepareKeyRequest: nonce=432261540
02-15 17:27:40.391 21531 21531 I System.out: X:0.08738836,Y:-0.005985504,Z:9.78989
02-15 17:27:40.481 21803 21814 I qtaguid : Untagging socket 22
02-15 17:27:40.491 21531 21531 I System.out: X:0.076614454,Y:0.008379706,Z:9.76954
02-15 17:27:40.501  3452  3937 I InputReader: Touch event's action (MT) is 0x105 (deviceType=0) [pCnt=2, s=0.113 1.116 ] when=10965833040000
02-15 17:27:40.501  3452  3936 I InputDispatcher: Delivering touch to (21531): action: 0x105, toolType: 1
02-15 17:27:40.591  3067  3715 I Drm     : virtual status_t android::Drm::closeSession(const Vector<uint8_t> &) is called from com.google.android.gms.unstable(pid:21803)
02-15 17:27:40.591  3067  3715 I WVCdm   : CdmEngine::CloseSession
02-15 17:27:40.591  3067  3715 E wv_dash : OEMCrypto_CloseSession. usage(0). sid(1)
02-15 17:27:40.591  3067  3715 E wv_dash : OEMCrypto_Terminate. usage(0)
02-15 17:27:40.591 21531 21531 I System.out: X:0.19033903,Y:-0.08499416,Z:9.850943
02-15 17:27:40.621  3452  3937 I InputReader: Touch event's action (MT) is 0x106 (deviceType=0) [pCnt=2, s=0.113 ] when=10965957726000
02-15 17:27:40.621  3452  3936 I InputDispatcher: Delivering touch to (21531): action: 0x106, toolType: 1
02-15 17:27:40.701 21531 21531 I System.out: X:0.059855044,Y:-0.007182605,Z:9.781511
02-15 17:27:40.801 21531 21531 I System.out: X:0.06823475,Y:-0.0047884034,Z:9.788693
02-15 17:27:40.811 21851 21851 I dex2oat : /system/bin/dex2oat --compiler-filter=speed --dex-file=/data/user/0/com.google.android.gms/app_fb/f.apk --oat-file=/data/user/0/com.google.android.gms/app_fb/f.dex
02-15 17:27:40.811  6309  6330 D [ACT]:ao: processing priority = LOW
02-15 17:27:40.811  6309  6330 W System.err: stat failed: ENOENT (No such file or directory) : /data/user/0/com.microsoft.office.excel/files/aria/offlinestoragehigh.db
02-15 17:27:40.811  6309  6330 W System.err: stat failed: ENOENT (No such file or directory) : /data/user/0/com.microsoft.office.excel/files/aria/offlinestoragenormal.db
02-15 17:27:40.811  6309  6330 W System.err: stat failed: ENOENT (No such file or directory) : /data/user/0/com.microsoft.office.excel/files/aria/offlinestoragelow.db
02-15 17:27:40.811  6309  6330 W System.err: stat failed: ENOENT (No such file or directory) : /data/user/0/com.microsoft.office.excel/files/aria/offlinestoragehigh.db
02-15 17:27:40.811  6309  6330 W System.err: stat failed: ENOENT (No such file or directory) : /data/user/0/com.microsoft.office.excel/files/aria/offlinestoragenormal.db
02-15 17:27:40.811  6309  6330 W System.err: stat failed: ENOENT (No such file or directory) : /data/user/0/com.microsoft.office.excel/files/aria/offlinestoragelow.db
02-15 17:27:40.821  6193  6207 D [ACT]:ao: processing priority = LOW
02-15 17:27:40.821  6193  6207 W System.err: stat failed: ENOENT (No such file or directory) : /data/user/0/com.microsoft.office.powerpoint/files/aria/offlinestoragehigh.db
02-15 17:27:40.821  6193  6207 W System.err: stat failed: ENOENT (No such file or directory) : /data/user/0/com.microsoft.office.powerpoint/files/aria/offlinestoragenormal.db
02-15 17:27:40.821  6193  6207 W System.err: stat failed: ENOENT (No such file or directory) : /data/user/0/com.microsoft.office.powerpoint/files/aria/offlinestoragelow.db
02-15 17:27:40.821  6193  6207 W System.err: stat failed: ENOENT (No such file or directory) : /data/user/0/com.microsoft.office.powerpoint/files/aria/offlinestoragehigh.db
02-15 17:27:40.821  6193  6207 W System.err: stat failed: ENOENT (No such file or directory) : /data/user/0/com.microsoft.office.powerpoint/files/aria/offlinestoragenormal.db
02-15 17:27:40.821  6193  6207 W System.err: stat failed: ENOENT (No such file or directory) : /data/user/0/com.microsoft.office.powerpoint/files/aria/offlinestoragelow.db
02-15 17:27:40.851 31179 31210 D [ACT]:ao: processing priority = LOW
02-15 17:27:40.851 31179 31210 W System.err: stat failed: ENOENT (No such file or directory) : /data/user/0/com.microsoft.office.word/files/aria/offlinestoragehigh.db
02-15 17:27:40.851 31179 31210 W System.err: stat failed: ENOENT (No such file or directory) : /data/user/0/com.microsoft.office.word/files/aria/offlinestoragenormal.db
02-15 17:27:40.851 31179 31210 W System.err: stat failed: ENOENT (No such file or directory) : /data/user/0/com.microsoft.office.word/files/aria/offlinestoragelow.db
02-15 17:27:40.851 31179 31210 W System.err: stat failed: ENOENT (No such file or directory) : /data/user/0/com.microsoft.office.word/files/aria/offlinestoragehigh.db
02-15 17:27:40.851 31179 31210 W System.err: stat failed: ENOENT (No such file or directory) : /data/user/0/com.microsoft.office.word/files/aria/offlinestoragenormal.db
02-15 17:27:40.851 31179 31210 W System.err: stat failed: ENOENT (No such file or directory) : /data/user/0/com.microsoft.office.word/files/aria/offlinestoragelow.db
02-15 17:27:40.861 21851 21851 I dex2oat : ----------------------------------------------------
02-15 17:27:40.861 21851 21851 I dex2oat : <SS>: S T A R T I N G . . .
02-15 17:27:40.861 21851 21851 E dex2oat : <SS>: oat location is not valid /data/user/0/com.google.android.gms/app_fb/f.dex
02-15 17:27:40.861 21851 21851 I dex2oat : dex2oat took 53.257ms (threads: 8) arena alloc=220KB java alloc=79KB native alloc=2MB free=2MB
02-15 17:27:40.871 21803 21814 W System  : ClassLoader referenced unknown path: 
02-15 17:27:40.871 21803 21814 W System.err: remove failed: ENOTEMPTY (Directory not empty) : /data/user/0/com.google.android.gms/app_fb
02-15 17:27:40.901 21531 21531 I System.out: X:0.06703765,Y:-0.027533319,Z:9.783905
02-15 17:27:40.911 21803 21814 D libEGL  : loaded /vendor/lib64/egl/libGLES_mali.so
02-15 17:27:40.931  3452  3937 I InputReader: Touch event's action (MT) is 0x105 (deviceType=0) [pCnt=2, s=0.113 1.117 ] when=10966264887000
02-15 17:27:40.931  3452  3936 I InputDispatcher: Delivering touch to (21531): action: 0x105, toolType: 1
02-15 17:27:40.931 21803 21814 D libEGL  : eglInitialize EGLDisplay = 0x7f94c47e38
02-15 17:27:40.941 21803 21814 D         : ro.exynos.dss isEnabled: 0
02-15 17:27:40.981 21803 21814 D libEGL  : eglTerminate EGLDisplay = 0x7f94c47eb8
02-15 17:27:40.981 21803 21814 D libEGL  : eglInitialize EGLDisplay = 0x7f94c47e38
02-15 17:27:40.981 21803 21814 D         : ro.exynos.dss isEnabled: 0
02-15 17:27:41.001 21803 21814 D libEGL  : eglTerminate EGLDisplay = 0x7f94c47eb8
02-15 17:27:41.001 21531 21531 I System.out: X:0.04189853,Y:-0.022744916,Z:9.791088
02-15 17:27:41.071  3452  3937 I InputReader: Touch event's action (MT) is 0x106 (deviceType=0) [pCnt=2, s=0.113 ] when=10966401096000
02-15 17:27:41.071  3452  3936 I InputDispatcher: Delivering touch to (21531): action: 0x106, toolType: 1
02-15 17:27:41.111 21531 21531 I System.out: X:0.10175357,Y:-0.007182605,Z:9.79827
02-15 17:27:41.211 21531 21531 I System.out: X:0.06464344,Y:0.009576807,Z:9.785102
02-15 17:27:41.251  3392  3619 I System.out: (HTTPLog)-Static: isSBSettingEnabled false
02-15 17:27:41.251  3392  3619 I System.out: (HTTPLog)-Static: isSBSettingEnabled false
02-15 17:27:41.251  3054  3706 D EnterpriseController: netId is 0
02-15 17:27:41.251  3054  3706 D Netd    : getNetworkForDns: using netid 502 for uid 10011
02-15 17:27:41.261  3392  3619 I qtaguid : Tagging socket 101 with tag 3000300000000000{805318656,0} uid -1, pid: 3392, getuid(): 10011
02-15 17:27:41.261  3392  3619 I qtaguid : Tagging socket 104 with tag 3000300000000000{805318656,0} uid -1, pid: 3392, getuid(): 10011
02-15 17:27:41.311 21531 21531 I System.out: X:0.025139118,Y:0.015562311,Z:9.617508
02-15 17:27:41.321  3452  3937 I InputReader: Touch event's action (MT) is 0x105 (deviceType=0) [pCnt=2, s=0.113 1.118 ] when=10966651146000
02-15 17:27:41.321  3452  3936 I InputDispatcher: Delivering touch to (21531): action: 0x105, toolType: 1
02-15 17:27:41.341  3392  3619 I qtaguid : Untagging socket 101
02-15 17:27:41.401  3392 23432 W Icing   : App history upload skipped 18 0 0
02-15 17:27:41.411 21531 21531 I System.out: X:0.19393034,Y:0.07062895,Z:9.902418
02-15 17:27:41.421  3452  3937 I InputReader: Touch event's action (MT) is 0x106 (deviceType=0) [pCnt=2, s=0.113 ] when=10966753068000
02-15 17:27:41.421  3452  3936 I InputDispatcher: Delivering touch to (21531): action: 0x106, toolType: 1
02-15 17:27:41.511 21531 21531 I System.out: X:0.08259996,Y:0.031124622,Z:9.7958765
02-15 17:27:41.611 21531 21531 I System.out: X:0.090979666,Y:0.016759412,Z:9.76954
02-15 17:27:41.661  3452  3937 I InputReader: Touch event's action (MT) is 0x105 (deviceType=0) [pCnt=2, s=0.113 1.119 ] when=10966991837000
02-15 17:27:41.661  3452  3936 I InputDispatcher: Delivering touch to (21531): action: 0x105, toolType: 1
02-15 17:27:41.721 21531 21531 I System.out: X:0.08020575,Y:-0.010773907,Z:9.773131
02-15 17:27:41.821 21531 21531 I System.out: X:-0.17597382,Y:-0.50278234,Z:9.842564
02-15 17:27:41.861  3452  3937 I InputReader: Touch event's action (MT) is 0x106 (deviceType=0) [pCnt=2, s=0.113 ] when=10967195884000
02-15 17:27:41.861  3452  3936 I InputDispatcher: Delivering touch to (21531): action: 0x106, toolType: 1
02-15 17:27:41.931 21531 21531 I System.out: X:0.05865794,Y:-0.031124622,Z:9.7563715
02-15 17:27:42.031 21531 21531 I System.out: X:0.12090719,Y:0.03232172,Z:8.676587
02-15 17:27:42.041  3452  3937 I InputReader: Touch event's action (MT) is 0x105 (deviceType=0) [pCnt=2, s=0.113 1.120 ] when=10967377991000
02-15 17:27:42.041  3452  3936 I InputDispatcher: Delivering touch to (21531): action: 0x105, toolType: 1
02-15 17:27:42.131 21531 21531 I System.out: X:0.2873042,Y:0.09816227,Z:9.80665
02-15 17:27:42.131  3452  3937 I InputReader: Touch event's action (MT) is 0x106 (deviceType=0) [pCnt=2, s=0.113 ] when=10967468618000
02-15 17:27:42.131  3452  3936 I InputDispatcher: Delivering touch to (21531): action: 0x106, toolType: 1
02-15 17:27:42.241 21531 21531 I System.out: X:0.16759412,Y:0.01436521,Z:9.783905
02-15 17:27:42.341 21531 21531 I System.out: X:0.01436521,Y:-0.24301147,Z:9.837775
02-15 17:27:42.441  3452  3937 I InputReader: Touch event's action (MT) is 0x105 (deviceType=0) [pCnt=2, s=0.113 1.121 ] when=10967775591000
02-15 17:27:42.441  3452  3936 I InputDispatcher: Delivering touch to (21531): action: 0x105, toolType: 1
02-15 17:27:42.441 21531 21531 I System.out: X:0.36032736,Y:0.25258827,Z:9.991004
02-15 17:27:42.551 21531 21531 I System.out: X:1.0486604,Y:-0.4261679,Z:9.697714
02-15 17:27:42.581  3452  3937 I InputReader: Touch event's action (MT) is 0x106 (deviceType=0) [pCnt=2, s=0.113 ] when=10967912117000
02-15 17:27:42.581  3452  3936 I InputDispatcher: Delivering touch to (21531): action: 0x106, toolType: 1
02-15 17:27:42.621  3452  3937 D InputReader: Input event(4): value=0 when=10967956128000
02-15 17:27:42.621  3452  3937 D InputReader: Input event(4): value=0 when=10967956128000
02-15 17:27:42.621  3452  3937 I InputReader: Touch event's action is 0x1 (deviceType=0) [pCnt=1, s=] when=10967956128000
02-15 17:27:42.621  3452  3936 I InputDispatcher: Delivering touch to (21531): action: 0x1, toolType: 1
02-15 17:27:42.621 21531 21531 D ViewRootImpl: ViewPostImeInputStage processPointer 1
02-15 17:27:42.651 21531 21531 I System.out: X:-0.30765492,Y:-0.8415619,Z:9.868899
02-15 17:27:42.751 21531 21531 I System.out: X:0.30286652,Y:0.11372458,Z:9.408015
02-15 17:27:42.811  6309  6330 D [ACT]:ao: processing priority = HIGH
02-15 17:27:42.811  6309  6330 W System.err: stat failed: ENOENT (No such file or directory) : /data/user/0/com.microsoft.office.excel/files/aria/offlinestoragehigh.db
02-15 17:27:42.811  6309  6330 W System.err: stat failed: ENOENT (No such file or directory) : /data/user/0/com.microsoft.office.excel/files/aria/offlinestoragehigh.db
02-15 17:27:42.811  6309  6330 W System.err: stat failed: ENOENT (No such file or directory) : /data/user/0/com.microsoft.office.excel/files/aria/offlinestoragenormal.db
02-15 17:27:42.811  6309  6330 W System.err: stat failed: ENOENT (No such file or directory) : /data/user/0/com.microsoft.office.excel/files/aria/offlinestoragelow.db
02-15 17:27:42.821  6193  6207 D [ACT]:ao: processing priority = HIGH
02-15 17:27:42.821  6193  6207 W System.err: stat failed: ENOENT (No such file or directory) : /data/user/0/com.microsoft.office.powerpoint/files/aria/offlinestoragehigh.db
02-15 17:27:42.821  6193  6207 W System.err: stat failed: ENOENT (No such file or directory) : /data/user/0/com.microsoft.office.powerpoint/files/aria/offlinestoragehigh.db
02-15 17:27:42.821  6193  6207 W System.err: stat failed: ENOENT (No such file or directory) : /data/user/0/com.microsoft.office.powerpoint/files/aria/offlinestoragenormal.db
02-15 17:27:42.821  6193  6207 W System.err: stat failed: ENOENT (No such file or directory) : /data/user/0/com.microsoft.office.powerpoint/files/aria/offlinestoragelow.db
02-15 17:27:42.851 31179 31210 D [ACT]:ao: processing priority = HIGH
02-15 17:27:42.851 31179 31210 W System.err: stat failed: ENOENT (No such file or directory) : /data/user/0/com.microsoft.office.word/files/aria/offlinestoragehigh.db
02-15 17:27:42.851 21531 21531 I System.out: X:0.04189853,Y:-0.17477672,Z:10.395624
02-15 17:27:42.851 31179 31210 W System.err: stat failed: ENOENT (No such file or directory) : /data/user/0/com.microsoft.office.word/files/aria/offlinestoragehigh.db
02-15 17:27:42.851 31179 31210 W System.err: stat failed: ENOENT (No such file or directory) : /data/user/0/com.microsoft.office.word/files/aria/offlinestoragenormal.db
02-15 17:27:42.851 31179 31210 W System.err: stat failed: ENOENT (No such file or directory) : /data/user/0/com.microsoft.office.word/files/aria/offlinestoragelow.db
02-15 17:27:42.951 21531 21531 I System.out: X:0.21787235,Y:0.16280572,Z:10.132261
02-15 17:27:43.061 21531 21531 I System.out: X:0.16759412,Y:-0.12330139,Z:9.758766
02-15 17:27:43.161 21531 21531 I System.out: X:0.17717093,Y:-0.009576807,Z:9.767146
02-15 17:27:43.221  3452  3937 D InputReader: Input event(4): value=1 when=10968555516000
02-15 17:27:43.221  3452  3937 D InputReader: Input event(4): value=1 when=10968555516000
02-15 17:27:43.221  3452  3937 I InputReader: Touch event's action is 0x0 (deviceType=0) [pCnt=1, s=0.122 ] when=10968555516000
02-15 17:27:43.221  3452  3937 D InputReader: lastThreadEndTime = 10967956369853, currentThreadStartTime = 10967956373728, diff = 0
02-15 17:27:43.221  3452  3936 I InputDispatcher: Delivering touch to (4042): action: 0x4, toolType: 1
02-15 17:27:43.221  3452  3936 I InputDispatcher: Delivering touch to (21531): action: 0x0, toolType: 1
02-15 17:27:43.221 21531 21531 D ViewRootImpl: ViewPostImeInputStage processPointer 0
02-15 17:27:43.271 21531 21531 I System.out: X:0.11252748,Y:0.0011971008,Z:9.775525
02-15 17:27:43.371 21531 21531 I System.out: X:0.1436521,Y:-0.022744916,Z:9.762358
02-15 17:27:43.391  3452  3937 D InputReader: Input event(4): value=0 when=10968725340000
02-15 17:27:43.391  3452  3937 D InputReader: Input event(4): value=0 when=10968725340000
02-15 17:27:43.391  3452  3937 I InputReader: Touch event's action is 0x1 (deviceType=0) [pCnt=1, s=] when=10968725340000
02-15 17:27:43.391  3452  3936 I InputDispatcher: Delivering touch to (21531): action: 0x1, toolType: 1
02-15 17:27:43.391 21531 21531 D ViewRootImpl: ViewPostImeInputStage processPointer 1
02-15 17:27:43.421 21531 21531 I System.out: File saved successfully in /storage/emulated/0/Documents/data.txt
02-15 17:27:44.811  6309  6330 D [ACT]:ao: processing priority = NORMAL
02-15 17:27:44.811  6309  6330 W System.err: stat failed: ENOENT (No such file or directory) : /data/user/0/com.microsoft.office.excel/files/aria/offlinestoragehigh.db
02-15 17:27:44.821  6309  6330 W System.err: stat failed: ENOENT (No such file or directory) : /data/user/0/com.microsoft.office.excel/files/aria/offlinestoragenormal.db
02-15 17:27:44.821  6309  6330 W System.err: stat failed: ENOENT (No such file or directory) : /data/user/0/com.microsoft.office.excel/files/aria/offlinestoragehigh.db
02-15 17:27:44.821  6193  6207 D [ACT]:ao: processing priority = NORMAL
02-15 17:27:44.821  6193  6207 W System.err: stat failed: ENOENT (No such file or directory) : /data/user/0/com.microsoft.office.powerpoint/files/aria/offlinestoragehigh.db
02-15 17:27:44.821  6193  6207 W System.err: stat failed: ENOENT (No such file or directory) : /data/user/0/com.microsoft.office.powerpoint/files/aria/offlinestoragenormal.db
02-15 17:27:44.821  6309  6330 W System.err: stat failed: ENOENT (No such file or directory) : /data/user/0/com.microsoft.office.excel/files/aria/offlinestoragenormal.db
02-15 17:27:44.821  6193  6207 W System.err: stat failed: ENOENT (No such file or directory) : /data/user/0/com.microsoft.office.powerpoint/files/aria/offlinestoragehigh.db
02-15 17:27:44.821  6309  6330 W System.err: stat failed: ENOENT (No such file or directory) : /data/user/0/com.microsoft.office.excel/files/aria/offlinestoragelow.db
02-15 17:27:44.821  6193  6207 W System.err: stat failed: ENOENT (No such file or directory) : /data/user/0/com.microsoft.office.powerpoint/files/aria/offlinestoragenormal.db
02-15 17:27:44.821  6193  6207 W System.err: stat failed: ENOENT (No such file or directory) : /data/user/0/com.microsoft.office.powerpoint/files/aria/offlinestoragelow.db
02-15 17:27:44.851 31179 31210 D [ACT]:ao: processing priority = NORMAL
02-15 17:27:44.851 31179 31210 W System.err: stat failed: ENOENT (No such file or directory) : /data/user/0/com.microsoft.office.word/files/aria/offlinestoragehigh.db
02-15 17:27:44.861 31179 31210 W System.err: stat failed: ENOENT (No such file or directory) : /data/user/0/com.microsoft.office.word/files/aria/offlinestoragenormal.db
02-15 17:27:44.861 31179 31210 W System.err: stat failed: ENOENT (No such file or directory) : /data/user/0/com.microsoft.office.word/files/aria/offlinestoragehigh.db
02-15 17:27:44.871 31179 31210 W System.err: stat failed: ENOENT (No such file or directory) : /data/user/0/com.microsoft.office.word/files/aria/offlinestoragenormal.db
02-15 17:27:44.871 31179 31210 W System.err: stat failed: ENOENT (No such file or directory) : /data/user/0/com.microsoft.office.word/files/aria/offlinestoragelow.db
02-15 17:27:46.331  4042  4042 D KeyguardUpdateMonitor: received broadcast android.intent.action.BATTERY_CHANGED
02-15 17:27:46.331  4042  4042 D KeyguardUpdateMonitor: handleBatteryUpdate
02-15 17:27:46.811  6309  6330 D [ACT]:ao: processing priority = HIGH
02-15 17:27:46.811  6309  6330 W System.err: stat failed: ENOENT (No such file or directory) : /data/user/0/com.microsoft.office.excel/files/aria/offlinestoragehigh.db
02-15 17:27:46.821  6193  6207 D [ACT]:ao: processing priority = HIGH
02-15 17:27:46.821  6193  6207 W System.err: stat failed: ENOENT (No such file or directory) : /data/user/0/com.microsoft.office.powerpoint/files/aria/offlinestoragehigh.db
02-15 17:27:46.821  6309  6330 W System.err: stat failed: ENOENT (No such file or directory) : /data/user/0/com.microsoft.office.excel/files/aria/offlinestoragehigh.db
02-15 17:27:46.821  6193  6207 W System.err: stat failed: ENOENT (No such file or directory) : /data/user/0/com.microsoft.office.powerpoint/files/aria/offlinestoragehigh.db
02-15 17:27:46.821  6309  6330 W System.err: stat failed: ENOENT (No such file or directory) : /data/user/0/com.microsoft.office.excel/files/aria/offlinestoragenormal.db
02-15 17:27:46.821  6309  6330 W System.err: stat failed: ENOENT (No such file or directory) : /data/user/0/com.microsoft.office.excel/files/aria/offlinestoragelow.db
02-15 17:27:46.821  6193  6207 W System.err: stat failed: ENOENT (No such file or directory) : /data/user/0/com.microsoft.office.powerpoint/files/aria/offlinestoragenormal.db
02-15 17:27:46.831  6193  6207 W System.err: stat failed: ENOENT (No such file or directory) : /data/user/0/com.microsoft.office.powerpoint/files/aria/offlinestoragelow.db
02-15 17:27:46.851 31179 31210 D [ACT]:ao: processing priority = HIGH
02-15 17:27:46.851 31179 31210 W System.err: stat failed: ENOENT (No such file or directory) : /data/user/0/com.microsoft.office.word/files/aria/offlinestoragehigh.db
02-15 17:27:46.851 31179 31210 W System.err: stat failed: ENOENT (No such file or directory) : /data/user/0/com.microsoft.office.word/files/aria/offlinestoragehigh.db
02-15 17:27:46.851 31179 31210 W System.err: stat failed: ENOENT (No such file or directory) : /data/user/0/com.microsoft.office.word/files/aria/offlinestoragenormal.db
02-15 17:27:46.851 31179 31210 W System.err: stat failed: ENOENT (No such file or directory) : /data/user/0/com.microsoft.office.word/files/aria/offlinestoragelow.db
02-15 17:27:48.811  6309  6330 D [ACT]:ao: processing priority = NORMAL
02-15 17:27:48.811  6309  6330 W System.err: stat failed: ENOENT (No such file or directory) : /data/user/0/com.microsoft.office.excel/files/aria/offlinestoragehigh.db
02-15 17:27:48.811  6309  6330 W System.err: stat failed: ENOENT (No such file or directory) : /data/user/0/com.microsoft.office.excel/files/aria/offlinestoragenormal.db
