02-15 17:27:48.811  6309  6330 W System.err: stat failed: ENOENT (No such file or directory) : /data/user/0/com.microsoft.office.excel/files/aria/offlinestoragehigh.db
02-15 17:27:48.811  6309  6330 W System.err: stat failed: ENOENT (No such file or directory) : /data/user/0/com.microsoft.office.excel/files/aria/offlinestoragenormal.db
02-15 17:27:48.821  6309  6330 W System.err: stat failed: ENOENT (No such file or directory) : /data/user/0/com.microsoft.office.excel/files/aria/offlinestoragelow.db
02-15 17:27:48.821  6193  6207 D [ACT]:ao: processing priority = NORMAL
02-15 17:27:48.821  6193  6207 W System.err: stat failed: ENOENT (No such file or directory) : /data/user/0/com.microsoft.office.powerpoint/files/aria/offlinestoragehigh.db
02-15 17:27:48.821  6193  6207 W System.err: stat failed: ENOENT (No such file or directory) : /data/user/0/com.microsoft.office.powerpoint/files/aria/offlinestoragenormal.db
02-15 17:27:48.821  6193  6207 W System.err: stat failed: ENOENT (No such file or directory) : /data/user/0/com.microsoft.office.powerpoint/files/aria/offlinestoragehigh.db
02-15 17:27:48.821  6193  6207 W System.err: stat failed: ENOENT (No such file or directory) : /data/user/0/com.microsoft.office.powerpoint/files/aria/offlinestoragenormal.db
02-15 17:27:48.821  6193  6207 W System.err: stat failed: ENOENT (No such file or directory) : /data/user/0/com.microsoft.office.powerpoint/files/aria/offlinestoragelow.db
02-15 17:27:48.851 31179 31210 D [ACT]:ao: processing priority = NORMAL
02-15 17:27:48.851 31179 31210 W System.err: stat failed: ENOENT (No such file or directory) : /data/user/0/com.microsoft.office.word/files/aria/offlinestoragehigh.db
02-15 17:27:48.851 31179 31210 W System.err: stat failed: ENOENT (No such file or directory) : /data/user/0/com.microsoft.office.word/files/aria/offlinestoragenormal.db
02-15 17:27:48.851 31179 31210 W System.err: stat failed: ENOENT (No such file or directory) : /data/user/0/com.microsoft.office.word/files/aria/offlinestoragehigh.db
02-15 17:27:48.851 31179 31210 W System.err: stat failed: ENOENT (No such file or directory) : /data/user/0/com.microsoft.office.word/files/aria/offlinestoragenormal.db
02-15 17:27:48.851 31179 31210 W System.err: stat failed: ENOENT (No such file or directory) : /data/user/0/com.microsoft.office.word/files/aria/offlinestoragelow.db
02-15 17:27:50.811  6309  6330 D [ACT]:ao: processing priority = HIGH
02-15 17:27:50.811  6309  6330 W System.err: stat failed: ENOENT (No such file or directory) : /data/user/0/com.microsoft.office.excel/files/aria/offlinestoragehigh.db
02-15 17:27:50.821  6309  6330 W System.err: stat failed: ENOENT (No such file or directory) : /data/user/0/com.microsoft.office.excel/files/aria/offlinestoragehigh.db
02-15 17:27:50.821  6193  6207 D [ACT]:ao: processing priority = HIGH
02-15 17:27:50.821  6193  6207 W System.err: stat failed: ENOENT (No such file or directory) : /data/user/0/com.microsoft.office.powerpoint/files/aria/offlinestoragehigh.db
02-15 17:27:50.821  6193  6207 W System.err: stat failed: ENOENT (No such file or directory) : /data/user/0/com.microsoft.office.powerpoint/files/aria/offlinestoragehigh.db
02-15 17:27:50.821  6309  6330 W System.err: stat failed: ENOENT (No such file or directory) : /data/user/0/com.microsoft.office.excel/files/aria/offlinestoragenormal.db
02-15 17:27:50.821  6193  6207 W System.err: stat failed: ENOENT (No such file or directory) : /data/user/0/com.microsoft.office.powerpoint/files/aria/offlinestoragenormal.db
02-15 17:27:50.821  6193  6207 W System.err: stat failed: ENOENT (No such file or directory) : /data/user/0/com.microsoft.office.powerpoint/files/aria/offlinestoragelow.db
02-15 17:27:50.821  6309  6330 W System.err: stat failed: ENOENT (No such file or directory) : /data/user/0/com.microsoft.office.excel/files/aria/offlinestoragelow.db
02-15 17:27:50.851 31179 31210 D [ACT]:ao: processing priority = HIGH
02-15 17:27:50.851 31179 31210 W System.err: stat failed: ENOENT (No such file or directory) : /data/user/0/com.microsoft.office.word/files/aria/offlinestoragehigh.db
02-15 17:27:50.851 31179 31210 W System.err: stat failed: ENOENT (No such file or directory) : /data/user/0/com.microsoft.office.word/files/aria/offlinestoragehigh.db
02-15 17:27:50.851 31179 31210 W System.err: stat failed: ENOENT (No such file or directory) : /data/user/0/com.microsoft.office.word/files/aria/offlinestoragenormal.db
02-15 17:27:50.851 31179 31210 W System.err: stat failed: ENOENT (No such file or directory) : /data/user/0/com.microsoft.office.word/files/aria/offlinestoragelow.db
02-15 17:27:52.811  6309  6330 D [ACT]:ao: processing priority = NORMAL
02-15 17:27:52.811  6309  6330 W System.err: stat failed: ENOENT (No such file or directory) : /data/user/0/com.microsoft.office.excel/files/aria/offlinestoragehigh.db
02-15 17:27:52.821  6309  6330 W System.err: stat failed: ENOENT (No such file or directory) : /data/user/0/com.microsoft.office.excel/files/aria/offlinestoragenormal.db
02-15 17:27:52.821  6309  6330 W System.err: stat failed: ENOENT (No such file or directory) : /data/user/0/com.microsoft.office.excel/files/aria/offlinestoragehigh.db
02-15 17:27:52.821  6309  6330 W System.err: stat failed: ENOENT (No such file or directory) : /data/user/0/com.microsoft.office.excel/files/aria/offlinestoragenormal.db
02-15 17:27:52.821  6309  6330 W System.err: stat failed: ENOENT (No such file or directory) : /data/user/0/com.microsoft.office.excel/files/aria/offlinestoragelow.db
02-15 17:27:52.821  6193  6207 D [ACT]:ao: processing priority = NORMAL
02-15 17:27:52.821  6193  6207 W System.err: stat failed: ENOENT (No such file or directory) : /data/user/0/com.microsoft.office.powerpoint/files/aria/offlinestoragehigh.db
02-15 17:27:52.821  6193  6207 W System.err: stat failed: ENOENT (No such file or directory) : /data/user/0/com.microsoft.office.powerpoint/files/aria/offlinestoragenormal.db
02-15 17:27:52.821  6193  6207 W System.err: stat failed: ENOENT (No such file or directory) : /data/user/0/com.microsoft.office.powerpoint/files/aria/offlinestoragehigh.db
02-15 17:27:52.821  6193  6207 W System.err: stat failed: ENOENT (No such file or directory) : /data/user/0/com.microsoft.office.powerpoint/files/aria/offlinestoragenormal.db
02-15 17:27:52.821  6193  6207 W System.err: stat failed: ENOENT (No such file or directory) : /data/user/0/com.microsoft.office.powerpoint/files/aria/offlinestoragelow.db
02-15 17:27:52.851 31179 31210 D [ACT]:ao: processing priority = NORMAL
02-15 17:27:52.851 31179 31210 W System.err: stat failed: ENOENT (No such file or directory) : /data/user/0/com.microsoft.office.word/files/aria/offlinestoragehigh.db
02-15 17:27:52.851 31179 31210 W System.err: stat failed: ENOENT (No such file or directory) : /data/user/0/com.microsoft.office.word/files/aria/offlinestoragenormal.db
02-15 17:27:52.851 31179 31210 W System.err: stat failed: ENOENT (No such file or directory) : /data/user/0/com.microsoft.office.word/files/aria/offlinestoragehigh.db
02-15 17:27:52.851 31179 31210 W System.err: stat failed: ENOENT (No such file or directory) : /data/user/0/com.microsoft.office.word/files/aria/offlinestoragenormal.db
02-15 17:27:52.851 31179 31210 W System.err: stat failed: ENOENT (No such file or directory) : /data/user/0/com.microsoft.office.word/files/aria/offlinestoragelow.db
02-15 17:27:54.811  6309  6330 D [ACT]:ao: processing priority = HIGH
02-15 17:27:54.811  6309  6330 W System.err: stat failed: ENOENT (No such file or directory) : /data/user/0/com.microsoft.office.excel/files/aria/offlinestoragehigh.db
02-15 17:27:54.811  6309  6330 W System.err: stat failed: ENOENT (No such file or directory) : /data/user/0/com.microsoft.office.excel/files/aria/offlinestoragehigh.db
02-15 17:27:54.811  6309  6330 W System.err: stat failed: ENOENT (No such file or directory) : /data/user/0/com.microsoft.office.excel/files/aria/offlinestoragenormal.db
02-15 17:27:54.811  6309  6330 W System.err: stat failed: ENOENT (No such file or directory) : /data/user/0/com.microsoft.office.excel/files/aria/offlinestoragelow.db
02-15 17:27:54.821  6193  6207 D [ACT]:ao: processing priority = HIGH
02-15 17:27:54.821  6193  6207 W System.err: stat failed: ENOENT (No such file or directory) : /data/user/0/com.microsoft.office.powerpoint/files/aria/offlinestoragehigh.db
02-15 17:27:54.821  6193  6207 W System.err: stat failed: ENOENT (No such file or directory) : /data/user/0/com.microsoft.office.powerpoint/files/aria/offlinestoragehigh.db
02-15 17:27:54.821  6193  6207 W System.err: stat failed: ENOENT (No such file or directory) : /data/user/0/com.microsoft.office.powerpoint/files/aria/offlinestoragenormal.db
02-15 17:27:54.821  6193  6207 W System.err: stat failed: ENOENT (No such file or directory) : /data/user/0/com.microsoft.office.powerpoint/files/aria/offlinestoragelow.db
02-15 17:27:54.851 31179 31210 D [ACT]:ao: processing priority = HIGH
02-15 17:27:54.851 31179 31210 W System.err: stat failed: ENOENT (No such file or directory) : /data/user/0/com.microsoft.office.word/files/aria/offlinestoragehigh.db
02-15 17:27:54.851 31179 31210 W System.err: stat failed: ENOENT (No such file or directory) : /data/user/0/com.microsoft.office.word/files/aria/offlinestoragehigh.db
02-15 17:27:54.851 31179 31210 W System.err: stat failed: ENOENT (No such file or directory) : /data/user/0/com.microsoft.office.word/files/aria/offlinestoragenormal.db
02-15 17:27:54.851 31179 31210 W System.err: stat failed: ENOENT (No such file or directory) : /data/user/0/com.microsoft.office.word/files/aria/offlinestoragelow.db
02-15 17:27:56.391  4042  4042 D KeyguardUpdateMonitor: received broadcast android.intent.action.BATTERY_CHANGED
02-15 17:27:56.391  4042  4042 D KeyguardUpdateMonitor: handleBatteryUpdate
02-15 17:27:56.811  6309  6330 D [ACT]:ao: processing priority = LOW
02-15 17:27:56.811  6309  6330 W System.err: stat failed: ENOENT (No such file or directory) : /data/user/0/com.microsoft.office.excel/files/aria/offlinestoragehigh.db
02-15 17:27:56.821  6309  6330 W System.err: stat failed: ENOENT (No such file or directory) : /data/user/0/com.microsoft.office.excel/files/aria/offlinestoragenormal.db
02-15 17:27:56.821  6309  6330 W System.err: stat failed: ENOENT (No such file or directory) : /data/user/0/com.microsoft.office.excel/files/aria/offlinestoragelow.db
02-15 17:27:56.821  6309  6330 W System.err: stat failed: ENOENT (No such file or directory) : /data/user/0/com.microsoft.office.excel/files/aria/offlinestoragehigh.db
02-15 17:27:56.821  6309  6330 W System.err: stat failed: ENOENT (No such file or directory) : /data/user/0/com.microsoft.office.excel/files/aria/offlinestoragenormal.db
02-15 17:27:56.821  6309  6330 W System.err: stat failed: ENOENT (No such file or directory) : /data/user/0/com.microsoft.office.excel/files/aria/offlinestoragelow.db
02-15 17:27:56.821  6193  6207 D [ACT]:ao: processing priority = LOW
02-15 17:27:56.821  6193  6207 W System.err: stat failed: ENOENT (No such file or directory) : /data/user/0/com.microsoft.office.powerpoint/files/aria/offlinestoragehigh.db
02-15 17:27:56.821  6193  6207 W System.err: stat failed: ENOENT (No such file or directory) : /data/user/0/com.microsoft.office.powerpoint/files/aria/offlinestoragenormal.db
02-15 17:27:56.821  6193  6207 W System.err: stat failed: ENOENT (No such file or directory) : /data/user/0/com.microsoft.office.powerpoint/files/aria/offlinestoragelow.db
02-15 17:27:56.821  6193  6207 W System.err: stat failed: ENOENT (No such file or directory) : /data/user/0/com.microsoft.office.powerpoint/files/aria/offlinestoragehigh.db
02-15 17:27:56.821  6193  6207 W System.err: stat failed: ENOENT (No such file or directory) : /data/user/0/com.microsoft.office.powerpoint/files/aria/offlinestoragenormal.db
02-15 17:27:56.821  6193  6207 W System.err: stat failed: ENOENT (No such file or directory) : /data/user/0/com.microsoft.office.powerpoint/files/aria/offlinestoragelow.db
02-15 17:27:56.851 31179 31210 D [ACT]:ao: processing priority = LOW
02-15 17:27:56.851 31179 31210 W System.err: stat failed: ENOENT (No such file or directory) : /data/user/0/com.microsoft.office.word/files/aria/offlinestoragehigh.db
02-15 17:27:56.851 31179 31210 W System.err: stat failed: ENOENT (No such file or directory) : /data/user/0/com.microsoft.office.word/files/aria/offlinestoragenormal.db
02-15 17:27:56.851 31179 31210 W System.err: stat failed: ENOENT (No such file or directory) : /data/user/0/com.microsoft.office.word/files/aria/offlinestoragelow.db
02-15 17:27:56.851 31179 31210 W System.err: stat failed: ENOENT (No such file or directory) : /data/user/0/com.microsoft.office.word/files/aria/offlinestoragehigh.db
02-15 17:27:56.851 31179 31210 W System.err: stat failed: ENOENT (No such file or directory) : /data/user/0/com.microsoft.office.word/files/aria/offlinestoragenormal.db
02-15 17:27:56.851 31179 31210 W System.err: stat failed: ENOENT (No such file or directory) : /data/user/0/com.microsoft.office.word/files/aria/offlinestoragelow.db
02-15 17:27:58.491  4042  4247 D NetworkController.MobileSignalController(0/2147483643): onSignalStrengthsChanged signalStrength=SignalStrength: 8 99 -4 -200 -4 -200 -1 0 2147483647 2147483647 2147483647 2147483647 2147483647 0x2 gsm|lte level=2
02-15 17:27:58.491  4042  4247 D NetworkController.MobileSignalController(0/2147483643): getMobileIconGroup(): 0
02-15 17:27:58.521  4042  4247 D NetworkController.MobileSignalController(0/2147483643): onSignalStrengthsChanged signalStrength=SignalStrength: 6 99 -6 -200 -6 -200 -1 99 2147483647 2147483647 2147483647 2147483647 2147483647 0x2 gsm|lte level=2
02-15 17:27:58.531  4042  4247 D NetworkController.MobileSignalController(0/2147483643): getMobileIconGroup(): 0
02-15 17:27:58.811  6309  6330 D [ACT]:ao: processing priority = HIGH
02-15 17:27:58.811  6309  6330 W System.err: stat failed: ENOENT (No such file or directory) : /data/user/0/com.microsoft.office.excel/files/aria/offlinestoragehigh.db
02-15 17:27:58.811  6309  6330 W System.err: stat failed: ENOENT (No such file or directory) : /data/user/0/com.microsoft.office.excel/files/aria/offlinestoragehigh.db
02-15 17:27:58.811  6309  6330 W System.err: stat failed: ENOENT (No such file or directory) : /data/user/0/com.microsoft.office.excel/files/aria/offlinestoragenormal.db
02-15 17:27:58.811  6309  6330 W System.err: stat failed: ENOENT (No such file or directory) : /data/user/0/com.microsoft.office.excel/files/aria/offlinestoragelow.db
02-15 17:27:58.821  6193  6207 D [ACT]:ao: processing priority = HIGH
02-15 17:27:58.821  6193  6207 W System.err: stat failed: ENOENT (No such file or directory) : /data/user/0/com.microsoft.office.powerpoint/files/aria/offlinestoragehigh.db
02-15 17:27:58.821  6193  6207 W System.err: stat failed: ENOENT (No such file or directory) : /data/user/0/com.microsoft.office.powerpoint/files/aria/offlinestoragehigh.db
02-15 17:27:58.821  6193  6207 W System.err: stat failed: ENOENT (No such file or directory) : /data/user/0/com.microsoft.office.powerpoint/files/aria/offlinestoragenormal.db
02-15 17:27:58.821  6193  6207 W System.err: stat failed: ENOENT (No such file or directory) : /data/user/0/com.microsoft.office.powerpoint/files/aria/offlinestoragelow.db
02-15 17:27:58.851 31179 31210 D [ACT]:ao: processing priority = HIGH
02-15 17:27:58.851 31179 31210 W System.err: stat failed: ENOENT (No such file or directory) : /data/user/0/com.microsoft.office.word/files/aria/offlinestoragehigh.db
02-15 17:27:58.851 31179 31210 W System.err: stat failed: ENOENT (No such file or directory) : /data/user/0/com.microsoft.office.word/files/aria/offlinestoragehigh.db
02-15 17:27:58.851 31179 31210 W System.err: stat failed: ENOENT (No such file or directory) : /data/user/0/com.microsoft.office.word/files/aria/offlinestoragenormal.db
02-15 17:27:58.851 31179 31210 W System.err: stat failed: ENOENT (No such file or directory) : /data/user/0/com.microsoft.office.word/files/aria/offlinestoragelow.db
02-15 17:27:59.991  4042  4042 D KeyguardUpdateMonitor: received broadcast android.intent.action.TIME_TICK
02-15 17:27:59.991  4042  4042 D KeyguardUpdateMonitor: handleTimeUpdate
02-15 17:28:00.001  4042  4042 D Clock   : received broadcast android.intent.action.TIME_TICK
02-15 17:28:00.041  4042  4042 D DateView: received broadcast android.intent.action.TIME_TICK
02-15 17:28:00.121 32627 32627 D [WeatherWidget(1236)]  WeatherService: {[EC3334F14841398C8B464A72D0E61AB7C564889C89112557F2146D56794659083956C77974A4825103AB5C5D4AC85EDAA24236388AC138058106446B92A35777]}
02-15 17:28:00.121 32627 32627 D [WeatherWidget(1236)]  : {[3AE6950019B083611567B0F9442DB03EEFA9050249635C043F7E254E316C2550]}
02-15 17:28:00.121 32627 32627 D [WeatherWidget(1236)]  : {[3AE6950019B083611567B0F9442DB03EAB01DC5C99149A39F887E17599325AFBFF089086AA9902184ADA25758C536FE2]}
02-15 17:28:00.131 32627 32627 D [WeatherWidget(1236)]  : {[3AE6950019B083611567B0F9442DB03EFF0B905BDFF72B69FB632A6CB072B41F95D2E6F4F84443284E97F40042D431D8350388453A923ABD8469D82798FA7548]}
02-15 17:28:00.131 32627 32627 D [WeatherWidget(1236)]  : {[A1AF0F6A1A65A89C43D705938923D0FEFB71880C4E84718DA0A3E1F383E54FB27A4284D9BEDF7BAA2ABFFE671EB65C64B3B1AC6629123D898C572B2922AE7D378E56BD81F4A86AEEBFF8CFFC76FA6991B416BC726C9655CB81666CB8E73B2E96D2C9686583E9CA69BA45118C4A51E302]}
02-15 17:28:00.131 32627 32627 D [WeatherWidget(1236)]  : {[15C09394A4E9AFE55A5C62F22AB3FC5902EB2A2150B6646A86F2B3102D669614]}
02-15 17:28:00.811  6309  6330 D [ACT]:ao: processing priority = NORMAL
02-15 17:28:00.811  6309  6330 W System.err: stat failed: ENOENT (No such file or directory) : /data/user/0/com.microsoft.office.excel/files/aria/offlinestoragehigh.db
02-15 17:28:00.821  6193  6207 D [ACT]:ao: processing priority = NORMAL
02-15 17:28:00.821  6309  6330 W System.err: stat failed: ENOENT (No such file or directory) : /data/user/0/com.microsoft.office.excel/files/aria/offlinestoragenormal.db
02-15 17:28:00.821  6193  6207 W System.err: stat failed: ENOENT (No such file or directory) : /data/user/0/com.microsoft.office.powerpoint/files/aria/offlinestoragehigh.db
02-15 17:28:00.821  6309  6330 W System.err: stat failed: ENOENT (No such file or directory) : /data/user/0/com.microsoft.office.excel/files/aria/offlinestoragehigh.db
02-15 17:28:00.821  6193  6207 W System.err: stat failed: ENOENT (No such file or directory) : /data/user/0/com.microsoft.office.powerpoint/files/aria/offlinestoragenormal.db
02-15 17:28:00.821  6309  6330 W System.err: stat failed: ENOENT (No such file or directory) : /data/user/0/com.microsoft.office.excel/files/aria/offlinestoragenormal.db
02-15 17:28:00.821  6193  6207 W System.err: stat failed: ENOENT (No such file or directory) : /data/user/0/com.microsoft.office.powerpoint/files/aria/offlinestoragehigh.db
02-15 17:28:00.821  6309  6330 W System.err: stat failed: ENOENT (No such file or directory) : /data/user/0/com.microsoft.office.excel/files/aria/offlinestoragelow.db
02-15 17:28:00.821  6193  6207 W System.err: stat failed: ENOENT (No such file or directory) : /data/user/0/com.microsoft.office.powerpoint/files/aria/offlinestoragenormal.db
02-15 17:28:00.821  6193  6207 W System.err: stat failed: ENOENT (No such file or directory) : /data/user/0/com.microsoft.office.powerpoint/files/aria/offlinestoragelow.db
02-15 17:28:00.851 31179 31210 D [ACT]:ao: processing priority = NORMAL
02-15 17:28:00.851 31179 31210 W System.err: stat failed: ENOENT (No such file or directory) : /data/user/0/com.microsoft.office.word/files/aria/offlinestoragehigh.db
02-15 17:28:00.851 31179 31210 W System.err: stat failed: ENOENT (No such file or directory) : /data/user/0/com.microsoft.office.word/files/aria/offlinestoragenormal.db
02-15 17:28:00.851 31179 31210 W System.err: stat failed: ENOENT (No such file or directory) : /data/user/0/com.microsoft.office.word/files/aria/offlinestoragehigh.db
02-15 17:28:00.851 31179 31210 W System.err: stat failed: ENOENT (No such file or directory) : /data/user/0/com.microsoft.office.word/files/aria/offlinestoragenormal.db
02-15 17:28:00.851 31179 31210 W System.err: stat failed: ENOENT (No such file or directory) : /data/user/0/com.microsoft.office.word/files/aria/offlinestoragelow.db
02-15 17:28:02.811  6309  6330 D [ACT]:ao: processing priority = HIGH
02-15 17:28:02.821  6309  6330 W System.err: stat failed: ENOENT (No such file or directory) : /data/user/0/com.microsoft.office.excel/files/aria/offlinestoragehigh.db
02-15 17:28:02.821  6309  6330 W System.err: stat failed: ENOENT (No such file or directory) : /data/user/0/com.microsoft.office.excel/files/aria/offlinestoragehigh.db
02-15 17:28:02.821  6309  6330 W System.err: stat failed: ENOENT (No such file or directory) : /data/user/0/com.microsoft.office.excel/files/aria/offlinestoragenormal.db
02-15 17:28:02.821  6309  6330 W System.err: stat failed: ENOENT (No such file or directory) : /data/user/0/com.microsoft.office.excel/files/aria/offlinestoragelow.db
02-15 17:28:02.821  6193  6207 D [ACT]:ao: processing priority = HIGH
02-15 17:28:02.821  6193  6207 W System.err: stat failed: ENOENT (No such file or directory) : /data/user/0/com.microsoft.office.powerpoint/files/aria/offlinestoragehigh.db
02-15 17:28:02.821  6193  6207 W System.err: stat failed: ENOENT (No such file or directory) : /data/user/0/com.microsoft.office.powerpoint/files/aria/offlinestoragehigh.db
02-15 17:28:02.821  6193  6207 W System.err: stat failed: ENOENT (No such file or directory) : /data/user/0/com.microsoft.office.powerpoint/files/aria/offlinestoragenormal.db
02-15 17:28:02.821  6193  6207 W System.err: stat failed: ENOENT (No such file or directory) : /data/user/0/com.microsoft.office.powerpoint/files/aria/offlinestoragelow.db
02-15 17:28:02.851 31179 31210 D [ACT]:ao: processing priority = HIGH
02-15 17:28:02.851 31179 31210 W System.err: stat failed: ENOENT (No such file or directory) : /data/user/0/com.microsoft.office.word/files/aria/offlinestoragehigh.db
02-15 17:28:02.851 31179 31210 W System.err: stat failed: ENOENT (No such file or directory) : /data/user/0/com.microsoft.office.word/files/aria/offlinestoragehigh.db
02-15 17:28:02.851 31179 31210 W System.err: stat failed: ENOENT (No such file or directory) : /data/user/0/com.microsoft.office.word/files/aria/offlinestoragenormal.db
02-15 17:28:02.851 31179 31210 W System.err: stat failed: ENOENT (No such file or directory) : /data/user/0/com.microsoft.office.word/files/aria/offlinestoragelow.db
02-15 17:28:04.811  6309  6330 D [ACT]:ao: processing priority = NORMAL
02-15 17:28:04.811  6309  6330 W System.err: stat failed: ENOENT (No such file or directory) : /data/user/0/com.microsoft.office.excel/files/aria/offlinestoragehigh.db
02-15 17:28:04.811  6309  6330 W System.err: stat failed: ENOENT (No such file or directory) : /data/user/0/com.microsoft.office.excel/files/aria/offlinestoragenormal.db
02-15 17:28:04.811  6309  6330 W System.err: stat failed: ENOENT (No such file or directory) : /data/user/0/com.microsoft.office.excel/files/aria/offlinestoragehigh.db
02-15 17:28:04.811  6309  6330 W System.err: stat failed: ENOENT (No such file or directory) : /data/user/0/com.microsoft.office.excel/files/aria/offlinestoragenormal.db
02-15 17:28:04.821  6309  6330 W System.err: stat failed: ENOENT (No such file or directory) : /data/user/0/com.microsoft.office.excel/files/aria/offlinestoragelow.db
02-15 17:28:04.821  6193  6207 D [ACT]:ao: processing priority = NORMAL
02-15 17:28:04.821  6193  6207 W System.err: stat failed: ENOENT (No such file or directory) : /data/user/0/com.microsoft.office.powerpoint/files/aria/offlinestoragehigh.db
02-15 17:28:04.821  6193  6207 W System.err: stat failed: ENOENT (No such file or directory) : /data/user/0/com.microsoft.office.powerpoint/files/aria/offlinestoragenormal.db
02-15 17:28:04.821  6193  6207 W System.err: stat failed: ENOENT (No such file or directory) : /data/user/0/com.microsoft.office.powerpoint/files/aria/offlinestoragehigh.db
02-15 17:28:04.821  6193  6207 W System.err: stat failed: ENOENT (No such file or directory) : /data/user/0/com.microsoft.office.powerpoint/files/aria/offlinestoragenormal.db
02-15 17:28:04.821  6193  6207 W System.err: stat failed: ENOENT (No such file or directory) : /data/user/0/com.microsoft.office.powerpoint/files/aria/offlinestoragelow.db
02-15 17:28:04.851 31179 31210 D [ACT]:ao: processing priority = NORMAL
02-15 17:28:04.851 31179 31210 W System.err: stat failed: ENOENT (No such file or directory) : /data/user/0/com.microsoft.office.word/files/aria/offlinestoragehigh.db
02-15 17:28:04.851 31179 31210 W System.err: stat failed: ENOENT (No such file or directory) : /data/user/0/com.microsoft.office.word/files/aria/offlinestoragenormal.db
02-15 17:28:04.851 31179 31210 W System.err: stat failed: ENOENT (No such file or directory) : /data/user/0/com.microsoft.office.word/files/aria/offlinestoragehigh.db
02-15 17:28:04.851 31179 31210 W System.err: stat failed: ENOENT (No such file or directory) : /data/user/0/com.microsoft.office.word/files/aria/offlinestoragenormal.db
02-15 17:28:04.851 31179 31210 W System.err: stat failed: ENOENT (No such file or directory) : /data/user/0/com.microsoft.office.word/files/aria/offlinestoragelow.db
02-15 17:28:06.461  4042  4042 D KeyguardUpdateMonitor: received broadcast android.intent.action.BATTERY_CHANGED
02-15 17:28:06.461  4042  4042 D KeyguardUpdateMonitor: handleBatteryUpdate
02-15 17:28:06.811  6309  6330 D [ACT]:ao: processing priority = HIGH
02-15 17:28:06.811  6309  6330 W System.err: stat failed: ENOENT (No such file or directory) : /data/user/0/com.microsoft.office.excel/files/aria/offlinestoragehigh.db
02-15 17:28:06.811  6309  6330 W System.err: stat failed: ENOENT (No such file or directory) : /data/user/0/com.microsoft.office.excel/files/aria/offlinestoragehigh.db
02-15 17:28:06.811  6309  6330 W System.err: stat failed: ENOENT (No such file or directory) : /data/user/0/com.microsoft.office.excel/files/aria/offlinestoragenormal.db
02-15 17:28:06.821  6309  6330 W System.err: stat failed: ENOENT (No such file or directory) : /data/user/0/com.microsoft.office.excel/files/aria/offlinestoragelow.db
02-15 17:28:06.821  6193  6207 D [ACT]:ao: processing priority = HIGH
02-15 17:28:06.821  6193  6207 W System.err: stat failed: ENOENT (No such file or directory) : /data/user/0/com.microsoft.office.powerpoint/files/aria/offlinestoragehigh.db
02-15 17:28:06.821  6193  6207 W System.err: stat failed: ENOENT (No such file or directory) : /data/user/0/com.microsoft.office.powerpoint/files/aria/offlinestoragehigh.db
02-15 17:28:06.821  6193  6207 W System.err: stat failed: ENOENT (No such file or directory) : /data/user/0/com.microsoft.office.powerpoint/files/aria/offlinestoragenormal.db
02-15 17:28:06.821  6193  6207 W System.err: stat failed: ENOENT (No such file or directory) : /data/user/0/com.microsoft.office.powerpoint/files/aria/offlinestoragelow.db
02-15 17:28:06.851 31179 31210 D [ACT]:ao: processing priority = HIGH
02-15 17:28:06.851 31179 31210 W System.err: stat failed: ENOENT (No such file or directory) : /data/user/0/com.microsoft.office.word/files/aria/offlinestoragehigh.db
02-15 17:28:06.851 31179 31210 W System.err: stat failed: ENOENT (No such file or directory) : /data/user/0/com.microsoft.office.word/files/aria/offlinestoragehigh.db
02-15 17:28:06.851 31179 31210 W System.err: stat failed: ENOENT (No such file or directory) : /data/user/0/com.microsoft.office.word/files/aria/offlinestoragenormal.db
02-15 17:28:06.851 31179 31210 W System.err: stat failed: ENOENT (No such file or directory) : /data/user/0/com.microsoft.office.word/files/aria/offlinestoragelow.db
02-15 17:28:08.811  6309  6330 D [ACT]:ao: processing priority = NORMAL
02-15 17:28:08.811  6309  6330 W System.err: stat failed: ENOENT (No such file or directory) : /data/user/0/com.microsoft.office.excel/files/aria/offlinestoragehigh.db
02-15 17:28:08.821  6309  6330 W System.err: stat failed: ENOENT (No such file or directory) : /data/user/0/com.microsoft.office.excel/files/aria/offlinestoragenormal.db
02-15 17:28:08.821  6309  6330 W System.err: stat failed: ENOENT (No such file or directory) : /data/user/0/com.microsoft.office.excel/files/aria/offlinestoragehigh.db
02-15 17:28:08.821  6309  6330 W System.err: stat failed: ENOENT (No such file or directory) : /data/user/0/com.microsoft.office.excel/files/aria/offlinestoragenormal.db
02-15 17:28:08.821  6309  6330 W System.err: stat failed: ENOENT (No such file or directory) : /data/user/0/com.microsoft.office.excel/files/aria/offlinestoragelow.db
02-15 17:28:08.821  6193  6207 D [ACT]:ao: processing priority = NORMAL
02-15 17:28:08.821  6193  6207 W System.err: stat failed: ENOENT (No such file or directory) : /data/user/0/com.microsoft.office.powerpoint/files/aria/offlinestoragehigh.db
02-15 17:28:08.821  6193  6207 W System.err: stat failed: ENOENT (No such file or directory) : /data/user/0/com.microsoft.office.powerpoint/files/aria/offlinestoragenormal.db
02-15 17:28:08.821  6193  6207 W System.err: stat failed: ENOENT (No such file or directory) : /data/user/0/com.microsoft.office.powerpoint/files/aria/offlinestoragehigh.db
02-15 17:28:08.821  6193  6207 W System.err: stat failed: ENOENT (No such file or directory) : /data/user/0/com.microsoft.office.powerpoint/files/aria/offlinestoragenormal.db
02-15 17:28:08.821  6193  6207 W System.err: stat failed: ENOENT (No such file or directory) : /data/user/0/com.microsoft.office.powerpoint/files/aria/offlinestoragelow.db
02-15 17:28:08.851 31179 31210 D [ACT]:ao: processing priority = NORMAL
02-15 17:28:08.851 31179 31210 W System.err: stat failed: ENOENT (No such file or directory) : /data/user/0/com.microsoft.office.word/files/aria/offlinestoragehigh.db
02-15 17:28:08.851 31179 31210 W System.err: stat failed: ENOENT (No such file or directory) : /data/user/0/com.microsoft.office.word/files/aria/offlinestoragenormal.db
02-15 17:28:08.851 31179 31210 W System.err: stat failed: ENOENT (No such file or directory) : /data/user/0/com.microsoft.office.word/files/aria/offlinestoragehigh.db
02-15 17:28:08.851 31179 31210 W System.err: stat failed: ENOENT (No such file or directory) : /data/user/0/com.microsoft.office.word/files/aria/offlinestoragenormal.db
02-15 17:28:08.851 31179 31210 W System.err: stat failed: ENOENT (No such file or directory) : /data/user/0/com.microsoft.office.word/files/aria/offlinestoragelow.db
02-15 17:28:10.811  6309  6330 D [ACT]:ao: processing priority = HIGH
02-15 17:28:10.811  6309  6330 W System.err: stat failed: ENOENT (No such file or directory) : /data/user/0/com.microsoft.office.excel/files/aria/offlinestoragehigh.db
02-15 17:28:10.821  6309  6330 W System.err: stat failed: ENOENT (No such file or directory) : /data/user/0/com.microsoft.office.excel/files/aria/offlinestoragehigh.db
02-15 17:28:10.821  6309  6330 W System.err: stat failed: ENOENT (No such file or directory) : /data/user/0/com.microsoft.office.excel/files/aria/offlinestoragenormal.db
02-15 17:28:10.821  6309  6330 W System.err: stat failed: ENOENT (No such file or directory) : /data/user/0/com.microsoft.office.excel/files/aria/offlinestoragelow.db
02-15 17:28:10.821  6193  6207 D [ACT]:ao: processing priority = HIGH
02-15 17:28:10.821  6193  6207 W System.err: stat failed: ENOENT (No such file or directory) : /data/user/0/com.microsoft.office.powerpoint/files/aria/offlinestoragehigh.db
02-15 17:28:10.821  6193  6207 W System.err: stat failed: ENOENT (No such file or directory) : /data/user/0/com.microsoft.office.powerpoint/files/aria/offlinestoragehigh.db
02-15 17:28:10.821  6193  6207 W System.err: stat failed: ENOENT (No such file or directory) : /data/user/0/com.microsoft.office.powerpoint/files/aria/offlinestoragenormal.db
02-15 17:28:10.821  6193  6207 W System.err: stat failed: ENOENT (No such file or directory) : /data/user/0/com.microsoft.office.powerpoint/files/aria/offlinestoragelow.db
02-15 17:28:10.851 31179 31210 D [ACT]:ao: processing priority = HIGH
02-15 17:28:10.851 31179 31210 W System.err: stat failed: ENOENT (No such file or directory) : /data/user/0/com.microsoft.office.word/files/aria/offlinestoragehigh.db
02-15 17:28:10.851 31179 31210 W System.err: stat failed: ENOENT (No such file or directory) : /data/user/0/com.microsoft.office.word/files/aria/offlinestoragehigh.db
02-15 17:28:10.851 31179 31210 W System.err: stat failed: ENOENT (No such file or directory) : /data/user/0/com.microsoft.office.word/files/aria/offlinestoragenormal.db
02-15 17:28:10.851 31179 31210 W System.err: stat failed: ENOENT (No such file or directory) : /data/user/0/com.microsoft.office.word/files/aria/offlinestoragelow.db
02-15 17:28:12.811  6309  6330 D [ACT]:ao: processing priority = LOW
02-15 17:28:12.811  6309  6330 W System.err: stat failed: ENOENT (No such file or directory) : /data/user/0/com.microsoft.office.excel/files/aria/offlinestoragehigh.db
02-15 17:28:12.821  6193  6207 D [ACT]:ao: processing priority = LOW
02-15 17:28:12.821  6309  6330 W System.err: stat failed: ENOENT (No such file or directory) : /data/user/0/com.microsoft.office.excel/files/aria/offlinestoragenormal.db
02-15 17:28:12.821  6309  6330 W System.err: stat failed: ENOENT (No such file or directory) : /data/user/0/com.microsoft.office.excel/files/aria/offlinestoragelow.db
02-15 17:28:12.821  6309  6330 W System.err: stat failed: ENOENT (No such file or directory) : /data/user/0/com.microsoft.office.excel/files/aria/offlinestoragehigh.db
02-15 17:28:12.821  6309  6330 W System.err: stat failed: ENOENT (No such file or directory) : /data/user/0/com.microsoft.office.excel/files/aria/offlinestoragenormal.db
02-15 17:28:12.821  6309  6330 W System.err: stat failed: ENOENT (No such file or directory) : /data/user/0/com.microsoft.office.excel/files/aria/offlinestoragelow.db
02-15 17:28:12.821  6193  6207 W System.err: stat failed: ENOENT (No such file or directory) : /data/user/0/com.microsoft.office.powerpoint/files/aria/offlinestoragehigh.db
02-15 17:28:12.821  6193  6207 W System.err: stat failed: ENOENT (No such file or directory) : /data/user/0/com.microsoft.office.powerpoint/files/aria/offlinestoragenormal.db
02-15 17:28:12.821  6193  6207 W System.err: stat failed: ENOENT (No such file or directory) : /data/user/0/com.microsoft.office.powerpoint/files/aria/offlinestoragelow.db
02-15 17:28:12.831  6193  6207 W System.err: stat failed: ENOENT (No such file or directory) : /data/user/0/com.microsoft.office.powerpoint/files/aria/offlinestoragehigh.db
02-15 17:28:12.831  6193  6207 W System.err: stat failed: ENOENT (No such file or directory) : /data/user/0/com.microsoft.office.powerpoint/files/aria/offlinestoragenormal.db
02-15 17:28:12.841  6193  6207 W System.err: stat failed: ENOENT (No such file or directory) : /data/user/0/com.microsoft.office.powerpoint/files/aria/offlinestoragelow.db
02-15 17:28:12.851 31179 31210 D [ACT]:ao: processing priority = LOW
02-15 17:28:12.851 31179 31210 W System.err: stat failed: ENOENT (No such file or directory) : /data/user/0/com.microsoft.office.word/files/aria/offlinestoragehigh.db
02-15 17:28:12.851 31179 31210 W System.err: stat failed: ENOENT (No such file or directory) : /data/user/0/com.microsoft.office.word/files/aria/offlinestoragenormal.db
02-15 17:28:12.851 31179 31210 W System.err: stat failed: ENOENT (No such file or directory) : /data/user/0/com.microsoft.office.word/files/aria/offlinestoragelow.db
02-15 17:28:12.851 31179 31210 W System.err: stat failed: ENOENT (No such file or directory) : /data/user/0/com.microsoft.office.word/files/aria/offlinestoragehigh.db
02-15 17:28:12.851 31179 31210 W System.err: stat failed: ENOENT (No such file or directory) : /data/user/0/com.microsoft.office.word/files/aria/offlinestoragenormal.db
02-15 17:28:12.851 31179 31210 W System.err: stat failed: ENOENT (No such file or directory) : /data/user/0/com.microsoft.office.word/files/aria/offlinestoragelow.db
02-15 17:28:14.811  6309  6330 D [ACT]:ao: processing priority = HIGH
02-15 17:28:14.811  6309  6330 W System.err: stat failed: ENOENT (No such file or directory) : /data/user/0/com.microsoft.office.excel/files/aria/offlinestoragehigh.db
02-15 17:28:14.811  6309  6330 W System.err: stat failed: ENOENT (No such file or directory) : /data/user/0/com.microsoft.office.excel/files/aria/offlinestoragehigh.db
02-15 17:28:14.811  6309  6330 W System.err: stat failed: ENOENT (No such file or directory) : /data/user/0/com.microsoft.office.excel/files/aria/offlinestoragenormal.db
02-15 17:28:14.811  6309  6330 W System.err: stat failed: ENOENT (No such file or directory) : /data/user/0/com.microsoft.office.excel/files/aria/offlinestoragelow.db
02-15 17:28:14.821  6193  6207 D [ACT]:ao: processing priority = HIGH
02-15 17:28:14.821  6193  6207 W System.err: stat failed: ENOENT (No such file or directory) : /data/user/0/com.microsoft.office.powerpoint/files/aria/offlinestoragehigh.db
02-15 17:28:14.821  6193  6207 W System.err: stat failed: ENOENT (No such file or directory) : /data/user/0/com.microsoft.office.powerpoint/files/aria/offlinestoragehigh.db
02-15 17:28:14.821  6193  6207 W System.err: stat failed: ENOENT (No such file or directory) : /data/user/0/com.microsoft.office.powerpoint/files/aria/offlinestoragenormal.db
02-15 17:28:14.821  6193  6207 W System.err: stat failed: ENOENT (No such file or directory) : /data/user/0/com.microsoft.office.powerpoint/files/aria/offlinestoragelow.db
02-15 17:28:14.851 31179 31210 D [ACT]:ao: processing priority = HIGH
02-15 17:28:14.851 31179 31210 W System.err: stat failed: ENOENT (No such file or directory) : /data/user/0/com.microsoft.office.word/files/aria/offlinestoragehigh.db
02-15 17:28:14.851 31179 31210 W System.err: stat failed: ENOENT (No such file or directory) : /data/user/0/com.microsoft.office.word/files/aria/offlinestoragehigh.db
02-15 17:28:14.851 31179 31210 W System.err: stat failed: ENOENT (No such file or directory) : /data/user/0/com.microsoft.office.word/files/aria/offlinestoragenormal.db
02-15 17:28:14.851 31179 31210 W System.err: stat failed: ENOENT (No such file or directory) : /data/user/0/com.microsoft.office.word/files/aria/offlinestoragelow.db
02-15 17:28:16.511  4042  4042 D KeyguardUpdateMonitor: received broadcast android.intent.action.BATTERY_CHANGED
02-15 17:28:16.511  4042  4042 D KeyguardUpdateMonitor: handleBatteryUpdate
02-15 17:28:16.811  6309  6330 D [ACT]:ao: processing priority = NORMAL
02-15 17:28:16.811  6309  6330 W System.err: stat failed: ENOENT (No such file or directory) : /data/user/0/com.microsoft.office.excel/files/aria/offlinestoragehigh.db
02-15 17:28:16.821  6193  6207 D [ACT]:ao: processing priority = NORMAL
02-15 17:28:16.821  6309  6330 W System.err: stat failed: ENOENT (No such file or directory) : /data/user/0/com.microsoft.office.excel/files/aria/offlinestoragenormal.db
02-15 17:28:16.821  6309  6330 W System.err: stat failed: ENOENT (No such file or directory) : /data/user/0/com.microsoft.office.excel/files/aria/offlinestoragehigh.db
02-15 17:28:16.821  6309  6330 W System.err: stat failed: ENOENT (No such file or directory) : /data/user/0/com.microsoft.office.excel/files/aria/offlinestoragenormal.db
02-15 17:28:16.821  6309  6330 W System.err: stat failed: ENOENT (No such file or directory) : /data/user/0/com.microsoft.office.excel/files/aria/offlinestoragelow.db
02-15 17:28:16.821  6193  6207 W System.err: stat failed: ENOENT (No such file or directory) : /data/user/0/com.microsoft.office.powerpoint/files/aria/offlinestoragehigh.db
02-15 17:28:16.821  6193  6207 W System.err: stat failed: ENOENT (No such file or directory) : /data/user/0/com.microsoft.office.powerpoint/files/aria/offlinestoragenormal.db
02-15 17:28:16.831  6193  6207 W System.err: stat failed: ENOENT (No such file or directory) : /data/user/0/com.microsoft.office.powerpoint/files/aria/offlinestoragehigh.db
02-15 17:28:16.831  6193  6207 W System.err: stat failed: ENOENT (No such file or directory) : /data/user/0/com.microsoft.office.powerpoint/files/aria/offlinestoragenormal.db
02-15 17:28:16.831  6193  6207 W System.err: stat failed: ENOENT (No such file or directory) : /data/user/0/com.microsoft.office.powerpoint/files/aria/offlinestoragelow.db
02-15 17:28:16.851 31179 31210 D [ACT]:ao: processing priority = NORMAL
02-15 17:28:16.851 31179 31210 W System.err: stat failed: ENOENT (No such file or directory) : /data/user/0/com.microsoft.office.word/files/aria/offlinestoragehigh.db
02-15 17:28:16.851 31179 31210 W System.err: stat failed: ENOENT (No such file or directory) : /data/user/0/com.microsoft.office.word/files/aria/offlinestoragenormal.db
02-15 17:28:16.851 31179 31210 W System.err: stat failed: ENOENT (No such file or directory) : /data/user/0/com.microsoft.office.word/files/aria/offlinestoragehigh.db
02-15 17:28:16.851 31179 31210 W System.err: stat failed: ENOENT (No such file or directory) : /data/user/0/com.microsoft.office.word/files/aria/offlinestoragenormal.db
02-15 17:28:16.851 31179 31210 W System.err: stat failed: ENOENT (No such file or directory) : /data/user/0/com.microsoft.office.word/files/aria/offlinestoragelow.db
02-15 17:28:18.811  6309  6330 D [ACT]:ao: processing priority = HIGH
02-15 17:28:18.821  6309  6330 W System.err: stat failed: ENOENT (No such file or directory) : /data/user/0/com.microsoft.office.excel/files/aria/offlinestoragehigh.db
02-15 17:28:18.821  6193  6207 D [ACT]:ao: processing priority = HIGH
02-15 17:28:18.821  6193  6207 W System.err: stat failed: ENOENT (No such file or directory) : /data/user/0/com.microsoft.office.powerpoint/files/aria/offlinestoragehigh.db
02-15 17:28:18.821  6193  6207 W System.err: stat failed: ENOENT (No such file or directory) : /data/user/0/com.microsoft.office.powerpoint/files/aria/offlinestoragehigh.db
02-15 17:28:18.821  6309  6330 W System.err: stat failed: ENOENT (No such file or directory) : /data/user/0/com.microsoft.office.excel/files/aria/offlinestoragehigh.db
02-15 17:28:18.821  6193  6207 W System.err: stat failed: ENOENT (No such file or directory) : /data/user/0/com.microsoft.office.powerpoint/files/aria/offlinestoragenormal.db
02-15 17:28:18.831  6309  6330 W System.err: stat failed: ENOENT (No such file or directory) : /data/user/0/com.microsoft.office.excel/files/aria/offlinestoragenormal.db
02-15 17:28:18.831  6309  6330 W System.err: stat failed: ENOENT (No such file or directory) : /data/user/0/com.microsoft.office.excel/files/aria/offlinestoragelow.db
02-15 17:28:18.831  6193  6207 W System.err: stat failed: ENOENT (No such file or directory) : /data/user/0/com.microsoft.office.powerpoint/files/aria/offlinestoragelow.db
02-15 17:28:18.851 31179 31210 D [ACT]:ao: processing priority = HIGH
02-15 17:28:18.851 31179 31210 W System.err: stat failed: ENOENT (No such file or directory) : /data/user/0/com.microsoft.office.word/files/aria/offlinestoragehigh.db
02-15 17:28:18.851 31179 31210 W System.err: stat failed: ENOENT (No such file or directory) : /data/user/0/com.microsoft.office.word/files/aria/offlinestoragehigh.db
02-15 17:28:18.851 31179 31210 W System.err: stat failed: ENOENT (No such file or directory) : /data/user/0/com.microsoft.office.word/files/aria/offlinestoragenormal.db
02-15 17:28:18.851 31179 31210 W System.err: stat failed: ENOENT (No such file or directory) : /data/user/0/com.microsoft.office.word/files/aria/offlinestoragelow.db
02-15 17:28:20.811  6309  6330 D [ACT]:ao: processing priority = NORMAL
02-15 17:28:20.811  6309  6330 W System.err: stat failed: ENOENT (No such file or directory) : /data/user/0/com.microsoft.office.excel/files/aria/offlinestoragehigh.db
02-15 17:28:20.821  6309  6330 W System.err: stat failed: ENOENT (No such file or directory) : /data/user/0/com.microsoft.office.excel/files/aria/offlinestoragenormal.db
02-15 17:28:20.821  6309  6330 W System.err: stat failed: ENOENT (No such file or directory) : /data/user/0/com.microsoft.office.excel/files/aria/offlinestoragehigh.db
02-15 17:28:20.821  6309  6330 W System.err: stat failed: ENOENT (No such file or directory) : /data/user/0/com.microsoft.office.excel/files/aria/offlinestoragenormal.db
02-15 17:28:20.821  6309  6330 W System.err: stat failed: ENOENT (No such file or directory) : /data/user/0/com.microsoft.office.excel/files/aria/offlinestoragelow.db
02-15 17:28:20.821  6193  6207 D [ACT]:ao: processing priority = NORMAL
02-15 17:28:20.821  6193  6207 W System.err: stat failed: ENOENT (No such file or directory) : /data/user/0/com.microsoft.office.powerpoint/files/aria/offlinestoragehigh.db
02-15 17:28:20.821  6193  6207 W System.err: stat failed: ENOENT (No such file or directory) : /data/user/0/com.microsoft.office.powerpoint/files/aria/offlinestoragenormal.db
02-15 17:28:20.821  6193  6207 W System.err: stat failed: ENOENT (No such file or directory) : /data/user/0/com.microsoft.office.powerpoint/files/aria/offlinestoragehigh.db
02-15 17:28:20.821  6193  6207 W System.err: stat failed: ENOENT (No such file or directory) : /data/user/0/com.microsoft.office.powerpoint/files/aria/offlinestoragenormal.db
02-15 17:28:20.821  6193  6207 W System.err: stat failed: ENOENT (No such file or directory) : /data/user/0/com.microsoft.office.powerpoint/files/aria/offlinestoragelow.db
02-15 17:28:20.851 31179 31210 D [ACT]:ao: processing priority = NORMAL
02-15 17:28:20.851 31179 31210 W System.err: stat failed: ENOENT (No such file or directory) : /data/user/0/com.microsoft.office.word/files/aria/offlinestoragehigh.db
02-15 17:28:20.851 31179 31210 W System.err: stat failed: ENOENT (No such file or directory) : /data/user/0/com.microsoft.office.word/files/aria/offlinestoragenormal.db
02-15 17:28:20.851 31179 31210 W System.err: stat failed: ENOENT (No such file or directory) : /data/user/0/com.microsoft.office.word/files/aria/offlinestoragehigh.db
02-15 17:28:20.851 31179 31210 W System.err: stat failed: ENOENT (No such file or directory) : /data/user/0/com.microsoft.office.word/files/aria/offlinestoragenormal.db
02-15 17:28:20.851 31179 31210 W System.err: stat failed: ENOENT (No such file or directory) : /data/user/0/com.microsoft.office.word/files/aria/offlinestoragelow.db
02-15 17:28:22.821  6309  6330 D [ACT]:ao: processing priority = HIGH
02-15 17:28:22.821  6193  6207 D [ACT]:ao: processing priority = HIGH
02-15 17:28:22.821  6193  6207 W System.err: stat failed: ENOENT (No such file or directory) : /data/user/0/com.microsoft.office.powerpoint/files/aria/offlinestoragehigh.db
02-15 17:28:22.821  6193  6207 W System.err: stat failed: ENOENT (No such file or directory) : /data/user/0/com.microsoft.office.powerpoint/files/aria/offlinestoragehigh.db
02-15 17:28:22.821  6193  6207 W System.err: stat failed: ENOENT (No such file or directory) : /data/user/0/com.microsoft.office.powerpoint/files/aria/offlinestoragenormal.db
02-15 17:28:22.821  6309  6330 W System.err: stat failed: ENOENT (No such file or directory) : /data/user/0/com.microsoft.office.excel/files/aria/offlinestoragehigh.db
02-15 17:28:22.821  6309  6330 W System.err: stat failed: ENOENT (No such file or directory) : /data/user/0/com.microsoft.office.excel/files/aria/offlinestoragehigh.db
02-15 17:28:22.821  6193  6207 W System.err: stat failed: ENOENT (No such file or directory) : /data/user/0/com.microsoft.office.powerpoint/files/aria/offlinestoragelow.db
02-15 17:28:22.821  6309  6330 W System.err: stat failed: ENOENT (No such file or directory) : /data/user/0/com.microsoft.office.excel/files/aria/offlinestoragenormal.db
02-15 17:28:22.821  6309  6330 W System.err: stat failed: ENOENT (No such file or directory) : /data/user/0/com.microsoft.office.excel/files/aria/offlinestoragelow.db
02-15 17:28:22.851 31179 31210 D [ACT]:ao: processing priority = HIGH
02-15 17:28:22.851 31179 31210 W System.err: stat failed: ENOENT (No such file or directory) : /data/user/0/com.microsoft.office.word/files/aria/offlinestoragehigh.db
02-15 17:28:22.851 31179 31210 W System.err: stat failed: ENOENT (No such file or directory) : /data/user/0/com.microsoft.office.word/files/aria/offlinestoragehigh.db
02-15 17:28:22.851 31179 31210 W System.err: stat failed: ENOENT (No such file or directory) : /data/user/0/com.microsoft.office.word/files/aria/offlinestoragenormal.db
02-15 17:28:22.851 31179 31210 W System.err: stat failed: ENOENT (No such file or directory) : /data/user/0/com.microsoft.office.word/files/aria/offlinestoragelow.db
02-15 17:28:24.811  6309  6330 D [ACT]:ao: processing priority = NORMAL
02-15 17:28:24.811  6309  6330 W System.err: stat failed: ENOENT (No such file or directory) : /data/user/0/com.microsoft.office.excel/files/aria/offlinestoragehigh.db
02-15 17:28:24.821  6309  6330 W System.err: stat failed: ENOENT (No such file or directory) : /data/user/0/com.microsoft.office.excel/files/aria/offlinestoragenormal.db
02-15 17:28:24.821  6309  6330 W System.err: stat failed: ENOENT (No such file or directory) : /data/user/0/com.microsoft.office.excel/files/aria/offlinestoragehigh.db
02-15 17:28:24.821  6309  6330 W System.err: stat failed: ENOENT (No such file or directory) : /data/user/0/com.microsoft.office.excel/files/aria/offlinestoragenormal.db
02-15 17:28:24.821  6309  6330 W System.err: stat failed: ENOENT (No such file or directory) : /data/user/0/com.microsoft.office.excel/files/aria/offlinestoragelow.db
02-15 17:28:24.821  6193  6207 D [ACT]:ao: processing priority = NORMAL
02-15 17:28:24.821  6193  6207 W System.err: stat failed: ENOENT (No such file or directory) : /data/user/0/com.microsoft.office.powerpoint/files/aria/offlinestoragehigh.db
