02-15 17:26:06.821  6193  6207 W System.err: stat failed: ENOENT (No such file or directory) : /data/user/0/com.microsoft.office.powerpoint/files/aria/offlinestoragenormal.db
02-15 17:26:06.821  6193  6207 W System.err: stat failed: ENOENT (No such file or directory) : /data/user/0/com.microsoft.office.powerpoint/files/aria/offlinestoragelow.db
02-15 17:26:06.851 31179 31210 D [ACT]:ao: processing priority = HIGH
02-15 17:26:06.851 31179 31210 W System.err: stat failed: ENOENT (No such file or directory) : /data/user/0/com.microsoft.office.word/files/aria/offlinestoragehigh.db
02-15 17:26:06.851 31179 31210 W System.err: stat failed: ENOENT (No such file or directory) : /data/user/0/com.microsoft.office.word/files/aria/offlinestoragehigh.db
02-15 17:26:06.851 31179 31210 W System.err: stat failed: ENOENT (No such file or directory) : /data/user/0/com.microsoft.office.word/files/aria/offlinestoragenormal.db
02-15 17:26:06.851 31179 31210 W System.err: stat failed: ENOENT (No such file or directory) : /data/user/0/com.microsoft.office.word/files/aria/offlinestoragelow.db
02-15 17:26:08.811  6309  6330 D [ACT]:ao: processing priority = NORMAL
02-15 17:26:08.811  6309  6330 W System.err: stat failed: ENOENT (No such file or directory) : /data/user/0/com.microsoft.office.excel/files/aria/offlinestoragehigh.db
02-15 17:26:08.821  6309  6330 W System.err: stat failed: ENOENT (No such file or directory) : /data/user/0/com.microsoft.office.excel/files/aria/offlinestoragenormal.db
02-15 17:26:08.821  6309  6330 W System.err: stat failed: ENOENT (No such file or directory) : /data/user/0/com.microsoft.office.excel/files/aria/offlinestoragehigh.db
02-15 17:26:08.821  6309  6330 W System.err: stat failed: ENOENT (No such file or directory) : /data/user/0/com.microsoft.office.excel/files/aria/offlinestoragenormal.db
02-15 17:26:08.821  6193  6207 D [ACT]:ao: processing priority = NORMAL
02-15 17:26:08.821  6309  6330 W System.err: stat failed: ENOENT (No such file or directory) : /data/user/0/com.microsoft.office.excel/files/aria/offlinestoragelow.db
02-15 17:26:08.821  6193  6207 W System.err: stat failed: ENOENT (No such file or directory) : /data/user/0/com.microsoft.office.powerpoint/files/aria/offlinestoragehigh.db
02-15 17:26:08.821  6193  6207 W System.err: stat failed: ENOENT (No such file or directory) : /data/user/0/com.microsoft.office.powerpoint/files/aria/offlinestoragenormal.db
02-15 17:26:08.821  6193  6207 W System.err: stat failed: ENOENT (No such file or directory) : /data/user/0/com.microsoft.office.powerpoint/files/aria/offlinestoragehigh.db
02-15 17:26:08.821  6193  6207 W System.err: stat failed: ENOENT (No such file or directory) : /data/user/0/com.microsoft.office.powerpoint/files/aria/offlinestoragenormal.db
02-15 17:26:08.821  6193  6207 W System.err: stat failed: ENOENT (No such file or directory) : /data/user/0/com.microsoft.office.powerpoint/files/aria/offlinestoragelow.db
02-15 17:26:08.851 31179 31210 D [ACT]:ao: processing priority = NORMAL
02-15 17:26:08.851 31179 31210 W System.err: stat failed: ENOENT (No such file or directory) : /data/user/0/com.microsoft.office.word/files/aria/offlinestoragehigh.db
02-15 17:26:08.851 31179 31210 W System.err: stat failed: ENOENT (No such file or directory) : /data/user/0/com.microsoft.office.word/files/aria/offlinestoragenormal.db
02-15 17:26:08.851 31179 31210 W System.err: stat failed: ENOENT (No such file or directory) : /data/user/0/com.microsoft.office.word/files/aria/offlinestoragehigh.db
02-15 17:26:08.851 31179 31210 W System.err: stat failed: ENOENT (No such file or directory) : /data/user/0/com.microsoft.office.word/files/aria/offlinestoragenormal.db
02-15 17:26:08.851 31179 31210 W System.err: stat failed: ENOENT (No such file or directory) : /data/user/0/com.microsoft.office.word/files/aria/offlinestoragelow.db
02-15 17:26:10.811  6309  6330 D [ACT]:ao: processing priority = HIGH
02-15 17:26:10.811  6309  6330 W System.err: stat failed: ENOENT (No such file or directory) : /data/user/0/com.microsoft.office.excel/files/aria/offlinestoragehigh.db
02-15 17:26:10.811  6309  6330 W System.err: stat failed: ENOENT (No such file or directory) : /data/user/0/com.microsoft.office.excel/files/aria/offlinestoragehigh.db
02-15 17:26:10.811  6309  6330 W System.err: stat failed: ENOENT (No such file or directory) : /data/user/0/com.microsoft.office.excel/files/aria/offlinestoragenormal.db
02-15 17:26:10.811  6309  6330 W System.err: stat failed: ENOENT (No such file or directory) : /data/user/0/com.microsoft.office.excel/files/aria/offlinestoragelow.db
02-15 17:26:10.821  6193  6207 D [ACT]:ao: processing priority = HIGH
02-15 17:26:10.821  6193  6207 W System.err: stat failed: ENOENT (No such file or directory) : /data/user/0/com.microsoft.office.powerpoint/files/aria/offlinestoragehigh.db
02-15 17:26:10.821  6193  6207 W System.err: stat failed: ENOENT (No such file or directory) : /data/user/0/com.microsoft.office.powerpoint/files/aria/offlinestoragehigh.db
02-15 17:26:10.821  6193  6207 W System.err: stat failed: ENOENT (No such file or directory) : /data/user/0/com.microsoft.office.powerpoint/files/aria/offlinestoragenormal.db
02-15 17:26:10.821  6193  6207 W System.err: stat failed: ENOENT (No such file or directory) : /data/user/0/com.microsoft.office.powerpoint/files/aria/offlinestoragelow.db
02-15 17:26:10.851 31179 31210 D [ACT]:ao: processing priority = HIGH
02-15 17:26:10.851 31179 31210 W System.err: stat failed: ENOENT (No such file or directory) : /data/user/0/com.microsoft.office.word/files/aria/offlinestoragehigh.db
02-15 17:26:10.851 31179 31210 W System.err: stat failed: ENOENT (No such file or directory) : /data/user/0/com.microsoft.office.word/files/aria/offlinestoragehigh.db
02-15 17:26:10.851 31179 31210 W System.err: stat failed: ENOENT (No such file or directory) : /data/user/0/com.microsoft.office.word/files/aria/offlinestoragenormal.db
02-15 17:26:10.851 31179 31210 W System.err: stat failed: ENOENT (No such file or directory) : /data/user/0/com.microsoft.office.word/files/aria/offlinestoragelow.db
02-15 17:26:12.811  6309  6330 D [ACT]:ao: processing priority = NORMAL
02-15 17:26:12.811  6309  6330 W System.err: stat failed: ENOENT (No such file or directory) : /data/user/0/com.microsoft.office.excel/files/aria/offlinestoragehigh.db
02-15 17:26:12.811  6309  6330 W System.err: stat failed: ENOENT (No such file or directory) : /data/user/0/com.microsoft.office.excel/files/aria/offlinestoragenormal.db
02-15 17:26:12.811  6309  6330 W System.err: stat failed: ENOENT (No such file or directory) : /data/user/0/com.microsoft.office.excel/files/aria/offlinestoragehigh.db
02-15 17:26:12.811  6309  6330 W System.err: stat failed: ENOENT (No such file or directory) : /data/user/0/com.microsoft.office.excel/files/aria/offlinestoragenormal.db
02-15 17:26:12.811  6309  6330 W System.err: stat failed: ENOENT (No such file or directory) : /data/user/0/com.microsoft.office.excel/files/aria/offlinestoragelow.db
02-15 17:26:12.821  6193  6207 D [ACT]:ao: processing priority = NORMAL
02-15 17:26:12.821  6193  6207 W System.err: stat failed: ENOENT (No such file or directory) : /data/user/0/com.microsoft.office.powerpoint/files/aria/offlinestoragehigh.db
02-15 17:26:12.821  6193  6207 W System.err: stat failed: ENOENT (No such file or directory) : /data/user/0/com.microsoft.office.powerpoint/files/aria/offlinestoragenormal.db
02-15 17:26:12.821  6193  6207 W System.err: stat failed: ENOENT (No such file or directory) : /data/user/0/com.microsoft.office.powerpoint/files/aria/offlinestoragehigh.db
02-15 17:26:12.821  6193  6207 W System.err: stat failed: ENOENT (No such file or directory) : /data/user/0/com.microsoft.office.powerpoint/files/aria/offlinestoragenormal.db
02-15 17:26:12.821  6193  6207 W System.err: stat failed: ENOENT (No such file or directory) : /data/user/0/com.microsoft.office.powerpoint/files/aria/offlinestoragelow.db
02-15 17:26:12.851 31179 31210 D [ACT]:ao: processing priority = NORMAL
02-15 17:26:12.851 31179 31210 W System.err: stat failed: ENOENT (No such file or directory) : /data/user/0/com.microsoft.office.word/files/aria/offlinestoragehigh.db
02-15 17:26:12.851 31179 31210 W System.err: stat failed: ENOENT (No such file or directory) : /data/user/0/com.microsoft.office.word/files/aria/offlinestoragenormal.db
02-15 17:26:12.851 31179 31210 W System.err: stat failed: ENOENT (No such file or directory) : /data/user/0/com.microsoft.office.word/files/aria/offlinestoragehigh.db
02-15 17:26:12.851 31179 31210 W System.err: stat failed: ENOENT (No such file or directory) : /data/user/0/com.microsoft.office.word/files/aria/offlinestoragenormal.db
02-15 17:26:12.851 31179 31210 W System.err: stat failed: ENOENT (No such file or directory) : /data/user/0/com.microsoft.office.word/files/aria/offlinestoragelow.db
02-15 17:26:14.811  6309  6330 D [ACT]:ao: processing priority = HIGH
02-15 17:26:14.821  6309  6330 W System.err: stat failed: ENOENT (No such file or directory) : /data/user/0/com.microsoft.office.excel/files/aria/offlinestoragehigh.db
02-15 17:26:14.821  6309  6330 W System.err: stat failed: ENOENT (No such file or directory) : /data/user/0/com.microsoft.office.excel/files/aria/offlinestoragehigh.db
02-15 17:26:14.821  6193  6207 D [ACT]:ao: processing priority = HIGH
02-15 17:26:14.821  6193  6207 W System.err: stat failed: ENOENT (No such file or directory) : /data/user/0/com.microsoft.office.powerpoint/files/aria/offlinestoragehigh.db
02-15 17:26:14.821  6193  6207 W System.err: stat failed: ENOENT (No such file or directory) : /data/user/0/com.microsoft.office.powerpoint/files/aria/offlinestoragehigh.db
02-15 17:26:14.821  6193  6207 W System.err: stat failed: ENOENT (No such file or directory) : /data/user/0/com.microsoft.office.powerpoint/files/aria/offlinestoragenormal.db
02-15 17:26:14.821  6309  6330 W System.err: stat failed: ENOENT (No such file or directory) : /data/user/0/com.microsoft.office.excel/files/aria/offlinestoragenormal.db
02-15 17:26:14.821  6193  6207 W System.err: stat failed: ENOENT (No such file or directory) : /data/user/0/com.microsoft.office.powerpoint/files/aria/offlinestoragelow.db
02-15 17:26:14.821  6309  6330 W System.err: stat failed: ENOENT (No such file or directory) : /data/user/0/com.microsoft.office.excel/files/aria/offlinestoragelow.db
02-15 17:26:14.851 31179 31210 D [ACT]:ao: processing priority = HIGH
02-15 17:26:14.851 31179 31210 W System.err: stat failed: ENOENT (No such file or directory) : /data/user/0/com.microsoft.office.word/files/aria/offlinestoragehigh.db
02-15 17:26:14.851 31179 31210 W System.err: stat failed: ENOENT (No such file or directory) : /data/user/0/com.microsoft.office.word/files/aria/offlinestoragehigh.db
02-15 17:26:14.851 31179 31210 W System.err: stat failed: ENOENT (No such file or directory) : /data/user/0/com.microsoft.office.word/files/aria/offlinestoragenormal.db
02-15 17:26:14.851 31179 31210 W System.err: stat failed: ENOENT (No such file or directory) : /data/user/0/com.microsoft.office.word/files/aria/offlinestoragelow.db
02-15 17:26:15.851  4042  4042 D KeyguardUpdateMonitor: received broadcast android.intent.action.BATTERY_CHANGED
02-15 17:26:15.851  4042  4042 D KeyguardUpdateMonitor: handleBatteryUpdate
02-15 17:26:15.871  3452  4083 D ApplicationPolicy: isStatusBarNotificationAllowedAsUser: packageName = com.android.systemui,userId = -1
02-15 17:26:15.911  4042  4042 D PhoneStatusBar: setAreThereNotifications: N=5 any=true clearable=true
02-15 17:26:16.811  6309  6330 D [ACT]:ao: processing priority = NORMAL
02-15 17:26:16.811  6309  6330 W System.err: stat failed: ENOENT (No such file or directory) : /data/user/0/com.microsoft.office.excel/files/aria/offlinestoragehigh.db
02-15 17:26:16.821  6309  6330 W System.err: stat failed: ENOENT (No such file or directory) : /data/user/0/com.microsoft.office.excel/files/aria/offlinestoragenormal.db
02-15 17:26:16.821  6309  6330 W System.err: stat failed: ENOENT (No such file or directory) : /data/user/0/com.microsoft.office.excel/files/aria/offlinestoragehigh.db
02-15 17:26:16.821  6309  6330 W System.err: stat failed: ENOENT (No such file or directory) : /data/user/0/com.microsoft.office.excel/files/aria/offlinestoragenormal.db
02-15 17:26:16.821  6309  6330 W System.err: stat failed: ENOENT (No such file or directory) : /data/user/0/com.microsoft.office.excel/files/aria/offlinestoragelow.db
02-15 17:26:16.821  6193  6207 D [ACT]:ao: processing priority = NORMAL
02-15 17:26:16.821  6193  6207 W System.err: stat failed: ENOENT (No such file or directory) : /data/user/0/com.microsoft.office.powerpoint/files/aria/offlinestoragehigh.db
02-15 17:26:16.821  6193  6207 W System.err: stat failed: ENOENT (No such file or directory) : /data/user/0/com.microsoft.office.powerpoint/files/aria/offlinestoragenormal.db
02-15 17:26:16.821  6193  6207 W System.err: stat failed: ENOENT (No such file or directory) : /data/user/0/com.microsoft.office.powerpoint/files/aria/offlinestoragehigh.db
02-15 17:26:16.821  6193  6207 W System.err: stat failed: ENOENT (No such file or directory) : /data/user/0/com.microsoft.office.powerpoint/files/aria/offlinestoragenormal.db
02-15 17:26:16.821  6193  6207 W System.err: stat failed: ENOENT (No such file or directory) : /data/user/0/com.microsoft.office.powerpoint/files/aria/offlinestoragelow.db
02-15 17:26:16.851 31179 31210 D [ACT]:ao: processing priority = NORMAL
02-15 17:26:16.851 31179 31210 W System.err: stat failed: ENOENT (No such file or directory) : /data/user/0/com.microsoft.office.word/files/aria/offlinestoragehigh.db
02-15 17:26:16.851 31179 31210 W System.err: stat failed: ENOENT (No such file or directory) : /data/user/0/com.microsoft.office.word/files/aria/offlinestoragenormal.db
02-15 17:26:16.851 31179 31210 W System.err: stat failed: ENOENT (No such file or directory) : /data/user/0/com.microsoft.office.word/files/aria/offlinestoragehigh.db
02-15 17:26:16.851 31179 31210 W System.err: stat failed: ENOENT (No such file or directory) : /data/user/0/com.microsoft.office.word/files/aria/offlinestoragenormal.db
02-15 17:26:16.851 31179 31210 W System.err: stat failed: ENOENT (No such file or directory) : /data/user/0/com.microsoft.office.word/files/aria/offlinestoragelow.db
02-15 17:26:18.811  6309  6330 D [ACT]:ao: processing priority = HIGH
02-15 17:26:18.821  6309  6330 W System.err: stat failed: ENOENT (No such file or directory) : /data/user/0/com.microsoft.office.excel/files/aria/offlinestoragehigh.db
02-15 17:26:18.821  6309  6330 W System.err: stat failed: ENOENT (No such file or directory) : /data/user/0/com.microsoft.office.excel/files/aria/offlinestoragehigh.db
02-15 17:26:18.821  6309  6330 W System.err: stat failed: ENOENT (No such file or directory) : /data/user/0/com.microsoft.office.excel/files/aria/offlinestoragenormal.db
02-15 17:26:18.821  6309  6330 W System.err: stat failed: ENOENT (No such file or directory) : /data/user/0/com.microsoft.office.excel/files/aria/offlinestoragelow.db
02-15 17:26:18.821  6193  6207 D [ACT]:ao: processing priority = HIGH
02-15 17:26:18.821  6193  6207 W System.err: stat failed: ENOENT (No such file or directory) : /data/user/0/com.microsoft.office.powerpoint/files/aria/offlinestoragehigh.db
02-15 17:26:18.821  6193  6207 W System.err: stat failed: ENOENT (No such file or directory) : /data/user/0/com.microsoft.office.powerpoint/files/aria/offlinestoragehigh.db
02-15 17:26:18.821  6193  6207 W System.err: stat failed: ENOENT (No such file or directory) : /data/user/0/com.microsoft.office.powerpoint/files/aria/offlinestoragenormal.db
02-15 17:26:18.821  6193  6207 W System.err: stat failed: ENOENT (No such file or directory) : /data/user/0/com.microsoft.office.powerpoint/files/aria/offlinestoragelow.db
02-15 17:26:18.851 31179 31210 D [ACT]:ao: processing priority = HIGH
02-15 17:26:18.851 31179 31210 W System.err: stat failed: ENOENT (No such file or directory) : /data/user/0/com.microsoft.office.word/files/aria/offlinestoragehigh.db
02-15 17:26:18.851 31179 31210 W System.err: stat failed: ENOENT (No such file or directory) : /data/user/0/com.microsoft.office.word/files/aria/offlinestoragehigh.db
02-15 17:26:18.851 31179 31210 W System.err: stat failed: ENOENT (No such file or directory) : /data/user/0/com.microsoft.office.word/files/aria/offlinestoragenormal.db
02-15 17:26:18.851 31179 31210 W System.err: stat failed: ENOENT (No such file or directory) : /data/user/0/com.microsoft.office.word/files/aria/offlinestoragelow.db
02-15 17:26:20.811  6309  6330 D [ACT]:ao: processing priority = LOW
02-15 17:26:20.811  6309  6330 W System.err: stat failed: ENOENT (No such file or directory) : /data/user/0/com.microsoft.office.excel/files/aria/offlinestoragehigh.db
02-15 17:26:20.821  6309  6330 W System.err: stat failed: ENOENT (No such file or directory) : /data/user/0/com.microsoft.office.excel/files/aria/offlinestoragenormal.db
02-15 17:26:20.821  6309  6330 W System.err: stat failed: ENOENT (No such file or directory) : /data/user/0/com.microsoft.office.excel/files/aria/offlinestoragelow.db
02-15 17:26:20.821  6309  6330 W System.err: stat failed: ENOENT (No such file or directory) : /data/user/0/com.microsoft.office.excel/files/aria/offlinestoragehigh.db
02-15 17:26:20.821  6309  6330 W System.err: stat failed: ENOENT (No such file or directory) : /data/user/0/com.microsoft.office.excel/files/aria/offlinestoragenormal.db
02-15 17:26:20.821  6193  6207 D [ACT]:ao: processing priority = LOW
02-15 17:26:20.821  6193  6207 W System.err: stat failed: ENOENT (No such file or directory) : /data/user/0/com.microsoft.office.powerpoint/files/aria/offlinestoragehigh.db
02-15 17:26:20.821  6309  6330 W System.err: stat failed: ENOENT (No such file or directory) : /data/user/0/com.microsoft.office.excel/files/aria/offlinestoragelow.db
02-15 17:26:20.821  6193  6207 W System.err: stat failed: ENOENT (No such file or directory) : /data/user/0/com.microsoft.office.powerpoint/files/aria/offlinestoragenormal.db
02-15 17:26:20.821  6193  6207 W System.err: stat failed: ENOENT (No such file or directory) : /data/user/0/com.microsoft.office.powerpoint/files/aria/offlinestoragelow.db
02-15 17:26:20.821  6193  6207 W System.err: stat failed: ENOENT (No such file or directory) : /data/user/0/com.microsoft.office.powerpoint/files/aria/offlinestoragehigh.db
02-15 17:26:20.821  6193  6207 W System.err: stat failed: ENOENT (No such file or directory) : /data/user/0/com.microsoft.office.powerpoint/files/aria/offlinestoragenormal.db
02-15 17:26:20.821  6193  6207 W System.err: stat failed: ENOENT (No such file or directory) : /data/user/0/com.microsoft.office.powerpoint/files/aria/offlinestoragelow.db
02-15 17:26:20.851 31179 31210 D [ACT]:ao: processing priority = LOW
02-15 17:26:20.851 31179 31210 W System.err: stat failed: ENOENT (No such file or directory) : /data/user/0/com.microsoft.office.word/files/aria/offlinestoragehigh.db
02-15 17:26:20.851 31179 31210 W System.err: stat failed: ENOENT (No such file or directory) : /data/user/0/com.microsoft.office.word/files/aria/offlinestoragenormal.db
02-15 17:26:20.851 31179 31210 W System.err: stat failed: ENOENT (No such file or directory) : /data/user/0/com.microsoft.office.word/files/aria/offlinestoragelow.db
02-15 17:26:20.851 31179 31210 W System.err: stat failed: ENOENT (No such file or directory) : /data/user/0/com.microsoft.office.word/files/aria/offlinestoragehigh.db
02-15 17:26:20.851 31179 31210 W System.err: stat failed: ENOENT (No such file or directory) : /data/user/0/com.microsoft.office.word/files/aria/offlinestoragenormal.db
02-15 17:26:20.851 31179 31210 W System.err: stat failed: ENOENT (No such file or directory) : /data/user/0/com.microsoft.office.word/files/aria/offlinestoragelow.db
02-15 17:26:22.811  6309  6330 D [ACT]:ao: processing priority = HIGH
02-15 17:26:22.811  6309  6330 W System.err: stat failed: ENOENT (No such file or directory) : /data/user/0/com.microsoft.office.excel/files/aria/offlinestoragehigh.db
02-15 17:26:22.811  6309  6330 W System.err: stat failed: ENOENT (No such file or directory) : /data/user/0/com.microsoft.office.excel/files/aria/offlinestoragehigh.db
02-15 17:26:22.811  6309  6330 W System.err: stat failed: ENOENT (No such file or directory) : /data/user/0/com.microsoft.office.excel/files/aria/offlinestoragenormal.db
02-15 17:26:22.811  6309  6330 W System.err: stat failed: ENOENT (No such file or directory) : /data/user/0/com.microsoft.office.excel/files/aria/offlinestoragelow.db
02-15 17:26:22.821  6193  6207 D [ACT]:ao: processing priority = HIGH
02-15 17:26:22.821  6193  6207 W System.err: stat failed: ENOENT (No such file or directory) : /data/user/0/com.microsoft.office.powerpoint/files/aria/offlinestoragehigh.db
02-15 17:26:22.821  6193  6207 W System.err: stat failed: ENOENT (No such file or directory) : /data/user/0/com.microsoft.office.powerpoint/files/aria/offlinestoragehigh.db
02-15 17:26:22.821  6193  6207 W System.err: stat failed: ENOENT (No such file or directory) : /data/user/0/com.microsoft.office.powerpoint/files/aria/offlinestoragenormal.db
02-15 17:26:22.821  6193  6207 W System.err: stat failed: ENOENT (No such file or directory) : /data/user/0/com.microsoft.office.powerpoint/files/aria/offlinestoragelow.db
02-15 17:26:22.851 31179 31210 D [ACT]:ao: processing priority = HIGH
02-15 17:26:22.851 31179 31210 W System.err: stat failed: ENOENT (No such file or directory) : /data/user/0/com.microsoft.office.word/files/aria/offlinestoragehigh.db
02-15 17:26:22.851 31179 31210 W System.err: stat failed: ENOENT (No such file or directory) : /data/user/0/com.microsoft.office.word/files/aria/offlinestoragehigh.db
02-15 17:26:22.851 31179 31210 W System.err: stat failed: ENOENT (No such file or directory) : /data/user/0/com.microsoft.office.word/files/aria/offlinestoragenormal.db
02-15 17:26:22.851 31179 31210 W System.err: stat failed: ENOENT (No such file or directory) : /data/user/0/com.microsoft.office.word/files/aria/offlinestoragelow.db
02-15 17:26:24.811  6309  6330 D [ACT]:ao: processing priority = NORMAL
02-15 17:26:24.811  6309  6330 W System.err: stat failed: ENOENT (No such file or directory) : /data/user/0/com.microsoft.office.excel/files/aria/offlinestoragehigh.db
02-15 17:26:24.811  6309  6330 W System.err: stat failed: ENOENT (No such file or directory) : /data/user/0/com.microsoft.office.excel/files/aria/offlinestoragenormal.db
02-15 17:26:24.811  6309  6330 W System.err: stat failed: ENOENT (No such file or directory) : /data/user/0/com.microsoft.office.excel/files/aria/offlinestoragehigh.db
02-15 17:26:24.811  6309  6330 W System.err: stat failed: ENOENT (No such file or directory) : /data/user/0/com.microsoft.office.excel/files/aria/offlinestoragenormal.db
02-15 17:26:24.811  6309  6330 W System.err: stat failed: ENOENT (No such file or directory) : /data/user/0/com.microsoft.office.excel/files/aria/offlinestoragelow.db
02-15 17:26:24.821  6193  6207 D [ACT]:ao: processing priority = NORMAL
02-15 17:26:24.821  6193  6207 W System.err: stat failed: ENOENT (No such file or directory) : /data/user/0/com.microsoft.office.powerpoint/files/aria/offlinestoragehigh.db
02-15 17:26:24.821  6193  6207 W System.err: stat failed: ENOENT (No such file or directory) : /data/user/0/com.microsoft.office.powerpoint/files/aria/offlinestoragenormal.db
02-15 17:26:24.821  6193  6207 W System.err: stat failed: ENOENT (No such file or directory) : /data/user/0/com.microsoft.office.powerpoint/files/aria/offlinestoragehigh.db
02-15 17:26:24.821  6193  6207 W System.err: stat failed: ENOENT (No such file or directory) : /data/user/0/com.microsoft.office.powerpoint/files/aria/offlinestoragenormal.db
02-15 17:26:24.821  6193  6207 W System.err: stat failed: ENOENT (No such file or directory) : /data/user/0/com.microsoft.office.powerpoint/files/aria/offlinestoragelow.db
02-15 17:26:24.851 31179 31210 D [ACT]:ao: processing priority = NORMAL
02-15 17:26:24.851 31179 31210 W System.err: stat failed: ENOENT (No such file or directory) : /data/user/0/com.microsoft.office.word/files/aria/offlinestoragehigh.db
02-15 17:26:24.851 31179 31210 W System.err: stat failed: ENOENT (No such file or directory) : /data/user/0/com.microsoft.office.word/files/aria/offlinestoragenormal.db
02-15 17:26:24.851 31179 31210 W System.err: stat failed: ENOENT (No such file or directory) : /data/user/0/com.microsoft.office.word/files/aria/offlinestoragehigh.db
02-15 17:26:24.851 31179 31210 W System.err: stat failed: ENOENT (No such file or directory) : /data/user/0/com.microsoft.office.word/files/aria/offlinestoragenormal.db
02-15 17:26:24.851 31179 31210 W System.err: stat failed: ENOENT (No such file or directory) : /data/user/0/com.microsoft.office.word/files/aria/offlinestoragelow.db
02-15 17:26:25.891  4042  4042 D KeyguardUpdateMonitor: received broadcast android.intent.action.BATTERY_CHANGED
02-15 17:26:25.891  4042  4042 D KeyguardUpdateMonitor: handleBatteryUpdate
02-15 17:26:26.811  6309  6330 D [ACT]:ao: processing priority = HIGH
02-15 17:26:26.811  6309  6330 W System.err: stat failed: ENOENT (No such file or directory) : /data/user/0/com.microsoft.office.excel/files/aria/offlinestoragehigh.db
02-15 17:26:26.811  6309  6330 W System.err: stat failed: ENOENT (No such file or directory) : /data/user/0/com.microsoft.office.excel/files/aria/offlinestoragehigh.db
02-15 17:26:26.821  6309  6330 W System.err: stat failed: ENOENT (No such file or directory) : /data/user/0/com.microsoft.office.excel/files/aria/offlinestoragenormal.db
02-15 17:26:26.821  6309  6330 W System.err: stat failed: ENOENT (No such file or directory) : /data/user/0/com.microsoft.office.excel/files/aria/offlinestoragelow.db
02-15 17:26:26.821  6193  6207 D [ACT]:ao: processing priority = HIGH
02-15 17:26:26.821  6193  6207 W System.err: stat failed: ENOENT (No such file or directory) : /data/user/0/com.microsoft.office.powerpoint/files/aria/offlinestoragehigh.db
02-15 17:26:26.821  6193  6207 W System.err: stat failed: ENOENT (No such file or directory) : /data/user/0/com.microsoft.office.powerpoint/files/aria/offlinestoragehigh.db
02-15 17:26:26.821  6193  6207 W System.err: stat failed: ENOENT (No such file or directory) : /data/user/0/com.microsoft.office.powerpoint/files/aria/offlinestoragenormal.db
02-15 17:26:26.821  6193  6207 W System.err: stat failed: ENOENT (No such file or directory) : /data/user/0/com.microsoft.office.powerpoint/files/aria/offlinestoragelow.db
02-15 17:26:26.851 31179 31210 D [ACT]:ao: processing priority = HIGH
02-15 17:26:26.851 31179 31210 W System.err: stat failed: ENOENT (No such file or directory) : /data/user/0/com.microsoft.office.word/files/aria/offlinestoragehigh.db
02-15 17:26:26.851 31179 31210 W System.err: stat failed: ENOENT (No such file or directory) : /data/user/0/com.microsoft.office.word/files/aria/offlinestoragehigh.db
02-15 17:26:26.851 31179 31210 W System.err: stat failed: ENOENT (No such file or directory) : /data/user/0/com.microsoft.office.word/files/aria/offlinestoragenormal.db
02-15 17:26:26.851 31179 31210 W System.err: stat failed: ENOENT (No such file or directory) : /data/user/0/com.microsoft.office.word/files/aria/offlinestoragelow.db
02-15 17:26:28.811  6309  6330 D [ACT]:ao: processing priority = NORMAL
02-15 17:26:28.811  6309  6330 W System.err: stat failed: ENOENT (No such file or directory) : /data/user/0/com.microsoft.office.excel/files/aria/offlinestoragehigh.db
02-15 17:26:28.821  6309  6330 W System.err: stat failed: ENOENT (No such file or directory) : /data/user/0/com.microsoft.office.excel/files/aria/offlinestoragenormal.db
02-15 17:26:28.821  6309  6330 W System.err: stat failed: ENOENT (No such file or directory) : /data/user/0/com.microsoft.office.excel/files/aria/offlinestoragehigh.db
02-15 17:26:28.821  6309  6330 W System.err: stat failed: ENOENT (No such file or directory) : /data/user/0/com.microsoft.office.excel/files/aria/offlinestoragenormal.db
02-15 17:26:28.821  6309  6330 W System.err: stat failed: ENOENT (No such file or directory) : /data/user/0/com.microsoft.office.excel/files/aria/offlinestoragelow.db
02-15 17:26:28.821  6193  6207 D [ACT]:ao: processing priority = NORMAL
02-15 17:26:28.821  6193  6207 W System.err: stat failed: ENOENT (No such file or directory) : /data/user/0/com.microsoft.office.powerpoint/files/aria/offlinestoragehigh.db
02-15 17:26:28.821  6193  6207 W System.err: stat failed: ENOENT (No such file or directory) : /data/user/0/com.microsoft.office.powerpoint/files/aria/offlinestoragenormal.db
02-15 17:26:28.821  6193  6207 W System.err: stat failed: ENOENT (No such file or directory) : /data/user/0/com.microsoft.office.powerpoint/files/aria/offlinestoragehigh.db
02-15 17:26:28.821  6193  6207 W System.err: stat failed: ENOENT (No such file or directory) : /data/user/0/com.microsoft.office.powerpoint/files/aria/offlinestoragenormal.db
02-15 17:26:28.821  6193  6207 W System.err: stat failed: ENOENT (No such file or directory) : /data/user/0/com.microsoft.office.powerpoint/files/aria/offlinestoragelow.db
02-15 17:26:28.851 31179 31210 D [ACT]:ao: processing priority = NORMAL
02-15 17:26:28.851 31179 31210 W System.err: stat failed: ENOENT (No such file or directory) : /data/user/0/com.microsoft.office.word/files/aria/offlinestoragehigh.db
02-15 17:26:28.851 31179 31210 W System.err: stat failed: ENOENT (No such file or directory) : /data/user/0/com.microsoft.office.word/files/aria/offlinestoragenormal.db
02-15 17:26:28.851 31179 31210 W System.err: stat failed: ENOENT (No such file or directory) : /data/user/0/com.microsoft.office.word/files/aria/offlinestoragehigh.db
02-15 17:26:28.851 31179 31210 W System.err: stat failed: ENOENT (No such file or directory) : /data/user/0/com.microsoft.office.word/files/aria/offlinestoragenormal.db
02-15 17:26:28.851 31179 31210 W System.err: stat failed: ENOENT (No such file or directory) : /data/user/0/com.microsoft.office.word/files/aria/offlinestoragelow.db
02-15 17:26:30.811  6309  6330 D [ACT]:ao: processing priority = HIGH
02-15 17:26:30.811  6309  6330 W System.err: stat failed: ENOENT (No such file or directory) : /data/user/0/com.microsoft.office.excel/files/aria/offlinestoragehigh.db
02-15 17:26:30.811  6309  6330 W System.err: stat failed: ENOENT (No such file or directory) : /data/user/0/com.microsoft.office.excel/files/aria/offlinestoragehigh.db
02-15 17:26:30.821  6309  6330 W System.err: stat failed: ENOENT (No such file or directory) : /data/user/0/com.microsoft.office.excel/files/aria/offlinestoragenormal.db
02-15 17:26:30.821  6309  6330 W System.err: stat failed: ENOENT (No such file or directory) : /data/user/0/com.microsoft.office.excel/files/aria/offlinestoragelow.db
02-15 17:26:30.821  6193  6207 D [ACT]:ao: processing priority = HIGH
02-15 17:26:30.821  6193  6207 W System.err: stat failed: ENOENT (No such file or directory) : /data/user/0/com.microsoft.office.powerpoint/files/aria/offlinestoragehigh.db
02-15 17:26:30.821  6193  6207 W System.err: stat failed: ENOENT (No such file or directory) : /data/user/0/com.microsoft.office.powerpoint/files/aria/offlinestoragehigh.db
02-15 17:26:30.821  6193  6207 W System.err: stat failed: ENOENT (No such file or directory) : /data/user/0/com.microsoft.office.powerpoint/files/aria/offlinestoragenormal.db
02-15 17:26:30.821  6193  6207 W System.err: stat failed: ENOENT (No such file or directory) : /data/user/0/com.microsoft.office.powerpoint/files/aria/offlinestoragelow.db
02-15 17:26:30.851 31179 31210 D [ACT]:ao: processing priority = HIGH
02-15 17:26:30.851 31179 31210 W System.err: stat failed: ENOENT (No such file or directory) : /data/user/0/com.microsoft.office.word/files/aria/offlinestoragehigh.db
02-15 17:26:30.851 31179 31210 W System.err: stat failed: ENOENT (No such file or directory) : /data/user/0/com.microsoft.office.word/files/aria/offlinestoragehigh.db
02-15 17:26:30.851 31179 31210 W System.err: stat failed: ENOENT (No such file or directory) : /data/user/0/com.microsoft.office.word/files/aria/offlinestoragenormal.db
02-15 17:26:30.851 31179 31210 W System.err: stat failed: ENOENT (No such file or directory) : /data/user/0/com.microsoft.office.word/files/aria/offlinestoragelow.db
02-15 17:26:32.141 31179 31217 I Quasar  : start to send events
02-15 17:26:32.811  6309  6330 D [ACT]:ao: processing priority = NORMAL
02-15 17:26:32.811  6309  6330 W System.err: stat failed: ENOENT (No such file or directory) : /data/user/0/com.microsoft.office.excel/files/aria/offlinestoragehigh.db
02-15 17:26:32.821  6309  6330 W System.err: stat failed: ENOENT (No such file or directory) : /data/user/0/com.microsoft.office.excel/files/aria/offlinestoragenormal.db
02-15 17:26:32.821  6309  6330 W System.err: stat failed: ENOENT (No such file or directory) : /data/user/0/com.microsoft.office.excel/files/aria/offlinestoragehigh.db
02-15 17:26:32.821  6309  6330 W System.err: stat failed: ENOENT (No such file or directory) : /data/user/0/com.microsoft.office.excel/files/aria/offlinestoragenormal.db
02-15 17:26:32.821  6309  6330 W System.err: stat failed: ENOENT (No such file or directory) : /data/user/0/com.microsoft.office.excel/files/aria/offlinestoragelow.db
02-15 17:26:32.821  6193  6207 D [ACT]:ao: processing priority = NORMAL
02-15 17:26:32.821  6193  6207 W System.err: stat failed: ENOENT (No such file or directory) : /data/user/0/com.microsoft.office.powerpoint/files/aria/offlinestoragehigh.db
02-15 17:26:32.821  6193  6207 W System.err: stat failed: ENOENT (No such file or directory) : /data/user/0/com.microsoft.office.powerpoint/files/aria/offlinestoragenormal.db
02-15 17:26:32.821  6193  6207 W System.err: stat failed: ENOENT (No such file or directory) : /data/user/0/com.microsoft.office.powerpoint/files/aria/offlinestoragehigh.db
02-15 17:26:32.821  6193  6207 W System.err: stat failed: ENOENT (No such file or directory) : /data/user/0/com.microsoft.office.powerpoint/files/aria/offlinestoragenormal.db
02-15 17:26:32.821  6193  6207 W System.err: stat failed: ENOENT (No such file or directory) : /data/user/0/com.microsoft.office.powerpoint/files/aria/offlinestoragelow.db
02-15 17:26:32.851 31179 31210 D [ACT]:ao: processing priority = NORMAL
02-15 17:26:32.851 31179 31210 W System.err: stat failed: ENOENT (No such file or directory) : /data/user/0/com.microsoft.office.word/files/aria/offlinestoragehigh.db
02-15 17:26:32.851 31179 31210 W System.err: stat failed: ENOENT (No such file or directory) : /data/user/0/com.microsoft.office.word/files/aria/offlinestoragenormal.db
02-15 17:26:32.851 31179 31210 W System.err: stat failed: ENOENT (No such file or directory) : /data/user/0/com.microsoft.office.word/files/aria/offlinestoragehigh.db
02-15 17:26:32.851 31179 31210 W System.err: stat failed: ENOENT (No such file or directory) : /data/user/0/com.microsoft.office.word/files/aria/offlinestoragenormal.db
02-15 17:26:32.851 31179 31210 W System.err: stat failed: ENOENT (No such file or directory) : /data/user/0/com.microsoft.office.word/files/aria/offlinestoragelow.db
02-15 17:26:33.671  4298  4355 D ContactsProvider_EventLog: contents_sample_state: [ contacts(0) data(0) accounts({}) accounts deleted({}) calls([])  ]
02-15 17:26:33.671  4298  4355 D ContactsProvider_EventLog: contents_sample_state: [ agr({})  ]
02-15 17:26:33.841  4298  4355 E ContactsProvider_EventLog: Flush buffer to file cnt : 9 size : 2Kb duration : 165ms lastUpdatedAfter : 60123 ms mFlush_time_threasold : 2000 mCurrentSize : 1512
02-15 17:26:34.811  6309  6330 D [ACT]:ao: processing priority = HIGH
02-15 17:26:34.811  6309  6330 W System.err: stat failed: ENOENT (No such file or directory) : /data/user/0/com.microsoft.office.excel/files/aria/offlinestoragehigh.db
02-15 17:26:34.821  6309  6330 W System.err: stat failed: ENOENT (No such file or directory) : /data/user/0/com.microsoft.office.excel/files/aria/offlinestoragehigh.db
02-15 17:26:34.821  6193  6207 D [ACT]:ao: processing priority = HIGH
02-15 17:26:34.821  6193  6207 W System.err: stat failed: ENOENT (No such file or directory) : /data/user/0/com.microsoft.office.powerpoint/files/aria/offlinestoragehigh.db
02-15 17:26:34.821  6309  6330 W System.err: stat failed: ENOENT (No such file or directory) : /data/user/0/com.microsoft.office.excel/files/aria/offlinestoragenormal.db
02-15 17:26:34.821  6193  6207 W System.err: stat failed: ENOENT (No such file or directory) : /data/user/0/com.microsoft.office.powerpoint/files/aria/offlinestoragehigh.db
02-15 17:26:34.821  6193  6207 W System.err: stat failed: ENOENT (No such file or directory) : /data/user/0/com.microsoft.office.powerpoint/files/aria/offlinestoragenormal.db
02-15 17:26:34.821  6193  6207 W System.err: stat failed: ENOENT (No such file or directory) : /data/user/0/com.microsoft.office.powerpoint/files/aria/offlinestoragelow.db
02-15 17:26:34.821  6309  6330 W System.err: stat failed: ENOENT (No such file or directory) : /data/user/0/com.microsoft.office.excel/files/aria/offlinestoragelow.db
02-15 17:26:34.851 31179 31210 D [ACT]:ao: processing priority = HIGH
02-15 17:26:34.851 31179 31210 W System.err: stat failed: ENOENT (No such file or directory) : /data/user/0/com.microsoft.office.word/files/aria/offlinestoragehigh.db
02-15 17:26:34.851 31179 31210 W System.err: stat failed: ENOENT (No such file or directory) : /data/user/0/com.microsoft.office.word/files/aria/offlinestoragehigh.db
02-15 17:26:34.851 31179 31210 W System.err: stat failed: ENOENT (No such file or directory) : /data/user/0/com.microsoft.office.word/files/aria/offlinestoragenormal.db
02-15 17:26:34.851 31179 31210 W System.err: stat failed: ENOENT (No such file or directory) : /data/user/0/com.microsoft.office.word/files/aria/offlinestoragelow.db
02-15 17:26:35.971  4042  4042 D KeyguardUpdateMonitor: received broadcast android.intent.action.BATTERY_CHANGED
02-15 17:26:35.971  4042  4042 D KeyguardUpdateMonitor: handleBatteryUpdate
02-15 17:26:36.811  6309  6330 D [ACT]:ao: processing priority = LOW
02-15 17:26:36.811  6309  6330 W System.err: stat failed: ENOENT (No such file or directory) : /data/user/0/com.microsoft.office.excel/files/aria/offlinestoragehigh.db
02-15 17:26:36.811  6309  6330 W System.err: stat failed: ENOENT (No such file or directory) : /data/user/0/com.microsoft.office.excel/files/aria/offlinestoragenormal.db
02-15 17:26:36.811  6309  6330 W System.err: stat failed: ENOENT (No such file or directory) : /data/user/0/com.microsoft.office.excel/files/aria/offlinestoragelow.db
02-15 17:26:36.821  6309  6330 W System.err: stat failed: ENOENT (No such file or directory) : /data/user/0/com.microsoft.office.excel/files/aria/offlinestoragehigh.db
02-15 17:26:36.821  6309  6330 W System.err: stat failed: ENOENT (No such file or directory) : /data/user/0/com.microsoft.office.excel/files/aria/offlinestoragenormal.db
02-15 17:26:36.821  6309  6330 W System.err: stat failed: ENOENT (No such file or directory) : /data/user/0/com.microsoft.office.excel/files/aria/offlinestoragelow.db
02-15 17:26:36.821  6193  6207 D [ACT]:ao: processing priority = LOW
02-15 17:26:36.821  6193  6207 W System.err: stat failed: ENOENT (No such file or directory) : /data/user/0/com.microsoft.office.powerpoint/files/aria/offlinestoragehigh.db
02-15 17:26:36.821  6193  6207 W System.err: stat failed: ENOENT (No such file or directory) : /data/user/0/com.microsoft.office.powerpoint/files/aria/offlinestoragenormal.db
02-15 17:26:36.821  6193  6207 W System.err: stat failed: ENOENT (No such file or directory) : /data/user/0/com.microsoft.office.powerpoint/files/aria/offlinestoragelow.db
02-15 17:26:36.821  6193  6207 W System.err: stat failed: ENOENT (No such file or directory) : /data/user/0/com.microsoft.office.powerpoint/files/aria/offlinestoragehigh.db
02-15 17:26:36.821  6193  6207 W System.err: stat failed: ENOENT (No such file or directory) : /data/user/0/com.microsoft.office.powerpoint/files/aria/offlinestoragenormal.db
02-15 17:26:36.821  6193  6207 W System.err: stat failed: ENOENT (No such file or directory) : /data/user/0/com.microsoft.office.powerpoint/files/aria/offlinestoragelow.db
02-15 17:26:36.851 31179 31210 D [ACT]:ao: processing priority = LOW
02-15 17:26:36.851 31179 31210 W System.err: stat failed: ENOENT (No such file or directory) : /data/user/0/com.microsoft.office.word/files/aria/offlinestoragehigh.db
02-15 17:26:36.851 31179 31210 W System.err: stat failed: ENOENT (No such file or directory) : /data/user/0/com.microsoft.office.word/files/aria/offlinestoragenormal.db
02-15 17:26:36.851 31179 31210 W System.err: stat failed: ENOENT (No such file or directory) : /data/user/0/com.microsoft.office.word/files/aria/offlinestoragelow.db
02-15 17:26:36.851 31179 31210 W System.err: stat failed: ENOENT (No such file or directory) : /data/user/0/com.microsoft.office.word/files/aria/offlinestoragehigh.db
02-15 17:26:36.851 31179 31210 W System.err: stat failed: ENOENT (No such file or directory) : /data/user/0/com.microsoft.office.word/files/aria/offlinestoragenormal.db
02-15 17:26:36.851 31179 31210 W System.err: stat failed: ENOENT (No such file or directory) : /data/user/0/com.microsoft.office.word/files/aria/offlinestoragelow.db
02-15 17:26:38.001 17913 17919 W art     : Suspending all threads took: 32.971ms
02-15 17:26:38.811  6309  6330 D [ACT]:ao: processing priority = HIGH
02-15 17:26:38.811  6309  6330 W System.err: stat failed: ENOENT (No such file or directory) : /data/user/0/com.microsoft.office.excel/files/aria/offlinestoragehigh.db
02-15 17:26:38.821  6309  6330 W System.err: stat failed: ENOENT (No such file or directory) : /data/user/0/com.microsoft.office.excel/files/aria/offlinestoragehigh.db
02-15 17:26:38.821  6309  6330 W System.err: stat failed: ENOENT (No such file or directory) : /data/user/0/com.microsoft.office.excel/files/aria/offlinestoragenormal.db
02-15 17:26:38.821  6309  6330 W System.err: stat failed: ENOENT (No such file or directory) : /data/user/0/com.microsoft.office.excel/files/aria/offlinestoragelow.db
02-15 17:26:38.821  6193  6207 D [ACT]:ao: processing priority = HIGH
02-15 17:26:38.821  6193  6207 W System.err: stat failed: ENOENT (No such file or directory) : /data/user/0/com.microsoft.office.powerpoint/files/aria/offlinestoragehigh.db
02-15 17:26:38.821  6193  6207 W System.err: stat failed: ENOENT (No such file or directory) : /data/user/0/com.microsoft.office.powerpoint/files/aria/offlinestoragehigh.db
02-15 17:26:38.821  6193  6207 W System.err: stat failed: ENOENT (No such file or directory) : /data/user/0/com.microsoft.office.powerpoint/files/aria/offlinestoragenormal.db
02-15 17:26:38.821  6193  6207 W System.err: stat failed: ENOENT (No such file or directory) : /data/user/0/com.microsoft.office.powerpoint/files/aria/offlinestoragelow.db
02-15 17:26:38.851 31179 31210 D [ACT]:ao: processing priority = HIGH
02-15 17:26:38.851 31179 31210 W System.err: stat failed: ENOENT (No such file or directory) : /data/user/0/com.microsoft.office.word/files/aria/offlinestoragehigh.db
02-15 17:26:38.851 31179 31210 W System.err: stat failed: ENOENT (No such file or directory) : /data/user/0/com.microsoft.office.word/files/aria/offlinestoragehigh.db
02-15 17:26:38.851 31179 31210 W System.err: stat failed: ENOENT (No such file or directory) : /data/user/0/com.microsoft.office.word/files/aria/offlinestoragenormal.db
02-15 17:26:38.851 31179 31210 W System.err: stat failed: ENOENT (No such file or directory) : /data/user/0/com.microsoft.office.word/files/aria/offlinestoragelow.db
02-15 17:26:40.811  6309  6330 D [ACT]:ao: processing priority = NORMAL
02-15 17:26:40.821  6309  6330 W System.err: stat failed: ENOENT (No such file or directory) : /data/user/0/com.microsoft.office.excel/files/aria/offlinestoragehigh.db
02-15 17:26:40.821  6193  6207 D [ACT]:ao: processing priority = NORMAL
02-15 17:26:40.821  6193  6207 W System.err: stat failed: ENOENT (No such file or directory) : /data/user/0/com.microsoft.office.powerpoint/files/aria/offlinestoragehigh.db
02-15 17:26:40.821  6193  6207 W System.err: stat failed: ENOENT (No such file or directory) : /data/user/0/com.microsoft.office.powerpoint/files/aria/offlinestoragenormal.db
02-15 17:26:40.821  6193  6207 W System.err: stat failed: ENOENT (No such file or directory) : /data/user/0/com.microsoft.office.powerpoint/files/aria/offlinestoragehigh.db
02-15 17:26:40.821  6193  6207 W System.err: stat failed: ENOENT (No such file or directory) : /data/user/0/com.microsoft.office.powerpoint/files/aria/offlinestoragenormal.db
02-15 17:26:40.821  6309  6330 W System.err: stat failed: ENOENT (No such file or directory) : /data/user/0/com.microsoft.office.excel/files/aria/offlinestoragenormal.db
02-15 17:26:40.821  6309  6330 W System.err: stat failed: ENOENT (No such file or directory) : /data/user/0/com.microsoft.office.excel/files/aria/offlinestoragehigh.db
02-15 17:26:40.821  6193  6207 W System.err: stat failed: ENOENT (No such file or directory) : /data/user/0/com.microsoft.office.powerpoint/files/aria/offlinestoragelow.db
02-15 17:26:40.821  6309  6330 W System.err: stat failed: ENOENT (No such file or directory) : /data/user/0/com.microsoft.office.excel/files/aria/offlinestoragenormal.db
02-15 17:26:40.821  6309  6330 W System.err: stat failed: ENOENT (No such file or directory) : /data/user/0/com.microsoft.office.excel/files/aria/offlinestoragelow.db
02-15 17:26:40.851 31179 31210 D [ACT]:ao: processing priority = NORMAL
02-15 17:26:40.851 31179 31210 W System.err: stat failed: ENOENT (No such file or directory) : /data/user/0/com.microsoft.office.word/files/aria/offlinestoragehigh.db
02-15 17:26:40.851 31179 31210 W System.err: stat failed: ENOENT (No such file or directory) : /data/user/0/com.microsoft.office.word/files/aria/offlinestoragenormal.db
02-15 17:26:40.851 31179 31210 W System.err: stat failed: ENOENT (No such file or directory) : /data/user/0/com.microsoft.office.word/files/aria/offlinestoragehigh.db
02-15 17:26:40.851 31179 31210 W System.err: stat failed: ENOENT (No such file or directory) : /data/user/0/com.microsoft.office.word/files/aria/offlinestoragenormal.db
02-15 17:26:40.851 31179 31210 W System.err: stat failed: ENOENT (No such file or directory) : /data/user/0/com.microsoft.office.word/files/aria/offlinestoragelow.db
02-15 17:26:42.811  6309  6330 D [ACT]:ao: processing priority = HIGH
02-15 17:26:42.811  6309  6330 W System.err: stat failed: ENOENT (No such file or directory) : /data/user/0/com.microsoft.office.excel/files/aria/offlinestoragehigh.db
02-15 17:26:42.811  6309  6330 W System.err: stat failed: ENOENT (No such file or directory) : /data/user/0/com.microsoft.office.excel/files/aria/offlinestoragehigh.db
02-15 17:26:42.811  6309  6330 W System.err: stat failed: ENOENT (No such file or directory) : /data/user/0/com.microsoft.office.excel/files/aria/offlinestoragenormal.db
02-15 17:26:42.811  6309  6330 W System.err: stat failed: ENOENT (No such file or directory) : /data/user/0/com.microsoft.office.excel/files/aria/offlinestoragelow.db
02-15 17:26:42.821  6193  6207 D [ACT]:ao: processing priority = HIGH
02-15 17:26:42.821  6193  6207 W System.err: stat failed: ENOENT (No such file or directory) : /data/user/0/com.microsoft.office.powerpoint/files/aria/offlinestoragehigh.db
02-15 17:26:42.821  6193  6207 W System.err: stat failed: ENOENT (No such file or directory) : /data/user/0/com.microsoft.office.powerpoint/files/aria/offlinestoragehigh.db
02-15 17:26:42.821  6193  6207 W System.err: stat failed: ENOENT (No such file or directory) : /data/user/0/com.microsoft.office.powerpoint/files/aria/offlinestoragenormal.db
02-15 17:26:42.821  6193  6207 W System.err: stat failed: ENOENT (No such file or directory) : /data/user/0/com.microsoft.office.powerpoint/files/aria/offlinestoragelow.db
02-15 17:26:42.851 31179 31210 D [ACT]:ao: processing priority = HIGH
02-15 17:26:42.851 31179 31210 W System.err: stat failed: ENOENT (No such file or directory) : /data/user/0/com.microsoft.office.word/files/aria/offlinestoragehigh.db
02-15 17:26:42.851 31179 31210 W System.err: stat failed: ENOENT (No such file or directory) : /data/user/0/com.microsoft.office.word/files/aria/offlinestoragehigh.db
02-15 17:26:42.851 31179 31210 W System.err: stat failed: ENOENT (No such file or directory) : /data/user/0/com.microsoft.office.word/files/aria/offlinestoragenormal.db
02-15 17:26:42.851 31179 31210 W System.err: stat failed: ENOENT (No such file or directory) : /data/user/0/com.microsoft.office.word/files/aria/offlinestoragelow.db
02-15 17:26:44.811  6309  6330 D [ACT]:ao: processing priority = NORMAL
02-15 17:26:44.811  6309  6330 W System.err: stat failed: ENOENT (No such file or directory) : /data/user/0/com.microsoft.office.excel/files/aria/offlinestoragehigh.db
02-15 17:26:44.811  6309  6330 W System.err: stat failed: ENOENT (No such file or directory) : /data/user/0/com.microsoft.office.excel/files/aria/offlinestoragenormal.db
02-15 17:26:44.821  6309  6330 W System.err: stat failed: ENOENT (No such file or directory) : /data/user/0/com.microsoft.office.excel/files/aria/offlinestoragehigh.db
02-15 17:26:44.821  6193  6207 D [ACT]:ao: processing priority = NORMAL
02-15 17:26:44.821  6309  6330 W System.err: stat failed: ENOENT (No such file or directory) : /data/user/0/com.microsoft.office.excel/files/aria/offlinestoragenormal.db
02-15 17:26:44.821  6309  6330 W System.err: stat failed: ENOENT (No such file or directory) : /data/user/0/com.microsoft.office.excel/files/aria/offlinestoragelow.db
